###############################################################################
#
# IAR ELF Linker V9.70.1.475/W64 for ARM                  27/Mar/2026  13:14:57
# Copyright 2007-2025 IAR Systems AB.
#
#    Output file  =
#        C:\Users\bernard6\OneDrive -
#        STMicroelectronics\Documents\street_lighting_fw_europe_distributech\ST87_G071_SL_V008b\EWARM\ST87_G071xB_SL\Exe\ST87_G071_SL.out
#    Map file     =
#        C:\Users\bernard6\OneDrive -
#        STMicroelectronics\Documents\street_lighting_fw_europe_distributech\ST87_G071_SL_V008b\EWARM\ST87_G071xB_SL\List\ST87_G071_SL.map
#    Command line =
#        -f "C:\Users\bernard6\OneDrive -
#        STMicroelectronics\Documents\street_lighting_fw_europe_distributech\ST87_G071_SL_V008b\EWARM\ST87_G071xB_SL\Exe\ST87_G071_SL.out.rsp"
#        ("C:\Users\bernard6\OneDrive -
#        STMicroelectronics\Documents\street_lighting_fw_europe_distributech\ST87_G071_SL_V008b\EWARM\ST87_G071xB_SL\Obj\Core_13247989168731456611.dir\app_freertos.o"
#        "C:\Users\bernard6\OneDrive -
#        STMicroelectronics\Documents\street_lighting_fw_europe_distributech\ST87_G071_SL_V008b\EWARM\ST87_G071xB_SL\Obj\m2m_modem_2353766246464904183.dir\app_modem_read.o"
#        "C:\Users\bernard6\OneDrive -
#        STMicroelectronics\Documents\street_lighting_fw_europe_distributech\ST87_G071_SL_V008b\EWARM\ST87_G071xB_SL\Obj\Apps_139222153124407364.dir\cloud_module.o"
#        "C:\Users\bernard6\OneDrive -
#        STMicroelectronics\Documents\street_lighting_fw_europe_distributech\ST87_G071_SL_V008b\EWARM\ST87_G071xB_SL\Obj\FreeRTOS_4809373609813369194.dir\cmsis_os2.o"
#        "C:\Users\bernard6\OneDrive -
#        STMicroelectronics\Documents\street_lighting_fw_europe_distributech\ST87_G071_SL_V008b\EWARM\ST87_G071xB_SL\Obj\Apps_139222153124407364.dir\crc.o"
#        "C:\Users\bernard6\OneDrive -
#        STMicroelectronics\Documents\street_lighting_fw_europe_distributech\ST87_G071_SL_V008b\EWARM\ST87_G071xB_SL\Obj\FreeRTOS_4809373609813369194.dir\croutine.o"
#        "C:\Users\bernard6\OneDrive -
#        STMicroelectronics\Documents\street_lighting_fw_europe_distributech\ST87_G071_SL_V008b\EWARM\ST87_G071xB_SL\Obj\FreeRTOS_4809373609813369194.dir\event_groups.o"
#        "C:\Users\bernard6\OneDrive -
#        STMicroelectronics\Documents\street_lighting_fw_europe_distributech\ST87_G071_SL_V008b\EWARM\ST87_G071xB_SL\Obj\FreeRTOS_4809373609813369194.dir\heap_4.o"
#        "C:\Users\bernard6\OneDrive -
#        STMicroelectronics\Documents\street_lighting_fw_europe_distributech\ST87_G071_SL_V008b\EWARM\ST87_G071xB_SL\Obj\BSP_16987466797925798938.dir\lis2du12_reg.o"
#        "C:\Users\bernard6\OneDrive -
#        STMicroelectronics\Documents\street_lighting_fw_europe_distributech\ST87_G071_SL_V008b\EWARM\ST87_G071xB_SL\Obj\BSP_16987466797925798938.dir\lis2dux12_reg.o"
#        "C:\Users\bernard6\OneDrive -
#        STMicroelectronics\Documents\street_lighting_fw_europe_distributech\ST87_G071_SL_V008b\EWARM\ST87_G071xB_SL\Obj\BSP_16987466797925798938.dir\lis2dw12_reg.o"
#        "C:\Users\bernard6\OneDrive -
#        STMicroelectronics\Documents\street_lighting_fw_europe_distributech\ST87_G071_SL_V008b\EWARM\ST87_G071xB_SL\Obj\FreeRTOS_4809373609813369194.dir\list.o"
#        "C:\Users\bernard6\OneDrive -
#        STMicroelectronics\Documents\street_lighting_fw_europe_distributech\ST87_G071_SL_V008b\EWARM\ST87_G071xB_SL\Obj\Apps_139222153124407364.dir\m2m_modem.o"
#        "C:\Users\bernard6\OneDrive -
#        STMicroelectronics\Documents\street_lighting_fw_europe_distributech\ST87_G071_SL_V008b\EWARM\ST87_G071xB_SL\Obj\Core_13247989168731456611.dir\main.o"
#        "C:\Users\bernard6\OneDrive -
#        STMicroelectronics\Documents\street_lighting_fw_europe_distributech\ST87_G071_SL_V008b\EWARM\ST87_G071xB_SL\Obj\Apps_139222153124407364.dir\mem_pool.o"
#        "C:\Users\bernard6\OneDrive -
#        STMicroelectronics\Documents\street_lighting_fw_europe_distributech\ST87_G071_SL_V008b\EWARM\ST87_G071xB_SL\Obj\Apps_139222153124407364.dir\metro_hif.o"
#        "C:\Users\bernard6\OneDrive -
#        STMicroelectronics\Documents\street_lighting_fw_europe_distributech\ST87_G071_SL_V008b\EWARM\ST87_G071xB_SL\Obj\Apps_139222153124407364.dir\metrology_module.o"
#        "C:\Users\bernard6\OneDrive -
#        STMicroelectronics\Documents\street_lighting_fw_europe_distributech\ST87_G071_SL_V008b\EWARM\ST87_G071xB_SL\Obj\m2m_modem_2353766246464904183.dir\modem_event_buffer.o"
#        "C:\Users\bernard6\OneDrive -
#        STMicroelectronics\Documents\street_lighting_fw_europe_distributech\ST87_G071_SL_V008b\EWARM\ST87_G071xB_SL\Obj\m2m_modem_2353766246464904183.dir\modem_globals.o"
#        "C:\Users\bernard6\OneDrive -
#        STMicroelectronics\Documents\street_lighting_fw_europe_distributech\ST87_G071_SL_V008b\EWARM\ST87_G071xB_SL\Obj\m2m_modem_2353766246464904183.dir\modem_interface.o"
#        "C:\Users\bernard6\OneDrive -
#        STMicroelectronics\Documents\street_lighting_fw_europe_distributech\ST87_G071_SL_V008b\EWARM\ST87_G071xB_SL\Obj\m2m_modem_2353766246464904183.dir\modem_main.o"
#        "C:\Users\bernard6\OneDrive -
#        STMicroelectronics\Documents\street_lighting_fw_europe_distributech\ST87_G071_SL_V008b\EWARM\ST87_G071xB_SL\Obj\m2m_modem_2353766246464904183.dir\modem_module.o"
#        "C:\Users\bernard6\OneDrive -
#        STMicroelectronics\Documents\street_lighting_fw_europe_distributech\ST87_G071_SL_V008b\EWARM\ST87_G071xB_SL\Obj\m2m_modem_2353766246464904183.dir\modem_ring_buffer.o"
#        "C:\Users\bernard6\OneDrive -
#        STMicroelectronics\Documents\street_lighting_fw_europe_distributech\ST87_G071_SL_V008b\EWARM\ST87_G071xB_SL\Obj\FreeRTOS_4809373609813369194.dir\port.o"
#        "C:\Users\bernard6\OneDrive -
#        STMicroelectronics\Documents\street_lighting_fw_europe_distributech\ST87_G071_SL_V008b\EWARM\ST87_G071xB_SL\Obj\FreeRTOS_4809373609813369194.dir\portasm.o"
#        "C:\Users\bernard6\OneDrive -
#        STMicroelectronics\Documents\street_lighting_fw_europe_distributech\ST87_G071_SL_V008b\EWARM\ST87_G071xB_SL\Obj\FreeRTOS_4809373609813369194.dir\queue.o"
#        "C:\Users\bernard6\OneDrive -
#        STMicroelectronics\Documents\street_lighting_fw_europe_distributech\ST87_G071_SL_V008b\EWARM\ST87_G071xB_SL\Obj\Apps_139222153124407364.dir\Sensor_module.o"
#        "C:\Users\bernard6\OneDrive -
#        STMicroelectronics\Documents\street_lighting_fw_europe_distributech\ST87_G071_SL_V008b\EWARM\ST87_G071xB_SL\Obj\EWARM_18443280873093131863.dir\startup_stm32g071xx.o"
#        "C:\Users\bernard6\OneDrive -
#        STMicroelectronics\Documents\street_lighting_fw_europe_distributech\ST87_G071_SL_V008b\EWARM\ST87_G071xB_SL\Obj\BSP_16987466797925798938.dir\stm32_st87m01.o"
#        "C:\Users\bernard6\OneDrive -
#        STMicroelectronics\Documents\street_lighting_fw_europe_distributech\ST87_G071_SL_V008b\EWARM\ST87_G071xB_SL\Obj\STM32G0xx_HAL_Driver_14800413719917403617.dir\stm32g0xx_hal.o"
#        "C:\Users\bernard6\OneDrive -
#        STMicroelectronics\Documents\street_lighting_fw_europe_distributech\ST87_G071_SL_V008b\EWARM\ST87_G071xB_SL\Obj\STM32G0xx_HAL_Driver_14800413719917403617.dir\stm32g0xx_hal_cortex.o"
#        "C:\Users\bernard6\OneDrive -
#        STMicroelectronics\Documents\street_lighting_fw_europe_distributech\ST87_G071_SL_V008b\EWARM\ST87_G071xB_SL\Obj\STM32G0xx_HAL_Driver_14800413719917403617.dir\stm32g0xx_hal_dma.o"
#        "C:\Users\bernard6\OneDrive -
#        STMicroelectronics\Documents\street_lighting_fw_europe_distributech\ST87_G071_SL_V008b\EWARM\ST87_G071xB_SL\Obj\STM32G0xx_HAL_Driver_14800413719917403617.dir\stm32g0xx_hal_dma_ex.o"
#        "C:\Users\bernard6\OneDrive -
#        STMicroelectronics\Documents\street_lighting_fw_europe_distributech\ST87_G071_SL_V008b\EWARM\ST87_G071xB_SL\Obj\STM32G0xx_HAL_Driver_14800413719917403617.dir\stm32g0xx_hal_exti.o"
#        "C:\Users\bernard6\OneDrive -
#        STMicroelectronics\Documents\street_lighting_fw_europe_distributech\ST87_G071_SL_V008b\EWARM\ST87_G071xB_SL\Obj\STM32G0xx_HAL_Driver_14800413719917403617.dir\stm32g0xx_hal_flash.o"
#        "C:\Users\bernard6\OneDrive -
#        STMicroelectronics\Documents\street_lighting_fw_europe_distributech\ST87_G071_SL_V008b\EWARM\ST87_G071xB_SL\Obj\STM32G0xx_HAL_Driver_14800413719917403617.dir\stm32g0xx_hal_flash_ex.o"
#        "C:\Users\bernard6\OneDrive -
#        STMicroelectronics\Documents\street_lighting_fw_europe_distributech\ST87_G071_SL_V008b\EWARM\ST87_G071xB_SL\Obj\STM32G0xx_HAL_Driver_14800413719917403617.dir\stm32g0xx_hal_gpio.o"
#        "C:\Users\bernard6\OneDrive -
#        STMicroelectronics\Documents\street_lighting_fw_europe_distributech\ST87_G071_SL_V008b\EWARM\ST87_G071xB_SL\Obj\STM32G0xx_HAL_Driver_14800413719917403617.dir\stm32g0xx_hal_i2c.o"
#        "C:\Users\bernard6\OneDrive -
#        STMicroelectronics\Documents\street_lighting_fw_europe_distributech\ST87_G071_SL_V008b\EWARM\ST87_G071xB_SL\Obj\STM32G0xx_HAL_Driver_14800413719917403617.dir\stm32g0xx_hal_i2c_ex.o"
#        "C:\Users\bernard6\OneDrive -
#        STMicroelectronics\Documents\street_lighting_fw_europe_distributech\ST87_G071_SL_V008b\EWARM\ST87_G071xB_SL\Obj\Core_13247989168731456611.dir\stm32g0xx_hal_msp.o"
#        "C:\Users\bernard6\OneDrive -
#        STMicroelectronics\Documents\street_lighting_fw_europe_distributech\ST87_G071_SL_V008b\EWARM\ST87_G071xB_SL\Obj\STM32G0xx_HAL_Driver_14800413719917403617.dir\stm32g0xx_hal_pwr.o"
#        "C:\Users\bernard6\OneDrive -
#        STMicroelectronics\Documents\street_lighting_fw_europe_distributech\ST87_G071_SL_V008b\EWARM\ST87_G071xB_SL\Obj\STM32G0xx_HAL_Driver_14800413719917403617.dir\stm32g0xx_hal_pwr_ex.o"
#        "C:\Users\bernard6\OneDrive -
#        STMicroelectronics\Documents\street_lighting_fw_europe_distributech\ST87_G071_SL_V008b\EWARM\ST87_G071xB_SL\Obj\STM32G0xx_HAL_Driver_14800413719917403617.dir\stm32g0xx_hal_rcc.o"
#        "C:\Users\bernard6\OneDrive -
#        STMicroelectronics\Documents\street_lighting_fw_europe_distributech\ST87_G071_SL_V008b\EWARM\ST87_G071xB_SL\Obj\STM32G0xx_HAL_Driver_14800413719917403617.dir\stm32g0xx_hal_rcc_ex.o"
#        "C:\Users\bernard6\OneDrive -
#        STMicroelectronics\Documents\street_lighting_fw_europe_distributech\ST87_G071_SL_V008b\EWARM\ST87_G071xB_SL\Obj\STM32G0xx_HAL_Driver_14800413719917403617.dir\stm32g0xx_hal_tim.o"
#        "C:\Users\bernard6\OneDrive -
#        STMicroelectronics\Documents\street_lighting_fw_europe_distributech\ST87_G071_SL_V008b\EWARM\ST87_G071xB_SL\Obj\STM32G0xx_HAL_Driver_14800413719917403617.dir\stm32g0xx_hal_tim_ex.o"
#        "C:\Users\bernard6\OneDrive -
#        STMicroelectronics\Documents\street_lighting_fw_europe_distributech\ST87_G071_SL_V008b\EWARM\ST87_G071xB_SL\Obj\Core_13247989168731456611.dir\stm32g0xx_hal_timebase_tim.o"
#        "C:\Users\bernard6\OneDrive -
#        STMicroelectronics\Documents\street_lighting_fw_europe_distributech\ST87_G071_SL_V008b\EWARM\ST87_G071xB_SL\Obj\STM32G0xx_HAL_Driver_14800413719917403617.dir\stm32g0xx_hal_uart.o"
#        "C:\Users\bernard6\OneDrive -
#        STMicroelectronics\Documents\street_lighting_fw_europe_distributech\ST87_G071_SL_V008b\EWARM\ST87_G071xB_SL\Obj\STM32G0xx_HAL_Driver_14800413719917403617.dir\stm32g0xx_hal_uart_ex.o"
#        "C:\Users\bernard6\OneDrive -
#        STMicroelectronics\Documents\street_lighting_fw_europe_distributech\ST87_G071_SL_V008b\EWARM\ST87_G071xB_SL\Obj\Core_13247989168731456611.dir\stm32g0xx_it.o"
#        "C:\Users\bernard6\OneDrive -
#        STMicroelectronics\Documents\street_lighting_fw_europe_distributech\ST87_G071_SL_V008b\EWARM\ST87_G071xB_SL\Obj\STM32G0xx_HAL_Driver_14800413719917403617.dir\stm32g0xx_ll_exti.o"
#        "C:\Users\bernard6\OneDrive -
#        STMicroelectronics\Documents\street_lighting_fw_europe_distributech\ST87_G071_SL_V008b\EWARM\ST87_G071xB_SL\Obj\STM32G0xx_HAL_Driver_14800413719917403617.dir\stm32g0xx_ll_gpio.o"
#        "C:\Users\bernard6\OneDrive -
#        STMicroelectronics\Documents\street_lighting_fw_europe_distributech\ST87_G071_SL_V008b\EWARM\ST87_G071xB_SL\Obj\STM32G0xx_HAL_Driver_14800413719917403617.dir\stm32g0xx_ll_rcc.o"
#        "C:\Users\bernard6\OneDrive -
#        STMicroelectronics\Documents\street_lighting_fw_europe_distributech\ST87_G071_SL_V008b\EWARM\ST87_G071xB_SL\Obj\STM32G0xx_HAL_Driver_14800413719917403617.dir\stm32g0xx_ll_utils.o"
#        "C:\Users\bernard6\OneDrive -
#        STMicroelectronics\Documents\street_lighting_fw_europe_distributech\ST87_G071_SL_V008b\EWARM\ST87_G071xB_SL\Obj\FreeRTOS_4809373609813369194.dir\stream_buffer.o"
#        "C:\Users\bernard6\OneDrive -
#        STMicroelectronics\Documents\street_lighting_fw_europe_distributech\ST87_G071_SL_V008b\EWARM\ST87_G071xB_SL\Obj\CMSIS_6603591812247902717.dir\system_stm32g0xx.o"
#        "C:\Users\bernard6\OneDrive -
#        STMicroelectronics\Documents\street_lighting_fw_europe_distributech\ST87_G071_SL_V008b\EWARM\ST87_G071xB_SL\Obj\Apps_139222153124407364.dir\task_comm.o"
#        "C:\Users\bernard6\OneDrive -
#        STMicroelectronics\Documents\street_lighting_fw_europe_distributech\ST87_G071_SL_V008b\EWARM\ST87_G071xB_SL\Obj\FreeRTOS_4809373609813369194.dir\tasks.o"
#        "C:\Users\bernard6\OneDrive -
#        STMicroelectronics\Documents\street_lighting_fw_europe_distributech\ST87_G071_SL_V008b\EWARM\ST87_G071xB_SL\Obj\FreeRTOS_4809373609813369194.dir\timers.o"
#        "C:\Users\bernard6\OneDrive -
#        STMicroelectronics\Documents\street_lighting_fw_europe_distributech\ST87_G071_SL_V008b\EWARM\ST87_G071xB_SL\Obj\Libs_3913195376021097889.dir\utilities.o"
#        --no_out_extension -o "C:\Users\bernard6\OneDrive -
#        STMicroelectronics\Documents\street_lighting_fw_europe_distributech\ST87_G071_SL_V008b\EWARM\ST87_G071xB_SL\Exe\ST87_G071_SL.out"
#        --redirect _Printf=_PrintfFullNoMb --redirect _Scanf=_ScanfFullNoMb
#        --map "C:\Users\bernard6\OneDrive -
#        STMicroelectronics\Documents\street_lighting_fw_europe_distributech\ST87_G071_SL_V008b\EWARM\ST87_G071xB_SL\List\ST87_G071_SL.map"
#        --config "C:\Users\bernard6\OneDrive -
#        STMicroelectronics\Documents\street_lighting_fw_europe_distributech\ST87_G071_SL_V008b\EWARM/stm32g071xx_flash.icf"
#        --semihosting --entry __iar_program_start --vfe --text_out locale
#        --cpu=Cortex-M0+ --fpu=None) --diagnostics_format=sarif_stdout
#        --dependencies=n "C:\Users\bernard6\OneDrive -
#        STMicroelectronics\Documents\street_lighting_fw_europe_distributech\ST87_G071_SL_V008b\EWARM\ST87_G071xB_SL\Exe\ST87_G071_SL.out.iar_deps"
#        --dynamic_output "C:\Users\bernard6\OneDrive -
#        STMicroelectronics\Documents\street_lighting_fw_europe_distributech\ST87_G071_SL_V008b\EWARM\ST87_G071xB_SL\Exe\ST87_G071_SL.out.iar_dynout"
#
###############################################################################

*******************************************************************************
*** RUNTIME MODEL ATTRIBUTES
***

CppFlavor       = *
__CPP_Runtime   = 1
__SystemLibrary = DLib
__dlib_version  = 6


*******************************************************************************
*** HEAP SELECTION
***

The basic heap was selected because --advanced_heap
was not specified and the application did not appear to
be primarily optimized for speed.


*******************************************************************************
*** PLACEMENT SUMMARY
***

"A0":  place at address 0x800'0000 {  ro section .intvec };
"P1":  place in [from 0x800'0000 to 0x801'ffff] {  ro };
define block CSTACK with size = 2K, alignment = 8 { };
define block HEAP with size = 1K, alignment = 8 { };
"P2":  place in [from 0x2000'0000 to 0x2000'8fff] {
           rw,  block CSTACK,  block HEAP };
initialize by copy {  rw };

  Section            Kind         Address  Alignment    Size  Object
  -------            ----         -------  ---------    ----  ------
"A0":                                                   0xbc
  .intvec            ro code   0x800'0000          4    0xbc  startup_stm32g071xx.o [5]
                             - 0x800'00bc               0xbc

"P1":                                                 0xd0a7
  .text              ro code   0x800'00bc          4  0x18c4  modem_module.o [9]
  .text              ro code   0x800'1980          4    0x4e  ABImemset.o [12]
  .text              ro code   0x800'19ce          2    0x3e  packbits_init_single.o [12]
  .text              ro code   0x800'1a0c          4   0x120  modem_ring_buffer.o [9]
  .text              ro code   0x800'1b2c          4   0x16c  modem_event_buffer.o [9]
  .text              ro code   0x800'1c98          4   0x4bc  stm32g0xx_hal_tim.o [8]
  .text              ro code   0x800'2154          4   0x62a  main.o [4]
  .text              ro code   0x800'277e          2     0xa  xsprout.o [10]
  .text              ro code   0x800'2788          4  0x148c  stm32g0xx_hal_uart.o [8]
  .text              ro code   0x800'3c14          2    0x2e  strstr.o [10]
  .rodata            const     0x800'3c42          2     0x2  xlocale_c.o [10]
  .text              ro code   0x800'3c44          4     0xe  strlen.o [12]
  .text              ro code   0x800'3c52          2     0x2  startup_stm32g071xx.o [5]
  .text              ro code   0x800'3c54          4    0x40  sprintf.o [10]
  .text              ro code   0x800'3c94          4    0x4e  ABImemcpy.o [12]
  .text              ro code   0x800'3ce2          2     0x2  startup_stm32g071xx.o [5]
  .text              ro code   0x800'3ce4          4   0x820  modem_interface.o [9]
  .text              ro code   0x800'4504          4   0x30a  modem_main.o [9]
  .text              ro code   0x800'480e          2     0x2  startup_stm32g071xx.o [5]
  .text              ro code   0x800'4810          4   0x420  cmsis_os2.o [6]
  .text              ro code   0x800'4c30          4   0x37c  stm32g0xx_hal_gpio.o [8]
  .text              ro code   0x800'4fac          4   0x4cc  stm32g0xx_hal_dma.o [8]
  .text              ro code   0x800'5478          2    0xe0  I32DivModFast.o [12]
  .text              ro code   0x800'5558          4   0x1f0  stm32_st87m01.o [2]
  .text              ro code   0x800'5748          2     0x2  stm32g0xx_hal_tim.o [8]
  .text              ro code   0x800'574a          2     0x2  stm32g0xx_hal_tim.o [8]
  .text              ro code   0x800'574c          2     0x2  stm32g0xx_hal_tim.o [8]
  .text              ro code   0x800'574e          2     0x2  stm32g0xx_hal_tim_ex.o [8]
  .text              ro code   0x800'5750          2     0x2  stm32g0xx_hal_tim_ex.o [8]
  .text              ro code   0x800'5752          2     0x2  stm32g0xx_hal_tim.o [8]
  .text              ro code   0x800'5754          2     0x2  stm32g0xx_hal_tim_ex.o [8]
  .text              ro code   0x800'5756          2     0x2  startup_stm32g071xx.o [5]
  .text              ro code   0x800'5758          4    0x44  stm32g0xx_hal.o [8]
  .text              ro code   0x800'579c          4    0x2c  stm32g0xx_hal.o [8]
  .text              ro code   0x800'57c8          4    0x58  stm32g0xx_hal_pwr_ex.o [8]
  .text              ro code   0x800'5820          4   0x7c0  stm32g0xx_hal_rcc.o [8]
  .text              ro code   0x800'5fe0          4   0x840  stm32g0xx_hal_i2c.o [8]
  .text              ro code   0x800'6820          4    0xd0  stm32g0xx_hal_i2c_ex.o [8]
  .text              ro code   0x800'68f0          4    0x8c  stm32g0xx_hal_tim_ex.o [8]
  .text              ro code   0x800'697c          4   0x178  stm32g0xx_hal_uart_ex.o [8]
  .text              ro code   0x800'6af4          4   0x104  stm32g0xx_hal_cortex.o [8]
  .text              ro code   0x800'6bf8          4   0x186  stm32g0xx_ll_exti.o [8]
  .text              ro code   0x800'6d7e          2     0x2  startup_stm32g071xx.o [5]
  .text              ro code   0x800'6d80          4   0x134  stm32g0xx_ll_gpio.o [8]
  .text              ro code   0x800'6eb4          4    0x68  m2m_modem.o [1]
  .text              ro code   0x800'6f1c          4   0x4fc  cloud_module.o [1]
  .text              ro code   0x800'7418          4   0x2c0  metrology_module.o [1]
  .text              ro code   0x800'76d8          4   0x3d4  Sensor_module.o [1]
  .text              ro code   0x800'7aac          4    0x18  stm32g0xx_hal.o [8]
  .text              ro code   0x800'7ac4          4   0x2c0  stm32g0xx_hal_msp.o [4]
  .text              ro code   0x800'7d84          2     0x2  stm32g0xx_hal_uart.o [8]
  .text              ro code   0x800'7d86          2     0x2  stm32g0xx_hal_uart.o [8]
  .text              ro code   0x800'7d88          2     0x2  stm32g0xx_hal_uart_ex.o [8]
  .text              ro code   0x800'7d8a          2     0x2  stm32g0xx_hal_uart_ex.o [8]
  .text              ro code   0x800'7d8c          2     0x2  stm32g0xx_hal_uart_ex.o [8]
  .text              ro code   0x800'7d8e          2     0x2  startup_stm32g071xx.o [5]
  .text              ro code   0x800'7d90          4    0x32  I64Mul.o [12]
  .text              ro code   0x800'7dc2          2    0x7c  I64DivMod.o [12]
  .text              ro code   0x800'7e3e          2     0x2  startup_stm32g071xx.o [5]
  .text              ro code   0x800'7e40          4     0xc  stm32g0xx_hal.o [8]
  .text              ro code   0x800'7e4c          2     0x2  stm32g0xx_hal_uart.o [8]
  .text              ro code   0x800'7e4e          2     0x2  startup_stm32g071xx.o [5]
  .text              ro code   0x800'7e50          4    0x12  strchr.o [12]
  .text              ro code   0x800'7e62          2     0x2  startup_stm32g071xx.o [5]
  .text              ro code   0x800'7e64          4   0xf86  xprintffull_nomb.o [10]
  .text              ro code   0x800'8dea          2     0x2  startup_stm32g071xx.o [5]
  .text              ro code   0x800'8dec          4   0x8e0  tasks.o [6]
  .text              ro code   0x800'96cc          4   0x108  port.o [6]
  .text              ro code   0x800'97d4          4   0x730  queue.o [6]
  .text              ro code   0x800'9f04          4     0x2  IntDivZer.o [12]
  .text              ro code   0x800'9f06          2     0x2  startup_stm32g071xx.o [5]
  .text              ro code   0x800'9f08          4   0x274  stm32g0xx_hal_rcc_ex.o [8]
  .text              ro code   0x800'a17c          4    0xc4  stm32g0xx_hal_timebase_tim.o [4]
  .text              ro code   0x800'a240          4   0x4a8  metro_hif.o [1]
  .text              ro code   0x800'a6e8          4   0xc8e  lis2dux12_reg.o [2]
  .text              ro code   0x800'b376          2   0x120  FltAddSub.o [11]
  .text              ro code   0x800'b496          2     0x2  startup_stm32g071xx.o [5]
  .text              ro code   0x800'b498          4    0x36  IxxToFlt.o [11]
  .text              ro code   0x800'b4ce          2    0xa4  FltDiv.o [11]
  .text              ro code   0x800'b572          2     0x2  startup_stm32g071xx.o [5]
  .text              ro code   0x800'b574          4     0x2  I64DivZer.o [12]
  .text              ro code   0x800'b576          2     0x2  startup_stm32g071xx.o [5]
  .text              ro code   0x800'b578          4    0x48  xfail_s.o [10]
  .text              ro code   0x800'b5c0          4    0x16  memchr.o [12]
  .text              ro code   0x800'b5d6          2    0x2a  frexp.o [11]
  .text              ro code   0x800'b600          2    0x32  DblCmpLe.o [11]
  .text              ro code   0x800'b632          2    0x32  DblCmpGe.o [11]
  .text              ro code   0x800'b664          2    0x70  ldexp.o [11]
  .text              ro code   0x800'b6d4          4    0x52  DblToI32.o [11]
  .text              ro code   0x800'b726          2     0x2  startup_stm32g071xx.o [5]
  .text              ro code   0x800'b728          4    0x34  IxxToDbl.o [11]
  .text              ro code   0x800'b75c          2   0x1a8  DblAddSub.o [11]
  .text              ro code   0x800'b904          2    0xc2  DblDiv.o [11]
  .text              ro code   0x800'b9c6          2   0x184  DblMul.o [11]
  .text              ro code   0x800'bb4a          2     0x2  startup_stm32g071xx.o [5]
  .text              ro code   0x800'bb4c          4     0xc  xlocale_c.o [10]
  .text              ro code   0x800'bb58          4   0x234  heap_4.o [6]
  .text              ro code   0x800'bd8c          2    0x9c  list.o [6]
  .text              ro code   0x800'be28          4    0x18  cmsis_os2.o [6]
  .text              ro code   0x800'be40          4   0x448  timers.o [6]
  CODE               ro code   0x800'c288          4    0x7c  portasm.o [6]
  .text              ro code   0x800'c304          4    0x14  uwrite4.o [12]
  .text              ro code   0x800'c318          4    0x38  crc.o [1]
  .text              ro code   0x800'c350          4    0x24  ABIassert.o [13]
  .text              ro code   0x800'c374          2    0xb0  FltMul.o [11]
  .text              ro code   0x800'c424          2    0x24  lis2dux12_reg.o [2]
  .text              ro code   0x800'c448          2    0x24  lis2dux12_reg.o [2]
  .text              ro code   0x800'c46c          2     0xa  abort.o [10]
  .text              ro code   0x800'c476          2     0x2  startup_stm32g071xx.o [5]
  .text              ro code   0x800'c478          4    0x18  cmsis_os2.o [6]
  .text              ro code   0x800'c490          4    0x14  exit.o [13]
  .text              ro code   0x800'c4a4          4    0x2c  iarttio.o [13]
  .text              ro code   0x800'c4d0          4     0x8  XShttio.o [10]
  .rodata            const     0x800'c4d8          4   0x200  crc.o [1]
  .text              ro code   0x800'c6d8          4    0xf4  stm32g0xx_it.o [4]
  .rodata            const     0x800'c7cc          4    0x94  metro_hif.o [1]
  .rodata            const     0x800'c860          4    0x70  metro_hif.o [1]
  .rodata            const     0x800'c8d0          4    0x6a  xprintffull_nomb.o [10]
  .text              ro code   0x800'c93a          2     0x2  startup_stm32g071xx.o [5]
  .rodata            const     0x800'c93c          4    0x60  modem_main.o [9]
  .rodata            const     0x800'c99c          4    0x40  metro_hif.o [1]
  .rodata            const     0x800'c9dc          4    0x40  system_stm32g0xx.o [3]
  .text              ro code   0x800'ca1c          2    0x3c  zero_init3.o [12]
  .rodata            const     0x800'ca58          4    0x2c  modem_interface.o [9]
  .rodata            const     0x800'ca84          4    0x28  modem_module.o [9]
  .text              ro code   0x800'caac          4    0x28  data_init.o [12]
  .rodata            const     0x800'cad4          4    0x24  main.o [4]
  .rodata            const     0x800'caf8          4    0x24  main.o [4]
  .rodata            const     0x800'cb1c          4    0x24  main.o [4]
  .rodata            const     0x800'cb40          4    0x24  main.o [4]
  .rodata            const     0x800'cb64          4    0x24  modem_module.o [9]
  .rodata            const     0x800'cb88          4    0x24  modem_module.o [9]
  .rodata            const     0x800'cbac          4    0x24  modem_module.o [9]
  .text              ro code   0x800'cbd0          4    0x22  cmain.o [12]
  .text              ro code   0x800'cbf2          2     0x4  low_level_init.o [10]
  .text              ro code   0x800'cbf6          2     0x8  exit.o [10]
  .text              ro code   0x800'cbfe          2     0x2  startup_stm32g071xx.o [5]
  .text              ro code   0x800'cc00          4     0x4  cexit.o [12]
  .text              ro code   0x800'cc04          4     0xa  cexit_2.o [12]
  .iar.init_table    const     0x800'cc10          4    0x20  - Linker created -
  .text              ro code   0x800'cc30          2     0x2  startup_stm32g071xx.o [5]
  .rodata            const     0x800'cc34          4    0x20  modem_module.o [9]
  .rodata            const     0x800'cc54          4    0x20  system_stm32g0xx.o [3]
  .rodata            const     0x800'cc74          4    0x1c  modem_interface.o [9]
  .rodata            const     0x800'cc90          4    0x1c  modem_interface.o [9]
  .rodata            const     0x800'ccac          4    0x1c  modem_interface.o [9]
  .rodata            const     0x800'ccc8          4    0x1c  modem_module.o [9]
  .rodata            const     0x800'cce4          4    0x1c  modem_module.o [9]
  .text              ro code   0x800'cd00          4    0x1c  cstartup_M.o [12]
  .rodata            const     0x800'cd1c          4    0x18  main.o [4]
  .rodata            const     0x800'cd34          4    0x18  main.o [4]
  .rodata            const     0x800'cd4c          4    0x18  main.o [4]
  .rodata            const     0x800'cd64          4    0x18  main.o [4]
  .rodata            const     0x800'cd7c          4    0x18  main.o [4]
  .rodata            const     0x800'cd94          4    0x18  main.o [4]
  .rodata            const     0x800'cdac          4    0x18  modem_module.o [9]
  .rodata            const     0x800'cdc4          4    0x18  modem_module.o [9]
  .rodata            const     0x800'cddc          4    0x18  stm32g0xx_hal_uart.o [8]
  .rodata            const     0x800'cdf4          4    0x14  main.o [4]
  .rodata            const     0x800'ce08          4    0x14  metro_hif.o [1]
  .rodata            const     0x800'ce1c          4    0x14  modem_interface.o [9]
  .rodata            const     0x800'ce30          4    0x14  modem_module.o [9]
  .rodata            const     0x800'ce44          4    0x14  modem_module.o [9]
  .rodata            const     0x800'ce58          4    0x14  modem_module.o [9]
  .rodata            const     0x800'ce6c          4    0x10  main.o [4]
  .rodata            const     0x800'ce7c          4    0x10  main.o [4]
  .rodata            const     0x800'ce8c          4    0x10  main.o [4]
  .rodata            const     0x800'ce9c          4    0x10  metro_hif.o [1]
  .rodata            const     0x800'ceac          4    0x10  metro_hif.o [1]
  .rodata            const     0x800'cebc          4    0x10  modem_interface.o [9]
  .rodata            const     0x800'cecc          4    0x10  modem_interface.o [9]
  .rodata            const     0x800'cedc          4    0x10  modem_main.o [9]
  .rodata            const     0x800'ceec          4    0x10  modem_module.o [9]
  .rodata            const     0x800'cefc          4    0x10  modem_module.o [9]
  .rodata            const     0x800'cf0c          4    0x10  modem_module.o [9]
  .rodata            const     0x800'cf1c          4    0x10  modem_module.o [9]
  .rodata            const     0x800'cf2c          4    0x10  modem_module.o [9]
  .text              ro code   0x800'cf3c          4    0x10  startup_stm32g071xx.o [5]
  .rodata            const     0x800'cf4c          4     0xc  main.o [4]
  .rodata            const     0x800'cf58          4     0xc  main.o [4]
  .rodata            const     0x800'cf64          4     0xc  main.o [4]
  .rodata            const     0x800'cf70          4     0xc  main.o [4]
  .rodata            const     0x800'cf7c          4     0xc  main.o [4]
  .rodata            const     0x800'cf88          4     0xc  main.o [4]
  .rodata            const     0x800'cf94          4     0xc  modem_interface.o [9]
  .rodata            const     0x800'cfa0          4     0xc  modem_interface.o [9]
  .rodata            const     0x800'cfac          4     0xc  modem_interface.o [9]
  .rodata            const     0x800'cfb8          4     0xc  modem_interface.o [9]
  .rodata            const     0x800'cfc4          4     0xc  modem_interface.o [9]
  .rodata            const     0x800'cfd0          4     0xc  modem_interface.o [9]
  .rodata            const     0x800'cfdc          4     0xc  modem_interface.o [9]
  .rodata            const     0x800'cfe8          4     0xc  modem_interface.o [9]
  .rodata            const     0x800'cff4          4     0xc  modem_interface.o [9]
  .rodata            const     0x800'd000          4     0xc  modem_module.o [9]
  .rodata            const     0x800'd00c          4     0xc  modem_module.o [9]
  .rodata            const     0x800'd018          4     0xc  modem_module.o [9]
  .rodata            const     0x800'd024          4     0xc  modem_module.o [9]
  .rodata            const     0x800'd030          4     0xc  modem_module.o [9]
  .rodata            const     0x800'd03c          4     0xc  modem_module.o [9]
  .rodata            const     0x800'd048          4     0x8  modem_interface.o [9]
  .rodata            const     0x800'd050          4     0x8  modem_interface.o [9]
  .rodata            const     0x800'd058          4     0x8  modem_module.o [9]
  .rodata            const     0x800'd060          4     0x8  modem_module.o [9]
  .rodata            const     0x800'd068          4     0x8  modem_module.o [9]
  .rodata            const     0x800'd070          4     0x8  modem_module.o [9]
  .rodata            const     0x800'd078          4     0x8  modem_module.o [9]
  .rodata            const     0x800'd080          4     0x8  modem_module.o [9]
  .rodata            const     0x800'd088          4     0x8  modem_module.o [9]
  .rodata            const     0x800'd090          4     0x8  modem_module.o [9]
  .rodata            const     0x800'd098          4     0x8  modem_module.o [9]
  .rodata            const     0x800'd0a0          4     0x8  modem_module.o [9]
  .rodata            const     0x800'd0a8          4     0x8  modem_module.o [9]
  .rodata            const     0x800'd0b0          4     0x8  modem_module.o [9]
  .rodata            const     0x800'd0b8          4     0x8  modem_module.o [9]
  .rodata            const     0x800'd0c0          4     0x8  stm32g0xx_hal_uart_ex.o [8]
  .rodata            const     0x800'd0c8          4     0x8  stm32g0xx_hal_uart_ex.o [8]
  .rodata            const     0x800'd0d0          4     0x8  tasks.o [6]
  .rodata            const     0x800'd0d8          4     0x8  timers.o [6]
  .rodata            const     0x800'd0e0          4     0x8  timers.o [6]
  .rodata            const     0x800'd0e8          4     0x4  heap_4.o [6]
  .text              ro code   0x800'd0ec          2     0x2  startup_stm32g071xx.o [5]
  .rodata            const     0x800'd0ee                0x1  xlocale_c.o [10]
  .text              ro code   0x800'd0f0          4     0x2  system_stm32g0xx.o [3]
  .rodata            const     0x800'd0f2                0x0  zero_init3.o [12]
  .rodata            const     0x800'd0f2                0x0  packbits_init_single.o [12]
  Initializer bytes  const     0x800'd0f2               0x71  <for P2-1>
                             - 0x800'd163             0xd0a7

"P2", part 1 of 3:                                      0x82
  P2-1                        0x2000'0000               0x82  <Init block>
    .data            inited   0x2000'0000          4    0x10  cloud_module.o [1]
    .data            inited   0x2000'0010          4    0x14  cloud_module.o [1]
    .data            inited   0x2000'0024          4     0xc  cloud_module.o [1]
    .data            inited   0x2000'0030          4     0x4  modem_main.o [9]
    .data            inited   0x2000'0034          4     0x4  port.o [6]
    .data            inited   0x2000'0038          4     0x4  stm32g0xx_hal.o [8]
    .data            inited   0x2000'003c          4     0x4  system_stm32g0xx.o [3]
    .data            inited   0x2000'0040          4    0x38  xlocale_c.o [10]
    .data            inited   0x2000'0078          4     0x8  XShttio.o [10]
    .data            inited   0x2000'0080                0x1  cloud_module.o [1]
    .data            inited   0x2000'0081                0x1  stm32g0xx_hal.o [8]
                            - 0x2000'0082               0x82

"P2", part 2 of 3:                                    0x6b10
  .bss               zero     0x2000'0084          4  0x2ee0  heap_4.o [6]
  .bss               zero     0x2000'2f64          4   0xbb8  modem_globals.o [9]
  .bss               zero     0x2000'3b1c          4   0x6d8  modem_globals.o [9]
  .bss               zero     0x2000'41f4          4   0x4b0  modem_globals.o [9]
  .bss               zero     0x2000'46a4          4   0x4b0  modem_module.o [9]
  .bss               zero     0x2000'4b54          4   0x4b0  modem_ring_buffer.o [9]
  .bss               zero     0x2000'5004          4   0x460  tasks.o [6]
  .bss               zero     0x2000'5464          4   0x400  cmsis_os2.o [6]
  .bss               zero     0x2000'5864          4   0x3e8  modem_event_buffer.o [9]
  .bss               zero     0x2000'5c4c          4   0x200  cmsis_os2.o [6]
  .bss               zero     0x2000'5e4c          4   0x200  metro_hif.o [1]
  .bss               zero     0x2000'604c          4    0xa0  timers.o [6]
  .bss               zero     0x2000'60ec          4    0x94  main.o [4]
  .bss               zero     0x2000'6180          4    0x94  main.o [4]
  .bss               zero     0x2000'6214          4    0x94  main.o [4]
  .bss               zero     0x2000'62a8          4    0x94  modem_globals.o [9]
  .bss               zero     0x2000'633c          4    0x7c  modem_globals.o [9]
  .bss               zero     0x2000'63b8          4    0x5c  cmsis_os2.o [6]
  .bss               zero     0x2000'6414          4    0x5c  cmsis_os2.o [6]
  .bss               zero     0x2000'6470          4    0x5c  main.o [4]
  .bss               zero     0x2000'64cc          4    0x5c  stm32_st87m01.o [2]
  .bss               zero     0x2000'6528          4    0x54  main.o [4]
  .bss               zero     0x2000'657c          4    0x50  timers.o [6]
  .bss               zero     0x2000'65cc          4    0x4c  main.o [4]
  .bss               zero     0x2000'6618          4    0x4c  modem_globals.o [9]
  .bss               zero     0x2000'6664          4    0x4c  modem_globals.o [9]
  .bss               zero     0x2000'66b0          4    0x4c  stm32g0xx_hal_timebase_tim.o [4]
  .bss               zero     0x2000'66fc          4    0x44  metro_hif.o [1]
  .bss               zero     0x2000'6740          4    0x44  modem_module.o [9]
  .bss               zero     0x2000'6784          4    0x40  metro_hif.o [1]
  .bss               zero     0x2000'67c4          4    0x40  modem_globals.o [9]
  .bss               zero     0x2000'6804          4    0x40  queue.o [6]
  .bss               zero     0x2000'6844          4    0x2c  modem_main.o [9]
  .bss               zero     0x2000'6870          4    0x28  cloud_module.o [1]
  .bss               zero     0x2000'6898          4    0x28  Sensor_module.o [1]
  .bss               zero     0x2000'68c0          4    0x24  modem_globals.o [9]
  .bss               zero     0x2000'68e4          4    0x18  metro_hif.o [1]
  .bss               zero     0x2000'68fc               0x17  modem_globals.o [9]
  .bss               zero     0x2000'6913                0x1  cloud_module.o [1]
  .bss               zero     0x2000'6914          4    0x14  cloud_module.o [1]
  .bss               zero     0x2000'6928          4    0x14  metrology_module.o [1]
  .bss               zero     0x2000'693c          4    0x14  metrology_module.o [1]
  .bss               zero     0x2000'6950          4    0x14  modem_globals.o [9]
  .bss               zero     0x2000'6964          4    0x14  Sensor_module.o [1]
  .bss               zero     0x2000'6978          4    0x14  tasks.o [6]
  .bss               zero     0x2000'698c          4    0x14  tasks.o [6]
  .bss               zero     0x2000'69a0          4    0x14  tasks.o [6]
  .bss               zero     0x2000'69b4          4    0x14  tasks.o [6]
  .bss               zero     0x2000'69c8          4    0x14  tasks.o [6]
  .bss               zero     0x2000'69dc          4    0x14  timers.o [6]
  .bss               zero     0x2000'69f0          4    0x14  timers.o [6]
  .bss               zero     0x2000'6a04          4    0x10  cloud_module.o [1]
  .bss               zero     0x2000'6a14          4    0x10  Sensor_module.o [1]
  .bss               zero     0x2000'6a24          4    0x10  Sensor_module.o [1]
  .bss               zero     0x2000'6a34          4     0xc  Sensor_module.o [1]
  .bss               zero     0x2000'6a40          4     0x8  heap_4.o [6]
  .bss               zero     0x2000'6a48          4     0x8  metro_hif.o [1]
  .bss               zero     0x2000'6a50          4     0x8  modem_module.o [9]
  .bss               zero     0x2000'6a58          4     0x8  Sensor_module.o [1]
  .bss               zero     0x2000'6a60          4     0x4  cloud_module.o [1]
  .bss               zero     0x2000'6a64          4     0x4  cloud_module.o [1]
  .bss               zero     0x2000'6a68          4     0x4  cloud_module.o [1]
  .bss               zero     0x2000'6a6c          4     0x4  cloud_module.o [1]
  .bss               zero     0x2000'6a70          4     0x4  cloud_module.o [1]
  .bss               zero     0x2000'6a74          4     0x4  cloud_module.o [1]
  .bss               zero     0x2000'6a78          4     0x4  cmsis_os2.o [6]
  .bss               zero     0x2000'6a7c          4     0x4  heap_4.o [6]
  .bss               zero     0x2000'6a80          4     0x4  heap_4.o [6]
  .bss               zero     0x2000'6a84          4     0x4  heap_4.o [6]
  .bss               zero     0x2000'6a88          4     0x4  heap_4.o [6]
  .bss               zero     0x2000'6a8c          4     0x4  heap_4.o [6]
  .bss               zero     0x2000'6a90          4     0x4  heap_4.o [6]
  .bss               zero     0x2000'6a94          4     0x4  main.o [4]
  .bss               zero     0x2000'6a98          4     0x4  main.o [4]
  .bss               zero     0x2000'6a9c          4     0x4  main.o [4]
  .bss               zero     0x2000'6aa0          4     0x4  main.o [4]
  .bss               zero     0x2000'6aa4          4     0x4  main.o [4]
  .bss               zero     0x2000'6aa8          4     0x4  main.o [4]
  .bss               zero     0x2000'6aac          4     0x4  main.o [4]
  .bss               zero     0x2000'6ab0          4     0x4  main.o [4]
  .bss               zero     0x2000'6ab4          4     0x4  main.o [4]
  .bss               zero     0x2000'6ab8          4     0x4  main.o [4]
  .bss               zero     0x2000'6abc          4     0x4  metro_hif.o [1]
  .bss               zero     0x2000'6ac0          4     0x4  metro_hif.o [1]
  .bss               zero     0x2000'6ac4          4     0x4  metrology_module.o [1]
  .bss               zero     0x2000'6ac8          4     0x4  metrology_module.o [1]
  .bss               zero     0x2000'6acc          4     0x4  metrology_module.o [1]
  .bss               zero     0x2000'6ad0          4     0x4  metrology_module.o [1]
  .bss               zero     0x2000'6ad4          4     0x4  metrology_module.o [1]
  .bss               zero     0x2000'6ad8          4     0x4  metrology_module.o [1]
  .bss               zero     0x2000'6adc          4     0x4  metrology_module.o [1]
  .bss               zero     0x2000'6ae0          4     0x4  modem_globals.o [9]
  .bss               zero     0x2000'6ae4          4     0x4  modem_globals.o [9]
  .bss               zero     0x2000'6ae8          4     0x4  modem_globals.o [9]
  .bss               zero     0x2000'6aec          4     0x4  modem_interface.o [9]
  .bss               zero     0x2000'6af0          4     0x4  modem_main.o [9]
  .bss               zero     0x2000'6af4          4     0x4  modem_main.o [9]
  .bss               zero     0x2000'6af8          4     0x4  modem_main.o [9]
  .bss               zero     0x2000'6afc          4     0x4  modem_main.o [9]
  .bss               zero     0x2000'6b00          4     0x4  modem_module.o [9]
  .bss               zero     0x2000'6b04          4     0x4  modem_module.o [9]
  .bss               zero     0x2000'6b08          4     0x4  modem_module.o [9]
  .bss               zero     0x2000'6b0c          4     0x4  modem_module.o [9]
  .bss               zero     0x2000'6b10          4     0x4  Sensor_module.o [1]
  .bss               zero     0x2000'6b14          4     0x4  Sensor_module.o [1]
  .bss               zero     0x2000'6b18          4     0x4  Sensor_module.o [1]
  .bss               zero     0x2000'6b1c          4     0x4  stm32g0xx_hal.o [8]
  .bss               zero     0x2000'6b20          4     0x4  tasks.o [6]
  .bss               zero     0x2000'6b24          4     0x4  tasks.o [6]
  .bss               zero     0x2000'6b28          4     0x4  tasks.o [6]
  .bss               zero     0x2000'6b2c          4     0x4  tasks.o [6]
  .bss               zero     0x2000'6b30          4     0x4  tasks.o [6]
  .bss               zero     0x2000'6b34          4     0x4  tasks.o [6]
  .bss               zero     0x2000'6b38          4     0x4  tasks.o [6]
  .bss               zero     0x2000'6b3c          4     0x4  tasks.o [6]
  .bss               zero     0x2000'6b40          4     0x4  tasks.o [6]
  .bss               zero     0x2000'6b44          4     0x4  tasks.o [6]
  .bss               zero     0x2000'6b48          4     0x4  tasks.o [6]
  .bss               zero     0x2000'6b4c          4     0x4  tasks.o [6]
  .bss               zero     0x2000'6b50          4     0x4  tasks.o [6]
  .bss               zero     0x2000'6b54          4     0x4  tasks.o [6]
  .bss               zero     0x2000'6b58          4     0x4  tasks.o [6]
  .bss               zero     0x2000'6b5c          4     0x4  timers.o [6]
  .bss               zero     0x2000'6b60          4     0x4  timers.o [6]
  .bss               zero     0x2000'6b64          4     0x4  timers.o [6]
  .bss               zero     0x2000'6b68          4     0x4  timers.o [6]
  .bss               zero     0x2000'6b6c          4     0x4  timers.o [6]
  .bss               zero     0x2000'6b70          4     0x4  xfail_s.o [10]
  .bss               zero     0x2000'6b74          2     0x2  modem_module.o [9]
  .bss               zero     0x2000'6b76          2     0x2  modem_module.o [9]
  .bss               zero     0x2000'6b78          2     0x2  Sensor_module.o [1]
  .bss               zero     0x2000'6b7a          2     0x2  Sensor_module.o [1]
  .bss               zero     0x2000'6b7c                0x1  cloud_module.o [1]
  .bss               zero     0x2000'6b7d                0x1  cloud_module.o [1]
  .bss               zero     0x2000'6b7e                0x1  cloud_module.o [1]
  .bss               zero     0x2000'6b7f                0x1  cloud_module.o [1]
  .bss               zero     0x2000'6b80                0x1  cloud_module.o [1]
  .bss               zero     0x2000'6b81                0x1  main.o [4]
  .bss               zero     0x2000'6b82                0x1  main.o [4]
  .bss               zero     0x2000'6b83                0x1  metro_hif.o [1]
  .bss               zero     0x2000'6b84                0x1  metrology_module.o [1]
  .bss               zero     0x2000'6b85                0x1  metrology_module.o [1]
  .bss               zero     0x2000'6b86                0x1  metrology_module.o [1]
  .bss               zero     0x2000'6b87                0x1  modem_globals.o [9]
  .bss               zero     0x2000'6b88                0x1  modem_globals.o [9]
  .bss               zero     0x2000'6b89                0x1  modem_main.o [9]
  .bss               zero     0x2000'6b8a                0x1  modem_main.o [9]
  .bss               zero     0x2000'6b8b                0x1  modem_module.o [9]
  .bss               zero     0x2000'6b8c                0x1  Sensor_module.o [1]
  .bss               zero     0x2000'6b8d                0x1  Sensor_module.o [1]
  .bss               zero     0x2000'6b8e                0x1  Sensor_module.o [1]
  .bss               zero     0x2000'6b8f                0x1  Sensor_module.o [1]
  .bss               zero     0x2000'6b90                0x1  Sensor_module.o [1]
  .bss               zero     0x2000'6b91                0x1  Sensor_module.o [1]
                            - 0x2000'6b92             0x6b0e

"P2", part 3 of 3:                                     0x800
  CSTACK                      0x2000'6b98          8   0x800  <Block>
    CSTACK           uninit   0x2000'6b98              0x800  <Block tail>
                            - 0x2000'7398              0x800

Unused ranges:

         From           To      Size
         ----           --      ----
   0x800'd163   0x801'ffff  0x1'2e9d
  0x2000'0082  0x2000'0083       0x2
  0x2000'6b94  0x2000'6b97       0x4
  0x2000'7398  0x2000'8fff    0x1c68


*******************************************************************************
*** INIT TABLE
***

          Address      Size
          -------      ----
Zero (__iar_zero_init3)
    1 destination range, total size 0x6b0e:
          0x2000'0084  0x6b0e

Copy/packbits (__iar_packbits_init_single3)
    1 source range, total size 0x71 (86% of destination):
           0x800'd0f2    0x71
    1 destination range, total size 0x82:
          0x2000'0000    0x82



*******************************************************************************
*** MODULE SUMMARY
***

    Module                        ro code  ro data  rw data
    ------                        -------  -------  -------
command line/config:
    -------------------------------------------------------
    Total:

C:\Users\bernard6\OneDrive - STMicroelectronics\Documents\street_lighting_fw_europe_distributech\ST87_G071_SL_V008b\EWARM\ST87_G071xB_SL\Obj\Apps_139222153124407364.dir: [1]
    Sensor_module.o                   980               134
    cloud_module.o                  1'276       42      155
    crc.o                              56      512
    m2m_modem.o                       104
    metro_hif.o                     1'192      376      685
    metrology_module.o                704                71
    -------------------------------------------------------
    Total:                          4'312      930    1'045

C:\Users\bernard6\OneDrive - STMicroelectronics\Documents\street_lighting_fw_europe_distributech\ST87_G071_SL_V008b\EWARM\ST87_G071xB_SL\Obj\BSP_16987466797925798938.dir: [2]
    lis2dux12_reg.o                 3'286
    stm32_st87m01.o                   496                92
    -------------------------------------------------------
    Total:                          3'782                92

C:\Users\bernard6\OneDrive - STMicroelectronics\Documents\street_lighting_fw_europe_distributech\ST87_G071_SL_V008b\EWARM\ST87_G071xB_SL\Obj\CMSIS_6603591812247902717.dir: [3]
    system_stm32g0xx.o                  2       99        4
    -------------------------------------------------------
    Total:                              2       99        4

C:\Users\bernard6\OneDrive - STMicroelectronics\Documents\street_lighting_fw_europe_distributech\ST87_G071_SL_V008b\EWARM\ST87_G071xB_SL\Obj\Core_13247989168731456611.dir: [4]
    main.o                          1'578      428      738
    stm32g0xx_hal_msp.o               704
    stm32g0xx_hal_timebase_tim.o      196                76
    stm32g0xx_it.o                    244
    -------------------------------------------------------
    Total:                          2'722      428      814

C:\Users\bernard6\OneDrive - STMicroelectronics\Documents\street_lighting_fw_europe_distributech\ST87_G071_SL_V008b\EWARM\ST87_G071xB_SL\Obj\EWARM_18443280873093131863.dir: [5]
    startup_stm32g071xx.o             246
    -------------------------------------------------------
    Total:                            246

C:\Users\bernard6\OneDrive - STMicroelectronics\Documents\street_lighting_fw_europe_distributech\ST87_G071_SL_V008b\EWARM\ST87_G071xB_SL\Obj\FreeRTOS_4809373609813369194.dir: [6]
    cmsis_os2.o                     1'104             1'724
    heap_4.o                          564        4   12'032
    list.o                            156
    port.o                            264        3        4
    portasm.o                         124
    queue.o                         1'840                64
    tasks.o                         2'272        8    1'280
    timers.o                        1'096       16      300
    -------------------------------------------------------
    Total:                          7'420       31   15'404

C:\Users\bernard6\OneDrive - STMicroelectronics\Documents\street_lighting_fw_europe_distributech\ST87_G071_SL_V008b\EWARM\ST87_G071xB_SL\Obj\Libs_3913195376021097889.dir: [7]
    -------------------------------------------------------
    Total:

C:\Users\bernard6\OneDrive - STMicroelectronics\Documents\street_lighting_fw_europe_distributech\ST87_G071_SL_V008b\EWARM\ST87_G071xB_SL\Obj\STM32G0xx_HAL_Driver_14800413719917403617.dir: [8]
    stm32g0xx_hal.o                   148        5        9
    stm32g0xx_hal_cortex.o            260
    stm32g0xx_hal_dma.o             1'228
    stm32g0xx_hal_gpio.o              892
    stm32g0xx_hal_i2c.o             2'112
    stm32g0xx_hal_i2c_ex.o            208
    stm32g0xx_hal_pwr_ex.o             88
    stm32g0xx_hal_rcc.o             1'984
    stm32g0xx_hal_rcc_ex.o            628
    stm32g0xx_hal_tim.o             1'220
    stm32g0xx_hal_tim_ex.o            146
    stm32g0xx_hal_uart.o            5'266       24
    stm32g0xx_hal_uart_ex.o           382       16
    stm32g0xx_ll_exti.o               390
    stm32g0xx_ll_gpio.o               308
    -------------------------------------------------------
    Total:                         15'260       45        9

C:\Users\bernard6\OneDrive - STMicroelectronics\Documents\street_lighting_fw_europe_distributech\ST87_G071_SL_V008b\EWARM\ST87_G071xB_SL\Obj\m2m_modem_2353766246464904183.dir: [9]
    modem_event_buffer.o              364             1'000
    modem_globals.o                                   6'533
    modem_interface.o               2'080      304        4
    modem_main.o                      778      116       66
    modem_module.o                  6'340      600    1'297
    modem_ring_buffer.o               288             1'200
    -------------------------------------------------------
    Total:                          9'850    1'020   10'100

dl6M_tlf.a: [10]
    XShttio.o                           8        7        8
    abort.o                            10
    exit.o                              8
    low_level_init.o                    4
    sprintf.o                          64
    strstr.o                           46
    xfail_s.o                          72                 4
    xlocale_c.o                        12       52       56
    xprintffull_nomb.o              3'974      106
    xsprout.o                          10
    -------------------------------------------------------
    Total:                          4'208      165       68

m6M_tl.a: [11]
    DblAddSub.o                       424
    DblCmpGe.o                         50
    DblCmpLe.o                         50
    DblDiv.o                          194
    DblMul.o                          388
    DblToI32.o                         82
    FltAddSub.o                       288
    FltDiv.o                          164
    FltMul.o                          176
    IxxToDbl.o                         52
    IxxToFlt.o                         54
    frexp.o                            42
    ldexp.o                           112
    -------------------------------------------------------
    Total:                          2'076

rt6M_tl.a: [12]
    ABImemcpy.o                        78
    ABImemset.o                        78
    I32DivModFast.o                   224
    I64DivMod.o                       124
    I64DivZer.o                         2
    I64Mul.o                           50
    IntDivZer.o                         2
    cexit.o                             4
    cexit_2.o                          10
    cmain.o                            34
    cstartup_M.o                       28
    data_init.o                        40
    memchr.o                           22
    packbits_init_single.o             62
    strchr.o                           18
    strlen.o                           14
    uwrite4.o                          20
    zero_init3.o                       60
    -------------------------------------------------------
    Total:                            870

shb_l.a: [13]
    ABIassert.o                        36
    exit.o                             20
    iarttio.o                          44
    -------------------------------------------------------
    Total:                            100

    Gaps                                1        4
    Linker created                              32    2'048
-----------------------------------------------------------
    Grand Total:                   50'849    2'754   29'584


*******************************************************************************
*** ENTRY LIST
***

Entry                       Address    Size  Type      Object
-----                       -------    ----  ----      ------
.iar.init_table$$Base    0x800'cc10           --   Gb  - Linker created -
.iar.init_table$$Limit   0x800'cc30           --   Gb  - Linker created -
?main                    0x800'cbd1          Code  Gb  cmain.o [12]
ADC1_COMP_IRQHandler     0x800'8deb          Code  Wk  startup_stm32g071xx.o [5]
AHBPrescTable            0x800'c9dc    0x40  Data  Gb  system_stm32g0xx.o [3]
APBPrescTable            0x800'cc54    0x20  Data  Gb  system_stm32g0xx.o [3]
Buffer_to_float          0x800'7419    0x1a  Code  Gb  metrology_module.o [1]
CEC_IRQHandler           0x800'd0ed          Code  Wk  startup_stm32g071xx.o [5]
CSTACK$$Base            0x2000'6b98           --   Gb  - Linker created -
CSTACK$$Limit           0x2000'7398           --   Gb  - Linker created -
Check_Socket_Status      0x800'478d    0x14  Code  Gb  modem_main.o [9]
Close_UDP_Server_Socket
                         0x800'47ff    0x10  Code  Gb  modem_main.o [9]
CloudTaskHandle         0x2000'6a98     0x4  Data  Gb  main.o [4]
CloudTask_attributes     0x800'caf8    0x24  Data  Gb  main.o [4]
Create_Server_Socket     0x800'4759    0x1e  Code  Gb  modem_main.o [9]
Create_Tcp_Connection    0x800'4777    0x16  Code  Gb  modem_main.o [9]
DMA1_Ch4_7_DMAMUX1_OVR_IRQHandler
                         0x800'c6fb     0xa  Code  Gb  stm32g0xx_it.o [4]
DMA1_Channel1_IRQHandler
                         0x800'09e1     0xc  Code  Gb  modem_module.o [9]
DMA1_Channel2_3_IRQHandler
                         0x800'7e63          Code  Wk  startup_stm32g071xx.o [5]
DMA_CalcDMAMUXChannelBaseAndMask
                         0x800'5415    0x30  Code  Lc  stm32g0xx_hal_dma.o [8]
DMA_CalcDMAMUXRequestGenBaseAndMask
                         0x800'5445    0x24  Code  Lc  stm32g0xx_hal_dma.o [8]
DMA_SetConfig            0x800'53c5    0x4a  Code  Lc  stm32g0xx_hal_dma.o [8]
EXTI0_1_IRQHandler       0x800'7d8f          Code  Wk  startup_stm32g071xx.o [5]
EXTI2_3_IRQHandler       0x800'7e3f          Code  Wk  startup_stm32g071xx.o [5]
EXTI4_15_IRQHandler      0x800'c789    0x1a  Code  Gb  stm32g0xx_it.o [4]
Error_Handler            0x800'2779     0x6  Code  Gb  main.o [4]
FLASH_IRQHandler         0x800'5757          Code  Wk  startup_stm32g071xx.o [5]
HAL_DMA_Abort            0x800'51a1    0x86  Code  Gb  stm32g0xx_hal_dma.o [8]
HAL_DMA_Abort_IT         0x800'522d    0x8e  Code  Gb  stm32g0xx_hal_dma.o [8]
HAL_DMA_DeInit           0x800'505d    0x8c  Code  Gb  stm32g0xx_hal_dma.o [8]
HAL_DMA_IRQHandler       0x800'52c9    0xf6  Code  Gb  stm32g0xx_hal_dma.o [8]
HAL_DMA_Init             0x800'4fad    0xb0  Code  Gb  stm32g0xx_hal_dma.o [8]
HAL_DMA_Start_IT         0x800'50e9    0xb8  Code  Gb  stm32g0xx_hal_dma.o [8]
HAL_Delay                0x800'579d    0x2c  Code  Wk  stm32g0xx_hal.o [8]
HAL_GPIO_DeInit          0x800'4e1b   0x13c  Code  Gb  stm32g0xx_hal_gpio.o [8]
HAL_GPIO_Init            0x800'4c31   0x1ea  Code  Gb  stm32g0xx_hal_gpio.o [8]
HAL_GPIO_TogglePin       0x800'4f71    0x1a  Code  Gb  stm32g0xx_hal_gpio.o [8]
HAL_GPIO_WritePin        0x800'4f57    0x1a  Code  Gb  stm32g0xx_hal_gpio.o [8]
HAL_GetTick              0x800'7e41     0xc  Code  Wk  stm32g0xx_hal.o [8]
HAL_I2CEx_ConfigAnalogFilter
                         0x800'6821    0x66  Code  Gb  stm32g0xx_hal_i2c_ex.o [8]
HAL_I2CEx_ConfigDigitalFilter
                         0x800'6887    0x60  Code  Gb  stm32g0xx_hal_i2c_ex.o [8]
HAL_I2C_Init             0x800'5fe1    0xda  Code  Gb  stm32g0xx_hal_i2c.o [8]
HAL_I2C_Mem_Read         0x800'6271   0x1a8  Code  Gb  stm32g0xx_hal_i2c.o [8]
HAL_I2C_Mem_Write        0x800'60cd   0x1a4  Code  Gb  stm32g0xx_hal_i2c.o [8]
HAL_I2C_MspInit          0x800'7b03    0x60  Code  Gb  stm32g0xx_hal_msp.o [4]
HAL_IncTick              0x800'7aad    0x18  Code  Wk  stm32g0xx_hal.o [8]
HAL_Init                 0x800'5759    0x2a  Code  Gb  stm32g0xx_hal.o [8]
HAL_InitTick             0x800'a17d    0xaa  Code  Gb  stm32g0xx_hal_timebase_tim.o [4]
HAL_MspInit              0x800'7ac5    0x3e  Code  Gb  stm32g0xx_hal_msp.o [4]
HAL_NVIC_DisableIRQ      0x800'6bdb     0xe  Code  Gb  stm32g0xx_hal_cortex.o [8]
HAL_NVIC_EnableIRQ       0x800'6bcd     0xe  Code  Gb  stm32g0xx_hal_cortex.o [8]
HAL_NVIC_SetPriority     0x800'6bb9    0x14  Code  Gb  stm32g0xx_hal_cortex.o [8]
HAL_PWREx_ControlVoltageScaling
                         0x800'57c9    0x42  Code  Gb  stm32g0xx_hal_pwr_ex.o [8]
HAL_RCCEx_PeriphCLKConfig
                         0x800'9f09   0x232  Code  Gb  stm32g0xx_hal_rcc_ex.o [8]
HAL_RCC_ClockConfig      0x800'5d05   0x17c  Code  Gb  stm32g0xx_hal_rcc.o [8]
HAL_RCC_GetClockConfig   0x800'5f89    0x2e  Code  Gb  stm32g0xx_hal_rcc.o [8]
HAL_RCC_GetHCLKFreq      0x800'5f45     0x6  Code  Gb  stm32g0xx_hal_rcc.o [8]
HAL_RCC_GetPCLK1Freq     0x800'5f51    0x20  Code  Gb  stm32g0xx_hal_rcc.o [8]
HAL_RCC_GetSysClockFreq
                         0x800'5e91    0xb4  Code  Gb  stm32g0xx_hal_rcc.o [8]
HAL_RCC_OscConfig        0x800'5831   0x4b2  Code  Gb  stm32g0xx_hal_rcc.o [8]
HAL_SYSCFG_StrobeDBattpinsConfig
                         0x800'5783     0xe  Code  Gb  stm32g0xx_hal.o [8]
HAL_TIMEx_Break2Callback
                         0x800'5751     0x2  Code  Wk  stm32g0xx_hal_tim_ex.o [8]
HAL_TIMEx_BreakCallback
                         0x800'574f     0x2  Code  Wk  stm32g0xx_hal_tim_ex.o [8]
HAL_TIMEx_CommutCallback
                         0x800'5755     0x2  Code  Wk  stm32g0xx_hal_tim_ex.o [8]
HAL_TIMEx_MasterConfigSynchronization
                         0x800'68f1    0x7c  Code  Gb  stm32g0xx_hal_tim_ex.o [8]
HAL_TIM_Base_Init        0x800'1c99    0x64  Code  Gb  stm32g0xx_hal_tim.o [8]
HAL_TIM_Base_MspInit     0x800'5641    0xae  Code  Gb  stm32_st87m01.o [2]
HAL_TIM_Base_Start_IT    0x800'1cfd    0x74  Code  Gb  stm32g0xx_hal_tim.o [8]
HAL_TIM_ConfigClockSource
                         0x800'1f15   0x100  Code  Gb  stm32g0xx_hal_tim.o [8]
HAL_TIM_IC_CaptureCallback
                         0x800'5749     0x2  Code  Wk  stm32g0xx_hal_tim.o [8]
HAL_TIM_IRQHandler       0x800'1d81   0x18c  Code  Gb  stm32g0xx_hal_tim.o [8]
HAL_TIM_OC_DelayElapsedCallback
                         0x800'574b     0x2  Code  Wk  stm32g0xx_hal_tim.o [8]
HAL_TIM_PWM_PulseFinishedCallback
                         0x800'574d     0x2  Code  Wk  stm32g0xx_hal_tim.o [8]
HAL_TIM_PeriodElapsedCallback
                         0x800'270b    0x36  Code  Gb  main.o [4]
HAL_TIM_TriggerCallback
                         0x800'5753     0x2  Code  Wk  stm32g0xx_hal_tim.o [8]
HAL_UARTEx_DisableFifoMode
                         0x800'697d    0x46  Code  Gb  stm32g0xx_hal_uart_ex.o [8]
HAL_UARTEx_RxEventCallback
                         0x800'7d87     0x2  Code  Wk  stm32g0xx_hal_uart.o [8]
HAL_UARTEx_RxFifoFullCallback
                         0x800'7d8d     0x2  Code  Wk  stm32g0xx_hal_uart_ex.o [8]
HAL_UARTEx_SetRxFifoThreshold
                         0x800'6a19    0x56  Code  Gb  stm32g0xx_hal_uart_ex.o [8]
HAL_UARTEx_SetTxFifoThreshold
                         0x800'69c3    0x56  Code  Gb  stm32g0xx_hal_uart_ex.o [8]
HAL_UARTEx_TxFifoEmptyCallback
                         0x800'7d8b     0x2  Code  Wk  stm32g0xx_hal_uart_ex.o [8]
HAL_UARTEx_WakeupCallback
                         0x800'7d89     0x2  Code  Wk  stm32g0xx_hal_uart_ex.o [8]
HAL_UART_DeInit          0x800'280d    0x4a  Code  Gb  stm32g0xx_hal_uart.o [8]
HAL_UART_ErrorCallback   0x800'7d85     0x2  Code  Wk  stm32g0xx_hal_uart.o [8]
HAL_UART_IRQHandler      0x800'299d   0x37c  Code  Gb  stm32g0xx_hal_uart.o [8]
HAL_UART_Init            0x800'2789    0x7e  Code  Gb  stm32g0xx_hal_uart.o [8]
HAL_UART_MspDeInit       0x800'7ce1    0x6e  Code  Gb  stm32g0xx_hal_msp.o [4]
HAL_UART_MspInit         0x800'7b63   0x178  Code  Gb  stm32g0xx_hal_msp.o [4]
HAL_UART_Receive_IT      0x800'2857    0x7c  Code  Gb  stm32g0xx_hal_uart.o [8]
HAL_UART_RxCpltCallback
                         0x800'5703    0x14  Code  Gb  stm32_st87m01.o [2]
HAL_UART_Transmit_DMA    0x800'28d3    0xba  Code  Gb  stm32g0xx_hal_uart.o [8]
HAL_UART_TxCpltCallback
                         0x800'56ef    0x14  Code  Gb  stm32_st87m01.o [2]
HAL_UART_TxHalfCpltCallback
                         0x800'7e4d     0x2  Code  Wk  stm32g0xx_hal_uart.o [8]
HardFault_Handler        0x800'c6f7     0x4  Code  Gb  stm32g0xx_it.o [4]
I2C1_IRQHandler          0x800'c477          Code  Wk  startup_stm32g071xx.o [5]
I2C2_IRQHandler          0x800'c93b          Code  Wk  startup_stm32g071xx.o [5]
I2C_Flush_TXDR           0x800'6535    0x28  Code  Lc  stm32g0xx_hal_i2c.o [8]
I2C_IsErrorOccurred      0x800'66a1   0x142  Code  Lc  stm32g0xx_hal_i2c.o [8]
I2C_RequestMemoryRead    0x800'64ab    0x84  Code  Lc  stm32g0xx_hal_i2c.o [8]
I2C_RequestMemoryWrite   0x800'6425    0x86  Code  Lc  stm32g0xx_hal_i2c.o [8]
I2C_TransferConfig       0x800'67e3    0x36  Code  Lc  stm32g0xx_hal_i2c.o [8]
I2C_WaitOnFlagUntilTimeout
                         0x800'655d    0x82  Code  Lc  stm32g0xx_hal_i2c.o [8]
I2C_WaitOnSTOPFlagUntilTimeout
                         0x800'6645    0x5c  Code  Lc  stm32g0xx_hal_i2c.o [8]
I2C_WaitOnTXISFlagUntilTimeout
                         0x800'65df    0x66  Code  Lc  stm32g0xx_hal_i2c.o [8]
IO_modem_status_flag    0x2000'68c0    0x24  Data  Gb  modem_globals.o [9]
IsST87_Comm_ongoing     0x2000'6b7e     0x1  Data  Gb  cloud_module.o [1]
IsSTPM32_Comm_ongoing   0x2000'6b85     0x1  Data  Gb  metrology_module.o [1]
KernelState             0x2000'6a78     0x4  Data  Lc  cmsis_os2.o [6]
LL_EXTI_ClearRisingFlag_0_31
                         0x800'c6ed     0x6  Code  Lc  stm32g0xx_it.o [4]
LL_EXTI_DisableEvent_0_31
                         0x800'6c35     0xa  Code  Lc  stm32g0xx_ll_exti.o [8]
LL_EXTI_DisableEvent_32_63
                         0x800'6c3f     0xa  Code  Lc  stm32g0xx_ll_exti.o [8]
LL_EXTI_DisableFallingTrig_0_31
                         0x800'6c67     0xa  Code  Lc  stm32g0xx_ll_exti.o [8]
LL_EXTI_DisableIT_0_31   0x800'6c0d     0xa  Code  Lc  stm32g0xx_ll_exti.o [8]
LL_EXTI_DisableIT_32_63
                         0x800'6c17     0xa  Code  Lc  stm32g0xx_ll_exti.o [8]
LL_EXTI_DisableRisingTrig_0_31
                         0x800'6c53     0xa  Code  Lc  stm32g0xx_ll_exti.o [8]
LL_EXTI_EnableEvent_0_31
                         0x800'6c21     0xa  Code  Lc  stm32g0xx_ll_exti.o [8]
LL_EXTI_EnableEvent_32_63
                         0x800'6c2b     0xa  Code  Lc  stm32g0xx_ll_exti.o [8]
LL_EXTI_EnableFallingTrig_0_31
                         0x800'6c5d     0xa  Code  Lc  stm32g0xx_ll_exti.o [8]
LL_EXTI_EnableIT_0_31    0x800'6bf9     0xa  Code  Lc  stm32g0xx_ll_exti.o [8]
LL_EXTI_EnableIT_32_63   0x800'6c03     0xa  Code  Lc  stm32g0xx_ll_exti.o [8]
LL_EXTI_EnableRisingTrig_0_31
                         0x800'6c49     0xa  Code  Lc  stm32g0xx_ll_exti.o [8]
LL_EXTI_Init             0x800'6c89    0xf6  Code  Gb  stm32g0xx_ll_exti.o [8]
LL_EXTI_IsActiveRisingFlag_0_31
                         0x800'c6d9    0x14  Code  Lc  stm32g0xx_it.o [4]
LL_EXTI_SetEXTISource    0x800'2191    0x30  Code  Lc  main.o [4]
LL_GPIO_Init             0x800'6e3b    0x7a  Code  Gb  stm32g0xx_ll_gpio.o [8]
LL_GPIO_ResetOutputPin   0x800'218d     0x4  Code  Lc  main.o [4]
LL_GPIO_SetAFPin_0_7     0x800'6de7    0x24  Code  Lc  stm32g0xx_ll_gpio.o [8]
LL_GPIO_SetAFPin_8_15    0x800'6e0b    0x30  Code  Lc  stm32g0xx_ll_gpio.o [8]
LL_GPIO_SetPinMode       0x800'2155    0x1c  Code  Lc  main.o [4]
LL_GPIO_SetPinMode       0x800'6d81    0x1c  Code  Lc  stm32g0xx_ll_gpio.o [8]
LL_GPIO_SetPinOutputType
                         0x800'6d9d    0x12  Code  Lc  stm32g0xx_ll_gpio.o [8]
LL_GPIO_SetPinPull       0x800'2171    0x1c  Code  Lc  main.o [4]
LL_GPIO_SetPinPull       0x800'6dcb    0x1c  Code  Lc  stm32g0xx_ll_gpio.o [8]
LL_GPIO_SetPinSpeed      0x800'6daf    0x1c  Code  Lc  stm32g0xx_ll_gpio.o [8]
LL_IOP_GRP1_EnableClock
                         0x800'21c1    0x16  Code  Lc  main.o [4]
LL_RCC_GetAPB1Prescaler
                         0x800'5821     0xc  Code  Lc  stm32g0xx_hal_rcc.o [8]
LedStatusQueueCloudHandle
                        0x2000'6ab8     0x4  Data  Gb  main.o [4]
LedStatusQueueCloud_attributes
                         0x800'cd94    0x18  Data  Gb  main.o [4]
LedStatusQueueHandle    0x2000'6aac     0x4  Data  Gb  main.o [4]
LedStatusQueue_attributes
                         0x800'cd4c    0x18  Data  Gb  main.o [4]
Load_Data               0x2000'6928    0x14  Data  Gb  metrology_module.o [1]
Load_Sensor_data        0x2000'6a04    0x10  Data  Gb  cloud_module.o [1]
Load_metrology_data     0x2000'6914    0x14  Data  Gb  cloud_module.o [1]
MX_DMA_Init              0x800'25a1    0x26  Code  Lc  main.o [4]
MX_GPIO_Init             0x800'25ed    0xe0  Code  Lc  main.o [4]
MX_I2C2_Init             0x800'2379    0x4e  Code  Lc  main.o [4]
MX_TIM1_Init             0x800'23c7    0x70  Code  Gb  main.o [4]
MX_USART1_UART_Init      0x800'243d    0x6a  Code  Lc  main.o [4]
MX_USART2_UART_Init      0x800'24d5    0x6a  Code  Lc  main.o [4]
MX_USART4_UART_Init      0x800'255d    0x32  Code  Lc  main.o [4]
MetroCommStatusHandle   0x2000'6ab0     0x4  Data  Gb  main.o [4]
MetroCommStatus_attributes
                         0x800'cd64    0x18  Data  Gb  main.o [4]
MetroQueueHandle        0x2000'6aa4     0x4  Data  Gb  main.o [4]
MetroQueue_attributes    0x800'cd1c    0x18  Data  Gb  main.o [4]
MetroTaskHandle         0x2000'6a9c     0x4  Data  Gb  main.o [4]
MetroTask_attributes     0x800'cb1c    0x24  Data  Gb  main.o [4]
Metro_State             0x2000'6b84     0x1  Data  Gb  metrology_module.o [1]
Metrology_controler      0x800'743d   0x244  Code  Gb  metrology_module.o [1]
Metrology_controller_init
                         0x800'7433     0xa  Code  Gb  metrology_module.o [1]
Modem_AT_Cmd_Buff       0x2000'3b1c   0x6d8  Data  Gb  modem_globals.o [9]
Modem_Clear_Sckt_Closed_Status
                         0x800'17e3     0x8  Code  Gb  modem_module.o [9]
Modem_Client_Check_Socket_Status
                         0x800'1799    0x3a  Code  Gb  modem_module.o [9]
Modem_Control_Variables
                        0x2000'68fc    0x17  Data  Gb  modem_globals.o [9]
Modem_Counter_Variables
                        0x2000'633c    0x7c  Data  Gb  modem_globals.o [9]
Modem_Get_Sckt_Closed_Status
                         0x800'17dd     0x6  Code  Gb  modem_module.o [9]
Modem_HAL_UART_RxCpltCallback
                         0x800'0989    0x54  Code  Gb  modem_module.o [9]
Modem_HAL_UART_TxCpltCallback
                         0x800'0975     0x8  Code  Gb  modem_module.o [9]
Modem_Module_Init        0x800'0141    0x72  Code  Gb  modem_module.o [9]
Modem_Module_and_Timer_Init
                         0x800'00bd    0x84  Code  Gb  modem_module.o [9]
Modem_Queue_Client_Close_Event
                         0x800'17f1    0x3c  Code  Gb  modem_module.o [9]
Modem_Queue_Client_Open_Event
                         0x800'16ad    0x4c  Code  Gb  modem_module.o [9]
Modem_Queue_Client_Write_Event
                         0x800'1669    0x3e  Code  Gb  modem_module.o [9]
Modem_Queue_Mqtt_Client_Open_Event
                         0x800'16f9    0x3e  Code  Gb  modem_module.o [9]
Modem_Queue_Mqtt_Publish_Event
                         0x800'1749    0x44  Code  Gb  modem_module.o [9]
Modem_Receive_AT_Resp    0x800'09f1    0x32  Code  Gb  modem_module.o [9]
Modem_Receive_Data       0x800'0287    0x22  Code  Gb  modem_module.o [9]
Modem_Reset_AT_CMD_Buffer
                         0x800'1851    0x14  Code  Gb  modem_module.o [9]
Modem_Resume_Dequeue     0x800'08fd     0x8  Code  Gb  modem_module.o [9]
Modem_Socket_Pending_Data
                         0x800'44a1    0x36  Code  Gb  modem_interface.o [9]
Modem_Socket_Read        0x800'43d1    0x46  Code  Gb  modem_interface.o [9]
Modem_Start_Timer        0x800'08dd     0xc  Code  Gb  modem_module.o [9]
Modem_Stop_Timer         0x800'08e9    0x10  Code  Gb  modem_module.o [9]
Modem_SysTick_Isr        0x800'0915    0x5c  Code  Gb  modem_module.o [9]
Modem_TIM_Handler        0x800'02d9   0x5fe  Code  Gb  modem_module.o [9]
Modem_Tcp_Connection_Event
                         0x800'186d    0x48  Code  Gb  modem_module.o [9]
Modem_Timer_Config       0x800'5559    0x30  Code  Gb  stm32_st87m01.o [2]
Modem_Transmit_AT_Cmd    0x800'18b5    0x52  Code  Gb  modem_module.o [9]
Modem_UART_Configuration
                         0x800'5589    0x9a  Code  Gb  stm32_st87m01.o [2]
Modem_UART_Configuration::hdma_tx
                        0x2000'64cc    0x5c  Data  Lc  stm32_st87m01.o [2]
Modem_Wait_For_Sock_Read_To_Complete
                         0x800'1831    0x1c  Code  Gb  modem_module.o [9]
Mqtt_Connect_Socket      0x800'47a1    0x14  Code  Gb  modem_main.o [9]
Mqtt_Publish             0x800'47b5    0x1a  Code  Gb  modem_main.o [9]
NMI_Handler              0x800'c6f3     0x4  Code  Gb  stm32g0xx_it.o [4]
PVD_IRQHandler           0x800'3ce3          Code  Wk  startup_stm32g071xx.o [5]
PendSV_Handler           0x800'c28f          Code  Gb  portasm.o [6]
Process_Modem            0x800'0a29    0x1e  Code  Gb  modem_module.o [9]
Process_Modem_Buffer     0x800'0a85   0xbda  Code  Gb  modem_module.o [9]
Process_Modem_Buffer::Fillptr
                        0x2000'6b04     0x4  Data  Lc  modem_module.o [9]
Process_Modem_Buffer::databytes_No
                        0x2000'6a50     0x8  Data  Lc  modem_module.o [9]
Process_Modem_Buffer::pStr
                        0x2000'6b0c     0x4  Data  Lc  modem_module.o [9]
Process_Modem_Buffer::process_buffer
                        0x2000'46a4   0x4b0  Data  Lc  modem_module.o [9]
Process_Modem_Buffer::ptr_offset
                        0x2000'6b08     0x4  Data  Lc  modem_module.o [9]
Protocol                0x2000'6a70     0x4  Data  Gb  cloud_module.o [1]
RCC_IRQHandler           0x800'6d7f          Code  Wk  startup_stm32g071xx.o [5]
RTC_TAMP_IRQHandler      0x800'480f          Code  Wk  startup_stm32g071xx.o [5]
Region$$Table$$Base      0x800'cc10           --   Gb  - Linker created -
Region$$Table$$Limit     0x800'cc30           --   Gb  - Linker created -
Reset_Handler            0x800'cf3d          Code  Wk  startup_stm32g071xx.o [5]
SPI1_IRQHandler          0x800'cbff          Code  Wk  startup_stm32g071xx.o [5]
SPI2_IRQHandler          0x800'cc31          Code  Wk  startup_stm32g071xx.o [5]
ST87CommStatusHandle    0x2000'6ab4     0x4  Data  Gb  main.o [4]
ST87CommStatus_attributes
                         0x800'cd7c    0x18  Data  Gb  main.o [4]
ST87_Comm_ongoing       0x2000'6b86     0x1  Data  Gb  metrology_module.o [1]
STPM32_Comm_ongoing     0x2000'6b7f     0x1  Data  Gb  cloud_module.o [1]
SVC_Handler              0x800'c2cd          Code  Gb  portasm.o [6]
SVC_Setup                0x800'48b1     0xe  Code  Lc  cmsis_os2.o [6]
SensorQueueHandle       0x2000'6aa8     0x4  Data  Gb  main.o [4]
SensorQueue_attributes   0x800'cd34    0x18  Data  Gb  main.o [4]
SensorTaskHandle        0x2000'6aa0     0x4  Data  Gb  main.o [4]
SensorTask_attributes    0x800'cb40    0x24  Data  Gb  main.o [4]
Sensor_Controller        0x800'7a29    0x22  Code  Gb  Sensor_module.o [1]
Sensor_Init              0x800'77b9   0x1a4  Code  Gb  Sensor_module.o [1]
Sensor_Interrupt         0x800'7965    0xbe  Code  Gb  Sensor_module.o [1]
Sensor_data             0x2000'6a24    0x10  Data  Gb  Sensor_module.o [1]
Set_Modem_Control_Variables
                         0x800'01b3    0xb8  Code  Gb  modem_module.o [9]
Set_Modem_Counter_Variables
                         0x800'026b    0x1c  Code  Gb  modem_module.o [9]
SocketID                0x2000'6b7c     0x1  Data  Lc  cloud_module.o [1]
StartCloudTask           0x800'26e1     0xe  Code  Gb  main.o [4]
StartDefaultTask         0x800'26d5     0xc  Code  Gb  main.o [4]
StartMetroTask           0x800'26ef     0xe  Code  Gb  main.o [4]
StartSensorTask          0x800'26fd     0xe  Code  Gb  main.o [4]
SysTick_Handler          0x800'489d    0x14  Code  Gb  cmsis_os2.o [6]
SystemClock_Config       0x800'22fb    0x7e  Code  Gb  main.o [4]
SystemCoreClock         0x2000'003c     0x4  Data  Gb  system_stm32g0xx.o [3]
SystemInit               0x800'd0f1     0x2  Code  Gb  system_stm32g0xx.o [3]
TCP_Server_send          0x800'47e7    0x18  Code  Gb  modem_main.o [9]
TIM14_IRQHandler         0x800'b727          Code  Wk  startup_stm32g071xx.o [5]
TIM15_IRQHandler         0x800'562d     0xa  Code  Gb  stm32_st87m01.o [2]
TIM16_IRQHandler         0x800'5637     0xa  Code  Gb  stm32_st87m01.o [2]
TIM17_IRQHandler         0x800'bb4b          Code  Wk  startup_stm32g071xx.o [5]
TIM1_BRK_UP_TRG_COM_IRQHandler
                         0x800'c705    0x1c  Code  Gb  stm32g0xx_it.o [4]
TIM1_CC_IRQHandler       0x800'9f07          Code  Wk  startup_stm32g071xx.o [5]
TIM2_IRQHandler          0x800'b497          Code  Wk  startup_stm32g071xx.o [5]
TIM3_IRQHandler          0x800'b573          Code  Wk  startup_stm32g071xx.o [5]
TIM6_DAC_LPTIM1_IRQHandler
                         0x800'c721     0xa  Code  Gb  stm32g0xx_it.o [4]
TIM7_LPTIM2_IRQHandler   0x800'b577          Code  Wk  startup_stm32g071xx.o [5]
TIM_Base_SetConfig       0x800'201d    0x96  Code  Gb  stm32g0xx_hal_tim.o [8]
TIM_ETR_SetConfig        0x800'212f    0x16  Code  Gb  stm32g0xx_hal_tim.o [8]
TIM_ITRx_SetConfig       0x800'211d    0x10  Code  Lc  stm32g0xx_hal_tim.o [8]
TIM_TI1_ConfigInputStage
                         0x800'20d1    0x24  Code  Lc  stm32g0xx_hal_tim.o [8]
TIM_TI2_ConfigInputStage
                         0x800'20f5    0x26  Code  Lc  stm32g0xx_hal_tim.o [8]
Temperature_avg          0x800'777b    0x3e  Code  Gb  Sensor_module.o [1]
TimeSocketClosed        0x2000'6b89     0x1  Data  Lc  modem_main.o [9]
UARTEx_SetNbDataToProcess
                         0x800'6a79    0x72  Code  Lc  stm32g0xx_hal_uart_ex.o [8]
UARTEx_SetNbDataToProcess::denominator
                         0x800'd0c8     0x8  Data  Lc  stm32g0xx_hal_uart_ex.o [8]
UARTEx_SetNbDataToProcess::numerator
                         0x800'd0c0     0x8  Data  Lc  stm32g0xx_hal_uart_ex.o [8]
UARTPrescTable           0x800'cddc    0x18  Data  Gb  stm32g0xx_hal_uart.o [8]
UART_AdvFeatureConfig    0x800'3081    0xde  Code  Gb  stm32g0xx_hal_uart.o [8]
UART_CheckIdleState      0x800'3169    0xcc  Code  Gb  stm32g0xx_hal_uart.o [8]
UART_DMAAbortOnError     0x800'35cf    0x18  Code  Lc  stm32g0xx_hal_uart.o [8]
UART_DMAError            0x800'357d    0x52  Code  Lc  stm32g0xx_hal_uart.o [8]
UART_DMATransmitCplt     0x800'3501    0x52  Code  Lc  stm32g0xx_hal_uart.o [8]
UART_DMATxHalfCplt       0x800'3553     0xe  Code  Lc  stm32g0xx_hal_uart.o [8]
UART_EndRxTransfer       0x800'3499    0x64  Code  Lc  stm32g0xx_hal_uart.o [8]
UART_EndTransmit_IT      0x800'35e7    0x30  Code  Lc  stm32g0xx_hal_uart.o [8]
UART_EndTxTransfer       0x800'345d    0x3c  Code  Lc  stm32g0xx_hal_uart.o [8]
UART_RxISR_16BIT         0x800'370d    0xf6  Code  Lc  stm32g0xx_hal_uart.o [8]
UART_RxISR_16BIT_FIFOEN
                         0x800'3a01   0x1f8  Code  Lc  stm32g0xx_hal_uart.o [8]
UART_RxISR_8BIT          0x800'3617    0xf6  Code  Lc  stm32g0xx_hal_uart.o [8]
[...]
                         0x800'ae3d    0x38  Code  Gb  lis2dux12_reg.o [2]
lis2dux12_pin_int1_route_set
                         0x800'ae75   0x1fc  Code  Gb  lis2dux12_reg.o [2]
lis2dux12_read_reg       0x800'c425    0x24  Code  Wk  lis2dux12_reg.o [2]
lis2dux12_status_get     0x800'a929    0x76  Code  Gb  lis2dux12_reg.o [2]
lis2dux12_tap_config_set
                         0x800'b121   0x256  Code  Gb  lis2dux12_reg.o [2]
lis2dux12_tap_handler    0x800'7749    0x32  Code  Gb  Sensor_module.o [1]
lis2dux12_write_reg      0x800'c449    0x24  Code  Wk  lis2dux12_reg.o [2]
lis2dux12_xl_data_get    0x800'ad3b   0x102  Code  Gb  lis2dux12_reg.o [2]
local_rx_buf            0x2000'6784    0x40  Data  Lc  metro_hif.o [1]
local_rx_ptr            0x2000'6b83     0x1  Data  Lc  metro_hif.o [1]
localeconv               0x800'bb4d     0x4  Code  Gb  xlocale_c.o [10]
m2m_modem_init           0x800'6eb5    0x16  Code  Gb  m2m_modem.o [1]
m2m_modem_startup        0x800'6ecb    0x52  Code  Gb  m2m_modem.o [1]
m_element               0x2000'6950    0x14  Data  Gb  modem_globals.o [9]
main                     0x800'21d7   0x124  Code  Gb  main.o [4]
md                      0x2000'6b14     0x4  Data  Lc  Sensor_module.o [1]
memchr                   0x800'b5c1          Code  Gb  memchr.o [12]
metro_timer             0x2000'6ac8     0x4  Data  Gb  metrology_module.o [1]
millis                   0x800'6f1d     0x8  Code  Gb  cloud_module.o [1]
modemPushTimHandle      0x2000'6664    0x4c  Data  Gb  modem_globals.o [9]
modemTick               0x2000'6ae4     0x4  Data  Gb  modem_globals.o [9]
modemTimHandle          0x2000'6618    0x4c  Data  Gb  modem_globals.o [9]
modemTimeout            0x2000'6ae8     0x4  Data  Gb  modem_globals.o [9]
modem_UserDataBuff      0x2000'2f64   0xbb8  Data  Gb  modem_globals.o [9]
modem_buffer_empty       0x800'1a5b    0x12  Code  Gb  modem_ring_buffer.o [9]
modem_buffer_full        0x800'1a47    0x14  Code  Gb  modem_ring_buffer.o [9]
modem_buffer_init        0x800'1a0d    0x10  Code  Gb  modem_ring_buffer.o [9]
modem_buffer_is_half_empty
                         0x800'1a35    0x12  Code  Gb  modem_ring_buffer.o [9]
modem_buffer_is_half_full
                         0x800'1a1d    0x18  Code  Gb  modem_ring_buffer.o [9]
modem_connected         0x2000'6b87     0x1  Data  Gb  modem_globals.o [9]
modem_event_empty        0x800'1b5f    0x12  Code  Gb  modem_event_buffer.o [9]
modem_event_full         0x800'1b43    0x1c  Code  Gb  modem_event_buffer.o [9]
modem_event_init         0x800'1b2d    0x16  Code  Gb  modem_event_buffer.o [9]
modem_init               0x800'3ce5   0x4c4  Code  Gb  modem_interface.o [9]
modem_instances         0x2000'6740    0x44  Data  Gb  modem_module.o [9]
modem_main               0x800'451f    0x34  Code  Gb  modem_main.o [9]
modem_mqtt_publish       0x800'42c5    0x72  Code  Gb  modem_interface.o [9]
modem_network_time_buff
                        0x2000'67c4    0x40  Data  Gb  modem_globals.o [9]
modem_open_sockets      0x2000'6ae0     0x4  Data  Gb  modem_globals.o [9]
modem_peripherals_init   0x800'4505    0x1a  Code  Gb  modem_main.o [9]
modem_pop_buffer        0x2000'41f4   0x4b0  Data  Gb  modem_globals.o [9]
modem_pop_buffer_queue   0x800'1aab    0x6e  Code  Gb  modem_ring_buffer.o [9]
modem_pop_eventbuffer_queue
                         0x800'1bfb    0x7e  Code  Gb  modem_event_buffer.o [9]
modem_push_buffer_queue
                         0x800'1a6d    0x3e  Code  Gb  modem_ring_buffer.o [9]
modem_push_eventbuffer_queue
                         0x800'1b71    0x8a  Code  Gb  modem_event_buffer.o [9]
modem_reset_event        0x800'1c81    0x18  Code  Gb  modem_event_buffer.o [9]
modem_ring_buffer       0x2000'4b54   0x4b0  Data  Lc  modem_ring_buffer.o [9]
modem_socket_client_close
                         0x800'4417    0x2c  Code  Gb  modem_interface.o [9]
modem_socket_client_open
                         0x800'41b9    0x82  Code  Gb  modem_interface.o [9]
modem_socket_client_write
                         0x800'4359    0x6e  Code  Gb  modem_interface.o [9]
modem_socket_mqtt_open   0x800'424d    0x6e  Code  Gb  modem_interface.o [9]
modem_state             0x2000'6b8a     0x1  Data  Gb  modem_main.o [9]
modem_tcp_connection     0x800'4449    0x54  Code  Gb  modem_interface.o [9]
msg_Rx                  0x2000'66fc    0x44  Data  Gb  metro_hif.o [1]
myTest                  0x2000'6adc     0x4  Data  Gb  metrology_module.o [1]
net_set_current_time     0x800'4553   0x162  Code  Gb  modem_main.o [9]
net_set_current_time::_ytab
                         0x800'c93c    0x60  Data  Lc  modem_main.o [9]
osDelay                  0x800'4a0d    0x22  Code  Gb  cmsis_os2.o [6]
osKernelInitialize       0x800'48bf    0x26  Code  Gb  cmsis_os2.o [6]
osKernelStart            0x800'48e5    0x2e  Code  Gb  cmsis_os2.o [6]
osMessageQueueGet        0x800'4b71    0x8e  Code  Gb  cmsis_os2.o [6]
osMessageQueueNew        0x800'4a2f    0xb4  Code  Gb  cmsis_os2.o [6]
osMessageQueuePut        0x800'4ae3    0x8e  Code  Gb  cmsis_os2.o [6]
osMessageQueueReset      0x800'4c05    0x2c  Code  Gb  cmsis_os2.o [6]
osThreadNew              0x800'4925    0xe8  Code  Gb  cmsis_os2.o [6]
p_ind_modem_socket_client_remote_server_closed
                        0x2000'6af4     0x4  Data  Gb  modem_main.o [9]
p_ind_modem_socket_data_received
                        0x2000'6af0     0x4  Data  Gb  modem_main.o [9]
platform_read            0x800'771d    0x2c  Code  Lc  Sensor_module.o [1]
platform_write           0x800'76f1    0x2c  Code  Lc  Sensor_module.o [1]
port_number             0x2000'6b82     0x1  Data  Gb  main.o [4]
prvAddCurrentTaskToDelayedList
                         0x800'964d    0x66  Code  Lc  tasks.o [6]
prvAddNewTaskToReadyList
                         0x800'8f7d    0x80  Code  Lc  tasks.o [6]
prvCheckForValidListAndQueue
                         0x800'c217    0x4c  Code  Lc  timers.o [6]
prvCheckForValidListAndQueue{1}{2}{3}{4}::ucStaticTimerQueueStorage
                        0x2000'604c    0xa0  Data  Lc  timers.o [6]
prvCheckForValidListAndQueue{1}{2}{3}{4}::xStaticTimerQueue
                        0x2000'657c    0x50  Data  Lc  timers.o [6]
prvCheckTasksWaitingTermination
                         0x800'94cd    0x38  Code  Lc  tasks.o [6]
prvCopyDataFromQueue     0x800'9dad    0x34  Code  Lc  queue.o [6]
prvCopyDataToQueue       0x800'9d15    0x98  Code  Lc  queue.o [6]
prvDeleteTCB             0x800'951d    0x38  Code  Lc  tasks.o [6]
prvGetNextExpireTime     0x800'bfe1    0x28  Code  Lc  timers.o [6]
prvHeapInit              0x800'bcad    0x5c  Code  Lc  heap_4.o [6]
prvIdleTask              0x800'9473    0x16  Code  Lc  tasks.o [6]
prvInitialiseNewQueue    0x800'9915    0x28  Code  Lc  queue.o [6]
prvInitialiseNewTask     0x800'8ec9    0xb4  Code  Lc  tasks.o [6]
prvInitialiseTaskLists   0x800'9489    0x44  Code  Lc  tasks.o [6]
prvInsertBlockIntoFreeList
                         0x800'bd09    0x5c  Code  Lc  heap_4.o [6]
prvInsertTimerInActiveList
                         0x800'c037    0x4e  Code  Lc  timers.o [6]
prvIsQueueEmpty          0x800'9e4f    0x1c  Code  Lc  queue.o [6]
prvIsQueueFull           0x800'9e6b    0x1e  Code  Lc  queue.o [6]
prvProcessExpiredTimer   0x800'befd    0x5e  Code  Lc  timers.o [6]
prvProcessReceivedCommands
                         0x800'c085   0x11c  Code  Lc  timers.o [6]
prvProcessTimerOrBlockTask
                         0x800'bf75    0x62  Code  Lc  timers.o [6]
prvResetNextTaskUnblockTime
                         0x800'9555    0x26  Code  Lc  tasks.o [6]
prvSampleTimeNow         0x800'c011    0x26  Code  Lc  timers.o [6]
prvSampleTimeNow::xLastTime
                        0x2000'6b6c     0x4  Data  Lc  timers.o [6]
prvSwitchTimerLists      0x800'c1a5    0x72  Code  Lc  timers.o [6]
prvTaskExitError         0x800'96e9    0x16  Code  Lc  port.o [6]
prvTimerTask             0x800'bf5b    0x1a  Code  Lc  timers.o [6]
prvUnlockQueue           0x800'9de1    0x6e  Code  Lc  queue.o [6]
pvPortMalloc             0x800'bb59    0xea  Code  Gb  heap_4.o [6]
pxCurrentTCB            0x2000'6b20     0x4  Data  Gb  tasks.o [6]
pxCurrentTimerList      0x2000'6b5c     0x4  Data  Lc  timers.o [6]
pxDelayedTaskList       0x2000'6b24     0x4  Data  Lc  tasks.o [6]
pxEnd                   0x2000'6a7c     0x4  Data  Lc  heap_4.o [6]
pxOverflowDelayedTaskList
                        0x2000'6b28     0x4  Data  Lc  tasks.o [6]
pxOverflowTimerList     0x2000'6b60     0x4  Data  Lc  timers.o [6]
pxPortInitialiseStack    0x800'96cd    0x1a  Code  Gb  port.o [6]
pxReadyTasksLists       0x2000'5004   0x460  Data  Lc  tasks.o [6]
readmetreq_error        0x2000'6ad8     0x4  Data  Gb  metrology_module.o [1]
scalbln                  0x800'b665          Code  Gb  ldexp.o [11]
scalblnl                 0x800'b665          Code  Gb  ldexp.o [11]
scalbn                   0x800'b665          Code  Gb  ldexp.o [11]
scalbnl                  0x800'b665          Code  Gb  ldexp.o [11]
scale                    0x800'8d69    0x44  Code  Lc  xprintffull_nomb.o [10]
sckt_type               0x2000'6b81     0x1  Data  Gb  main.o [4]
sec_hand                0x2000'6b70     0x4  Data  Lc  xfail_s.o [10]
server_ip               0x2000'0000    0x10  Data  Gb  cloud_module.o [1]
server_port             0x2000'6a68     0x4  Data  Gb  cloud_module.o [1]
setreq_error            0x2000'6ad4     0x4  Data  Gb  metrology_module.o [1]
sizeTest                0x2000'6b7d     0x1  Data  Gb  cloud_module.o [1]
sprintf                  0x800'3c55    0x40  Code  Gb  sprintf.o [10]
st87_rst_counter        0x2000'6a74     0x4  Data  Gb  cloud_module.o [1]
status                  0x2000'6b8e     0x1  Data  Gb  Sensor_module.o [1]
strchr                   0x800'7e51          Code  Gb  strchr.o [12]
strlen                   0x800'3c45          Code  Gb  strlen.o [12]
strstr                   0x800'3c15    0x2e  Code  Gb  strstr.o [10]
temp_avg                0x2000'6898    0x28  Data  Gb  Sensor_module.o [1]
tempo                   0x2000'6aec     0x4  Data  Gb  modem_interface.o [9]
time_ind_modem_socket_client_remote_server_closed
                         0x800'4707    0x12  Code  Gb  modem_main.o [9]
time_ind_modem_socket_data_received
                         0x800'46db    0x2c  Code  Gb  modem_main.o [9]
timeout_error_counter   0x2000'6acc     0x4  Data  Gb  metrology_module.o [1]
topic_street_data       0x2000'0024     0xc  Data  Gb  cloud_module.o [1]
try_again               0x2000'0080     0x1  Data  Gb  cloud_module.o [1]
txBuff                  0x2000'6ad0     0x4  Data  Gb  metrology_module.o [1]
uart_rx_parser_data     0x2000'68e4    0x18  Data  Lc  metro_hif.o [1]
uart_rx_parser_data_buffer
                        0x2000'6ac0     0x4  Data  Lc  metro_hif.o [1]
uart_rx_parser_get_cmdid
                         0x800'a3e3    0x18  Code  Lc  metro_hif.o [1]
uart_rx_parser_get_counter
                         0x800'a479    0x44  Code  Lc  metro_hif.o [1]
uart_rx_parser_get_crc   0x800'a569    0x92  Code  Lc  metro_hif.o [1]
uart_rx_parser_get_msglen
                         0x800'a3fb    0x66  Code  Lc  metro_hif.o [1]
uart_rx_parser_get_payload
                         0x800'a4d1    0x84  Code  Lc  metro_hif.o [1]
uart_rx_parser_get_secmode
                         0x800'a461    0x18  Code  Lc  metro_hif.o [1]
uart_rx_parser_get_tag   0x800'a555     0x6  Code  Lc  metro_hif.o [1]
uart_rx_parser_search_preamble
                         0x800'a38d    0x56  Code  Lc  metro_hif.o [1]
uart_tx_handler_data    0x2000'6a48     0x8  Data  Lc  metro_hif.o [1]
uart_tx_handler_data_buffer
                        0x2000'5e4c   0x200  Data  Lc  metro_hif.o [1]
ucHeap                  0x2000'0084  0x2ee0  Data  Lc  heap_4.o [6]
udp_timer               0x2000'6a60     0x4  Data  Gb  cloud_module.o [1]
ulSetInterruptMaskFromISR
                         0x800'c2f1          Code  Gb  portasm.o [6]
uwTick                  0x2000'6b1c     0x4  Data  Gb  stm32g0xx_hal.o [8]
uwTickFreq              0x2000'0081     0x1  Data  Gb  stm32g0xx_hal.o [8]
uwTickPrio              0x2000'0038     0x4  Data  Gb  stm32g0xx_hal.o [8]
uxCriticalNesting       0x2000'0034     0x4  Data  Lc  port.o [6]
uxCurrentNumberOfTasks  0x2000'6b30     0x4  Data  Lc  tasks.o [6]
uxDeletedTasksWaitingCleanUp
                        0x2000'6b2c     0x4  Data  Lc  tasks.o [6]
uxListRemove             0x800'bdff    0x2a  Code  Gb  list.o [6]
uxSchedulerSuspended    0x2000'6b58     0x4  Data  Lc  tasks.o [6]
uxTaskNumber            0x2000'6b4c     0x4  Data  Lc  tasks.o [6]
uxTopReadyPriority      0x2000'6b38     0x4  Data  Lc  tasks.o [6]
vApplicationGetIdleTaskMemory
                         0x800'be29    0x18  Code  Wk  cmsis_os2.o [6]
vApplicationGetIdleTaskMemory::Idle_Stack
                        0x2000'5c4c   0x200  Data  Lc  cmsis_os2.o [6]
vApplicationGetIdleTaskMemory::Idle_TCB
                        0x2000'63b8    0x5c  Data  Lc  cmsis_os2.o [6]
vApplicationGetTimerTaskMemory
                         0x800'c479    0x18  Code  Wk  cmsis_os2.o [6]
vApplicationGetTimerTaskMemory::Timer_Stack
                        0x2000'5464   0x400  Data  Lc  cmsis_os2.o [6]
vApplicationGetTimerTaskMemory::Timer_TCB
                        0x2000'6414    0x5c  Data  Lc  cmsis_os2.o [6]
vClearInterruptMaskFromISR
                         0x800'c2f9          Code  Gb  portasm.o [6]
vListInitialise          0x800'bd8d    0x1e  Code  Gb  list.o [6]
vListInitialiseItem      0x800'bdab     0x6  Code  Gb  list.o [6]
vListInsert              0x800'bdc9    0x36  Code  Gb  list.o [6]
vListInsertEnd           0x800'bdb1    0x18  Code  Gb  list.o [6]
vPortEnterCritical       0x800'973d    0x14  Code  Gb  port.o [6]
vPortExitCritical        0x800'9751    0x1e  Code  Gb  port.o [6]
vPortFree                0x800'bc45    0x68  Code  Gb  heap_4.o [6]
vPortSetupTimerInterrupt
                         0x800'978f    0x24  Code  Wk  port.o [6]
vPortStartFirstTask      0x800'c2cf          Code  Gb  portasm.o [6]
vPortYield               0x800'9729    0x12  Code  Gb  port.o [6]
vQueueAddToRegistry      0x800'9e8b    0x2a  Code  Gb  queue.o [6]
vQueueWaitForMessageRestricted
                         0x800'9eb9    0x4c  Code  Gb  queue.o [6]
vSetMSP                  0x800'c289          Code  Gb  portasm.o [6]
vTaskDelay               0x800'8ffd    0x32  Code  Gb  tasks.o [6]
vTaskInternalSetTimeOutState
                         0x800'93e9     0xe  Code  Gb  tasks.o [6]
vTaskMissedYield         0x800'946b     0x8  Code  Gb  tasks.o [6]
vTaskPlaceOnEventList    0x800'92fd    0x26  Code  Gb  tasks.o [6]
vTaskPlaceOnEventListRestricted
                         0x800'932d    0x32  Code  Gb  tasks.o [6]
vTaskStartScheduler      0x800'904d    0x74  Code  Gb  tasks.o [6]
vTaskSuspendAll          0x800'90c1     0xa  Code  Gb  tasks.o [6]
vTaskSwitchContext       0x800'9299    0x5c  Code  Gb  tasks.o [6]
val                     0x2000'6a34     0xc  Data  Gb  Sensor_module.o [1]
xActiveTimerList1       0x2000'69dc    0x14  Data  Lc  timers.o [6]
xActiveTimerList2       0x2000'69f0    0x14  Data  Lc  timers.o [6]
xBlockAllocatedBit      0x2000'6a90     0x4  Data  Lc  heap_4.o [6]
xDelayedTaskList1       0x2000'6978    0x14  Data  Lc  tasks.o [6]
xDelayedTaskList2       0x2000'698c    0x14  Data  Lc  tasks.o [6]
xFreeBytesRemaining     0x2000'6a80     0x4  Data  Lc  heap_4.o [6]
xHeapStructSize          0x800'd0e8     0x4  Data  Lc  heap_4.o [6]
xIdleTaskHandle         0x2000'6b54     0x4  Data  Lc  tasks.o [6]
xMinimumEverFreeBytesRemaining
                        0x2000'6a84     0x4  Data  Lc  heap_4.o [6]
xNextTaskUnblockTime    0x2000'6b50     0x4  Data  Lc  tasks.o [6]
xNumOfOverflows         0x2000'6b48     0x4  Data  Lc  tasks.o [6]
xNumberOfSuccessfulAllocations
                        0x2000'6a88     0x4  Data  Lc  heap_4.o [6]
xNumberOfSuccessfulFrees
                        0x2000'6a8c     0x4  Data  Lc  heap_4.o [6]
xPendedTicks            0x2000'6b40     0x4  Data  Lc  tasks.o [6]
xPendingReadyList       0x2000'69a0    0x14  Data  Lc  tasks.o [6]
xPortStartScheduler      0x800'96ff    0x2a  Code  Gb  port.o [6]
xPortSysTickHandler      0x800'976f    0x20  Code  Gb  port.o [6]
xQueueGenericCreate      0x800'98d1    0x44  Code  Gb  queue.o [6]
xQueueGenericCreateStatic
                         0x800'984d    0x82  Code  Gb  queue.o [6]
xQueueGenericReset       0x800'97d5    0x76  Code  Gb  queue.o [6]
xQueueGenericSend        0x800'993d   0x14e  Code  Gb  queue.o [6]
xQueueGenericSendFromISR
                         0x800'9a8d    0xba  Code  Gb  queue.o [6]
xQueueReceive            0x800'9b49   0x130  Code  Gb  queue.o [6]
xQueueReceiveFromISR     0x800'9c79    0x9c  Code  Gb  queue.o [6]
xQueueRegistry          0x2000'6804    0x40  Data  Gb  queue.o [6]
xSchedulerRunning       0x2000'6b3c     0x4  Data  Lc  tasks.o [6]
xStart                  0x2000'6a40     0x8  Data  Lc  heap_4.o [6]
xSuspendedTaskList      0x2000'69c8    0x14  Data  Lc  tasks.o [6]
xTaskCheckForTimeOut     0x800'93fd    0x6e  Code  Gb  tasks.o [6]
xTaskCreate              0x800'8e5d    0x6c  Code  Gb  tasks.o [6]
xTaskCreateStatic        0x800'8ded    0x70  Code  Gb  tasks.o [6]
xTaskGetSchedulerState   0x800'9581    0x1e  Code  Gb  tasks.o [6]
xTaskGetTickCount        0x800'9189     0x6  Code  Gb  tasks.o [6]
xTaskIncrementTick       0x800'91b5    0xe2  Code  Gb  tasks.o [6]
xTaskPriorityDisinherit
                         0x800'95c1    0x6e  Code  Gb  tasks.o [6]
xTaskRemoveFromEventList
                         0x800'9369    0x6a  Code  Gb  tasks.o [6]
xTaskResumeAll           0x800'90d1    0xb8  Code  Gb  tasks.o [6]
xTasksWaitingTermination
                        0x2000'69b4    0x14  Data  Lc  tasks.o [6]
xTickCount              0x2000'6b34     0x4  Data  Lc  tasks.o [6]
xTimerCreateTimerTask    0x800'be41    0x56  Code  Gb  timers.o [6]
xTimerGenericCommand     0x800'be99    0x62  Code  Gb  timers.o [6]
xTimerQueue             0x2000'6b64     0x4  Data  Lc  timers.o [6]
xTimerTaskHandle        0x2000'6b68     0x4  Data  Lc  timers.o [6]
xYieldPending           0x2000'6b44     0x4  Data  Lc  tasks.o [6]


[1] = C:\Users\bernard6\OneDrive - STMicroelectronics\Documents\street_lighting_fw_europe_distributech\ST87_G071_SL_V008b\EWARM\ST87_G071xB_SL\Obj\Apps_139222153124407364.dir
[2] = C:\Users\bernard6\OneDrive - STMicroelectronics\Documents\street_lighting_fw_europe_distributech\ST87_G071_SL_V008b\EWARM\ST87_G071xB_SL\Obj\BSP_16987466797925798938.dir
[3] = C:\Users\bernard6\OneDrive - STMicroelectronics\Documents\street_lighting_fw_europe_distributech\ST87_G071_SL_V008b\EWARM\ST87_G071xB_SL\Obj\CMSIS_6603591812247902717.dir
[4] = C:\Users\bernard6\OneDrive - STMicroelectronics\Documents\street_lighting_fw_europe_distributech\ST87_G071_SL_V008b\EWARM\ST87_G071xB_SL\Obj\Core_13247989168731456611.dir
[5] = C:\Users\bernard6\OneDrive - STMicroelectronics\Documents\street_lighting_fw_europe_distributech\ST87_G071_SL_V008b\EWARM\ST87_G071xB_SL\Obj\EWARM_18443280873093131863.dir
[6] = C:\Users\bernard6\OneDrive - STMicroelectronics\Documents\street_lighting_fw_europe_distributech\ST87_G071_SL_V008b\EWARM\ST87_G071xB_SL\Obj\FreeRTOS_4809373609813369194.dir
[7] = C:\Users\bernard6\OneDrive - STMicroelectronics\Documents\street_lighting_fw_europe_distributech\ST87_G071_SL_V008b\EWARM\ST87_G071xB_SL\Obj\Libs_3913195376021097889.dir
[8] = C:\Users\bernard6\OneDrive - STMicroelectronics\Documents\street_lighting_fw_europe_distributech\ST87_G071_SL_V008b\EWARM\ST87_G071xB_SL\Obj\STM32G0xx_HAL_Driver_14800413719917403617.dir
[9] = C:\Users\bernard6\OneDrive - STMicroelectronics\Documents\street_lighting_fw_europe_distributech\ST87_G071_SL_V008b\EWARM\ST87_G071xB_SL\Obj\m2m_modem_2353766246464904183.dir
[10] = dl6M_tlf.a
[11] = m6M_tl.a
[12] = rt6M_tl.a
[13] = shb_l.a

  50'849 bytes of readonly  code memory
   2'754 bytes of readonly  data memory
  29'584 bytes of readwrite data memory

Errors: none
Warnings: none
