###############################################################################
#
# IAR ELF Linker V9.70.1.475/W64 for ARM                  12/Mar/2026  08:49:07
# Copyright 2007-2025 IAR Systems AB.
#
#    Output file  =
#        C:\Users\bernard6\OneDrive -
#        STMicroelectronics\Documents\street_lighting_fw_europe_distributech\ST87_G071_SL_V008b\EWARM\ST87_G071xB_SL\Exe\ST87_G071_SL.out
#    Map file     =
#        C:\Users\bernard6\OneDrive -
#        STMicroelectronics\Documents\street_lighting_fw_europe_distributech\ST87_G071_SL_V008b\EWARM\ST87_G071xB_SL\List\ST87_G071_SL.map
#    Command line =
#        -f "C:\Users\bernard6\OneDrive -
#        STMicroelectronics\Documents\street_lighting_fw_europe_distributech\ST87_G071_SL_V008b\EWARM\ST87_G071xB_SL\Exe\ST87_G071_SL.out.rsp"
#        ("C:\Users\bernard6\OneDrive -
#        STMicroelectronics\Documents\street_lighting_fw_europe_distributech\ST87_G071_SL_V008b\EWARM\ST87_G071xB_SL\Obj\Core_13247989168731456611.dir\app_freertos.o"
#        "C:\Users\bernard6\OneDrive -
#        STMicroelectronics\Documents\street_lighting_fw_europe_distributech\ST87_G071_SL_V008b\EWARM\ST87_G071xB_SL\Obj\m2m_modem_2353766246464904183.dir\app_modem_read.o"
#        "C:\Users\bernard6\OneDrive -
#        STMicroelectronics\Documents\street_lighting_fw_europe_distributech\ST87_G071_SL_V008b\EWARM\ST87_G071xB_SL\Obj\Apps_139222153124407364.dir\cloud_module.o"
#        "C:\Users\bernard6\OneDrive -
#        STMicroelectronics\Documents\street_lighting_fw_europe_distributech\ST87_G071_SL_V008b\EWARM\ST87_G071xB_SL\Obj\FreeRTOS_4809373609813369194.dir\cmsis_os2.o"
#        "C:\Users\bernard6\OneDrive -
#        STMicroelectronics\Documents\street_lighting_fw_europe_distributech\ST87_G071_SL_V008b\EWARM\ST87_G071xB_SL\Obj\Apps_139222153124407364.dir\crc.o"
#        "C:\Users\bernard6\OneDrive -
#        STMicroelectronics\Documents\street_lighting_fw_europe_distributech\ST87_G071_SL_V008b\EWARM\ST87_G071xB_SL\Obj\FreeRTOS_4809373609813369194.dir\croutine.o"
#        "C:\Users\bernard6\OneDrive -
#        STMicroelectronics\Documents\street_lighting_fw_europe_distributech\ST87_G071_SL_V008b\EWARM\ST87_G071xB_SL\Obj\FreeRTOS_4809373609813369194.dir\event_groups.o"
#        "C:\Users\bernard6\OneDrive -
#        STMicroelectronics\Documents\street_lighting_fw_europe_distributech\ST87_G071_SL_V008b\EWARM\ST87_G071xB_SL\Obj\FreeRTOS_4809373609813369194.dir\heap_4.o"
#        "C:\Users\bernard6\OneDrive -
#        STMicroelectronics\Documents\street_lighting_fw_europe_distributech\ST87_G071_SL_V008b\EWARM\ST87_G071xB_SL\Obj\BSP_16987466797925798938.dir\lis2du12_reg.o"
#        "C:\Users\bernard6\OneDrive -
#        STMicroelectronics\Documents\street_lighting_fw_europe_distributech\ST87_G071_SL_V008b\EWARM\ST87_G071xB_SL\Obj\BSP_16987466797925798938.dir\lis2dux12_reg.o"
#        "C:\Users\bernard6\OneDrive -
#        STMicroelectronics\Documents\street_lighting_fw_europe_distributech\ST87_G071_SL_V008b\EWARM\ST87_G071xB_SL\Obj\BSP_16987466797925798938.dir\lis2dw12_reg.o"
#        "C:\Users\bernard6\OneDrive -
#        STMicroelectronics\Documents\street_lighting_fw_europe_distributech\ST87_G071_SL_V008b\EWARM\ST87_G071xB_SL\Obj\FreeRTOS_4809373609813369194.dir\list.o"
#        "C:\Users\bernard6\OneDrive -
#        STMicroelectronics\Documents\street_lighting_fw_europe_distributech\ST87_G071_SL_V008b\EWARM\ST87_G071xB_SL\Obj\Apps_139222153124407364.dir\m2m_modem.o"
#        "C:\Users\bernard6\OneDrive -
#        STMicroelectronics\Documents\street_lighting_fw_europe_distributech\ST87_G071_SL_V008b\EWARM\ST87_G071xB_SL\Obj\Core_13247989168731456611.dir\main.o"
#        "C:\Users\bernard6\OneDrive -
#        STMicroelectronics\Documents\street_lighting_fw_europe_distributech\ST87_G071_SL_V008b\EWARM\ST87_G071xB_SL\Obj\Apps_139222153124407364.dir\mem_pool.o"
#        "C:\Users\bernard6\OneDrive -
#        STMicroelectronics\Documents\street_lighting_fw_europe_distributech\ST87_G071_SL_V008b\EWARM\ST87_G071xB_SL\Obj\Apps_139222153124407364.dir\metro_hif.o"
#        "C:\Users\bernard6\OneDrive -
#        STMicroelectronics\Documents\street_lighting_fw_europe_distributech\ST87_G071_SL_V008b\EWARM\ST87_G071xB_SL\Obj\Apps_139222153124407364.dir\metrology_module.o"
#        "C:\Users\bernard6\OneDrive -
#        STMicroelectronics\Documents\street_lighting_fw_europe_distributech\ST87_G071_SL_V008b\EWARM\ST87_G071xB_SL\Obj\m2m_modem_2353766246464904183.dir\modem_event_buffer.o"
#        "C:\Users\bernard6\OneDrive -
#        STMicroelectronics\Documents\street_lighting_fw_europe_distributech\ST87_G071_SL_V008b\EWARM\ST87_G071xB_SL\Obj\m2m_modem_2353766246464904183.dir\modem_globals.o"
#        "C:\Users\bernard6\OneDrive -
#        STMicroelectronics\Documents\street_lighting_fw_europe_distributech\ST87_G071_SL_V008b\EWARM\ST87_G071xB_SL\Obj\m2m_modem_2353766246464904183.dir\modem_interface.o"
#        "C:\Users\bernard6\OneDrive -
#        STMicroelectronics\Documents\street_lighting_fw_europe_distributech\ST87_G071_SL_V008b\EWARM\ST87_G071xB_SL\Obj\m2m_modem_2353766246464904183.dir\modem_main.o"
#        "C:\Users\bernard6\OneDrive -
#        STMicroelectronics\Documents\street_lighting_fw_europe_distributech\ST87_G071_SL_V008b\EWARM\ST87_G071xB_SL\Obj\m2m_modem_2353766246464904183.dir\modem_module.o"
#        "C:\Users\bernard6\OneDrive -
#        STMicroelectronics\Documents\street_lighting_fw_europe_distributech\ST87_G071_SL_V008b\EWARM\ST87_G071xB_SL\Obj\m2m_modem_2353766246464904183.dir\modem_ring_buffer.o"
#        "C:\Users\bernard6\OneDrive -
#        STMicroelectronics\Documents\street_lighting_fw_europe_distributech\ST87_G071_SL_V008b\EWARM\ST87_G071xB_SL\Obj\FreeRTOS_4809373609813369194.dir\port.o"
#        "C:\Users\bernard6\OneDrive -
#        STMicroelectronics\Documents\street_lighting_fw_europe_distributech\ST87_G071_SL_V008b\EWARM\ST87_G071xB_SL\Obj\FreeRTOS_4809373609813369194.dir\portasm.o"
#        "C:\Users\bernard6\OneDrive -
#        STMicroelectronics\Documents\street_lighting_fw_europe_distributech\ST87_G071_SL_V008b\EWARM\ST87_G071xB_SL\Obj\FreeRTOS_4809373609813369194.dir\queue.o"
#        "C:\Users\bernard6\OneDrive -
#        STMicroelectronics\Documents\street_lighting_fw_europe_distributech\ST87_G071_SL_V008b\EWARM\ST87_G071xB_SL\Obj\Apps_139222153124407364.dir\Sensor_module.o"
#        "C:\Users\bernard6\OneDrive -
#        STMicroelectronics\Documents\street_lighting_fw_europe_distributech\ST87_G071_SL_V008b\EWARM\ST87_G071xB_SL\Obj\EWARM_18443280873093131863.dir\startup_stm32g071xx.o"
#        "C:\Users\bernard6\OneDrive -
#        STMicroelectronics\Documents\street_lighting_fw_europe_distributech\ST87_G071_SL_V008b\EWARM\ST87_G071xB_SL\Obj\BSP_16987466797925798938.dir\stm32_st87m01.o"
#        "C:\Users\bernard6\OneDrive -
#        STMicroelectronics\Documents\street_lighting_fw_europe_distributech\ST87_G071_SL_V008b\EWARM\ST87_G071xB_SL\Obj\STM32G0xx_HAL_Driver_14800413719917403617.dir\stm32g0xx_hal.o"
#        "C:\Users\bernard6\OneDrive -
#        STMicroelectronics\Documents\street_lighting_fw_europe_distributech\ST87_G071_SL_V008b\EWARM\ST87_G071xB_SL\Obj\STM32G0xx_HAL_Driver_14800413719917403617.dir\stm32g0xx_hal_cortex.o"
#        "C:\Users\bernard6\OneDrive -
#        STMicroelectronics\Documents\street_lighting_fw_europe_distributech\ST87_G071_SL_V008b\EWARM\ST87_G071xB_SL\Obj\STM32G0xx_HAL_Driver_14800413719917403617.dir\stm32g0xx_hal_dma.o"
#        "C:\Users\bernard6\OneDrive -
#        STMicroelectronics\Documents\street_lighting_fw_europe_distributech\ST87_G071_SL_V008b\EWARM\ST87_G071xB_SL\Obj\STM32G0xx_HAL_Driver_14800413719917403617.dir\stm32g0xx_hal_dma_ex.o"
#        "C:\Users\bernard6\OneDrive -
#        STMicroelectronics\Documents\street_lighting_fw_europe_distributech\ST87_G071_SL_V008b\EWARM\ST87_G071xB_SL\Obj\STM32G0xx_HAL_Driver_14800413719917403617.dir\stm32g0xx_hal_exti.o"
#        "C:\Users\bernard6\OneDrive -
#        STMicroelectronics\Documents\street_lighting_fw_europe_distributech\ST87_G071_SL_V008b\EWARM\ST87_G071xB_SL\Obj\STM32G0xx_HAL_Driver_14800413719917403617.dir\stm32g0xx_hal_flash.o"
#        "C:\Users\bernard6\OneDrive -
#        STMicroelectronics\Documents\street_lighting_fw_europe_distributech\ST87_G071_SL_V008b\EWARM\ST87_G071xB_SL\Obj\STM32G0xx_HAL_Driver_14800413719917403617.dir\stm32g0xx_hal_flash_ex.o"
#        "C:\Users\bernard6\OneDrive -
#        STMicroelectronics\Documents\street_lighting_fw_europe_distributech\ST87_G071_SL_V008b\EWARM\ST87_G071xB_SL\Obj\STM32G0xx_HAL_Driver_14800413719917403617.dir\stm32g0xx_hal_gpio.o"
#        "C:\Users\bernard6\OneDrive -
#        STMicroelectronics\Documents\street_lighting_fw_europe_distributech\ST87_G071_SL_V008b\EWARM\ST87_G071xB_SL\Obj\STM32G0xx_HAL_Driver_14800413719917403617.dir\stm32g0xx_hal_i2c.o"
#        "C:\Users\bernard6\OneDrive -
#        STMicroelectronics\Documents\street_lighting_fw_europe_distributech\ST87_G071_SL_V008b\EWARM\ST87_G071xB_SL\Obj\STM32G0xx_HAL_Driver_14800413719917403617.dir\stm32g0xx_hal_i2c_ex.o"
#        "C:\Users\bernard6\OneDrive -
#        STMicroelectronics\Documents\street_lighting_fw_europe_distributech\ST87_G071_SL_V008b\EWARM\ST87_G071xB_SL\Obj\Core_13247989168731456611.dir\stm32g0xx_hal_msp.o"
#        "C:\Users\bernard6\OneDrive -
#        STMicroelectronics\Documents\street_lighting_fw_europe_distributech\ST87_G071_SL_V008b\EWARM\ST87_G071xB_SL\Obj\STM32G0xx_HAL_Driver_14800413719917403617.dir\stm32g0xx_hal_pwr.o"
#        "C:\Users\bernard6\OneDrive -
#        STMicroelectronics\Documents\street_lighting_fw_europe_distributech\ST87_G071_SL_V008b\EWARM\ST87_G071xB_SL\Obj\STM32G0xx_HAL_Driver_14800413719917403617.dir\stm32g0xx_hal_pwr_ex.o"
#        "C:\Users\bernard6\OneDrive -
#        STMicroelectronics\Documents\street_lighting_fw_europe_distributech\ST87_G071_SL_V008b\EWARM\ST87_G071xB_SL\Obj\STM32G0xx_HAL_Driver_14800413719917403617.dir\stm32g0xx_hal_rcc.o"
#        "C:\Users\bernard6\OneDrive -
#        STMicroelectronics\Documents\street_lighting_fw_europe_distributech\ST87_G071_SL_V008b\EWARM\ST87_G071xB_SL\Obj\STM32G0xx_HAL_Driver_14800413719917403617.dir\stm32g0xx_hal_rcc_ex.o"
#        "C:\Users\bernard6\OneDrive -
#        STMicroelectronics\Documents\street_lighting_fw_europe_distributech\ST87_G071_SL_V008b\EWARM\ST87_G071xB_SL\Obj\STM32G0xx_HAL_Driver_14800413719917403617.dir\stm32g0xx_hal_tim.o"
#        "C:\Users\bernard6\OneDrive -
#        STMicroelectronics\Documents\street_lighting_fw_europe_distributech\ST87_G071_SL_V008b\EWARM\ST87_G071xB_SL\Obj\STM32G0xx_HAL_Driver_14800413719917403617.dir\stm32g0xx_hal_tim_ex.o"
#        "C:\Users\bernard6\OneDrive -
#        STMicroelectronics\Documents\street_lighting_fw_europe_distributech\ST87_G071_SL_V008b\EWARM\ST87_G071xB_SL\Obj\Core_13247989168731456611.dir\stm32g0xx_hal_timebase_tim.o"
#        "C:\Users\bernard6\OneDrive -
#        STMicroelectronics\Documents\street_lighting_fw_europe_distributech\ST87_G071_SL_V008b\EWARM\ST87_G071xB_SL\Obj\STM32G0xx_HAL_Driver_14800413719917403617.dir\stm32g0xx_hal_uart.o"
#        "C:\Users\bernard6\OneDrive -
#        STMicroelectronics\Documents\street_lighting_fw_europe_distributech\ST87_G071_SL_V008b\EWARM\ST87_G071xB_SL\Obj\STM32G0xx_HAL_Driver_14800413719917403617.dir\stm32g0xx_hal_uart_ex.o"
#        "C:\Users\bernard6\OneDrive -
#        STMicroelectronics\Documents\street_lighting_fw_europe_distributech\ST87_G071_SL_V008b\EWARM\ST87_G071xB_SL\Obj\Core_13247989168731456611.dir\stm32g0xx_it.o"
#        "C:\Users\bernard6\OneDrive -
#        STMicroelectronics\Documents\street_lighting_fw_europe_distributech\ST87_G071_SL_V008b\EWARM\ST87_G071xB_SL\Obj\STM32G0xx_HAL_Driver_14800413719917403617.dir\stm32g0xx_ll_exti.o"
#        "C:\Users\bernard6\OneDrive -
#        STMicroelectronics\Documents\street_lighting_fw_europe_distributech\ST87_G071_SL_V008b\EWARM\ST87_G071xB_SL\Obj\STM32G0xx_HAL_Driver_14800413719917403617.dir\stm32g0xx_ll_gpio.o"
#        "C:\Users\bernard6\OneDrive -
#        STMicroelectronics\Documents\street_lighting_fw_europe_distributech\ST87_G071_SL_V008b\EWARM\ST87_G071xB_SL\Obj\STM32G0xx_HAL_Driver_14800413719917403617.dir\stm32g0xx_ll_rcc.o"
#        "C:\Users\bernard6\OneDrive -
#        STMicroelectronics\Documents\street_lighting_fw_europe_distributech\ST87_G071_SL_V008b\EWARM\ST87_G071xB_SL\Obj\STM32G0xx_HAL_Driver_14800413719917403617.dir\stm32g0xx_ll_utils.o"
#        "C:\Users\bernard6\OneDrive -
#        STMicroelectronics\Documents\street_lighting_fw_europe_distributech\ST87_G071_SL_V008b\EWARM\ST87_G071xB_SL\Obj\FreeRTOS_4809373609813369194.dir\stream_buffer.o"
#        "C:\Users\bernard6\OneDrive -
#        STMicroelectronics\Documents\street_lighting_fw_europe_distributech\ST87_G071_SL_V008b\EWARM\ST87_G071xB_SL\Obj\CMSIS_6603591812247902717.dir\system_stm32g0xx.o"
#        "C:\Users\bernard6\OneDrive -
#        STMicroelectronics\Documents\street_lighting_fw_europe_distributech\ST87_G071_SL_V008b\EWARM\ST87_G071xB_SL\Obj\Apps_139222153124407364.dir\task_comm.o"
#        "C:\Users\bernard6\OneDrive -
#        STMicroelectronics\Documents\street_lighting_fw_europe_distributech\ST87_G071_SL_V008b\EWARM\ST87_G071xB_SL\Obj\FreeRTOS_4809373609813369194.dir\tasks.o"
#        "C:\Users\bernard6\OneDrive -
#        STMicroelectronics\Documents\street_lighting_fw_europe_distributech\ST87_G071_SL_V008b\EWARM\ST87_G071xB_SL\Obj\FreeRTOS_4809373609813369194.dir\timers.o"
#        "C:\Users\bernard6\OneDrive -
#        STMicroelectronics\Documents\street_lighting_fw_europe_distributech\ST87_G071_SL_V008b\EWARM\ST87_G071xB_SL\Obj\Libs_3913195376021097889.dir\utilities.o"
#        --no_out_extension -o "C:\Users\bernard6\OneDrive -
#        STMicroelectronics\Documents\street_lighting_fw_europe_distributech\ST87_G071_SL_V008b\EWARM\ST87_G071xB_SL\Exe\ST87_G071_SL.out"
#        --redirect _Printf=_PrintfFullNoMb --redirect _Scanf=_ScanfFullNoMb
#        --map "C:\Users\bernard6\OneDrive -
#        STMicroelectronics\Documents\street_lighting_fw_europe_distributech\ST87_G071_SL_V008b\EWARM\ST87_G071xB_SL\List\ST87_G071_SL.map"
#        --config "C:\Users\bernard6\OneDrive -
#        STMicroelectronics\Documents\street_lighting_fw_europe_distributech\ST87_G071_SL_V008b\EWARM/stm32g071xx_flash.icf"
#        --semihosting --entry __iar_program_start --vfe --text_out locale
#        --cpu=Cortex-M0+ --fpu=None) --diagnostics_format=sarif_stdout
#        --dependencies=n "C:\Users\bernard6\OneDrive -
#        STMicroelectronics\Documents\street_lighting_fw_europe_distributech\ST87_G071_SL_V008b\EWARM\ST87_G071xB_SL\Exe\ST87_G071_SL.out.iar_deps"
#        --dynamic_output "C:\Users\bernard6\OneDrive -
#        STMicroelectronics\Documents\street_lighting_fw_europe_distributech\ST87_G071_SL_V008b\EWARM\ST87_G071xB_SL\Exe\ST87_G071_SL.out.iar_dynout"
#
###############################################################################

*******************************************************************************
*** RUNTIME MODEL ATTRIBUTES
***

CppFlavor       = *
__CPP_Runtime   = 1
__SystemLibrary = DLib
__dlib_version  = 6


*******************************************************************************
*** HEAP SELECTION
***

The basic heap was selected because --advanced_heap
was not specified and the application did not appear to
be primarily optimized for speed.


*******************************************************************************
*** PLACEMENT SUMMARY
***

"A0":  place at address 0x800'0000 {  ro section .intvec };
"P1":  place in [from 0x800'0000 to 0x801'ffff] {  ro };
define block CSTACK with size = 2K, alignment = 8 { };
define block HEAP with size = 1K, alignment = 8 { };
"P2":  place in [from 0x2000'0000 to 0x2000'8fff] {
           rw,  block CSTACK,  block HEAP };
initialize by copy {  rw };

  Section            Kind         Address  Alignment    Size  Object
  -------            ----         -------  ---------    ----  ------
"A0":                                                   0xbc
  .intvec            ro code   0x800'0000          4    0xbc  startup_stm32g071xx.o [5]
                             - 0x800'00bc               0xbc

"P1":                                                 0xccfc
  .text              ro code   0x800'00bc          4  0x17c8  modem_module.o [9]
  .text              ro code   0x800'1884          4    0x4e  ABImemset.o [12]
  .text              ro code   0x800'18d2          2    0x3e  packbits_init_single.o [12]
  .text              ro code   0x800'1910          4   0x120  modem_ring_buffer.o [9]
  .text              ro code   0x800'1a30          4   0x16c  modem_event_buffer.o [9]
  .text              ro code   0x800'1b9c          4   0x4bc  stm32g0xx_hal_tim.o [8]
  .text              ro code   0x800'2058          4   0x62a  main.o [4]
  .text              ro code   0x800'2682          2     0xa  xsprout.o [10]
  .text              ro code   0x800'268c          4  0x148c  stm32g0xx_hal_uart.o [8]
  .text              ro code   0x800'3b18          2    0x2e  strstr.o [10]
  .rodata            const     0x800'3b46          2     0x2  xlocale_c.o [10]
  .text              ro code   0x800'3b48          4     0xe  strlen.o [12]
  .text              ro code   0x800'3b56          2     0x2  startup_stm32g071xx.o [5]
  .text              ro code   0x800'3b58          4    0x40  sprintf.o [10]
  .text              ro code   0x800'3b98          4    0x12  strchr.o [12]
  .text              ro code   0x800'3baa          2     0x2  startup_stm32g071xx.o [5]
  .text              ro code   0x800'3bac          4    0x4e  ABImemcpy.o [12]
  .text              ro code   0x800'3bfa          2     0x2  startup_stm32g071xx.o [5]
  .text              ro code   0x800'3bfc          4   0x6d4  modem_interface.o [9]
  .text              ro code   0x800'42d0          4   0x2dc  modem_main.o [9]
  .text              ro code   0x800'45ac          4   0x420  cmsis_os2.o [6]
  .text              ro code   0x800'49cc          4   0x37c  stm32g0xx_hal_gpio.o [8]
  .text              ro code   0x800'4d48          4   0x4cc  stm32g0xx_hal_dma.o [8]
  .text              ro code   0x800'5214          2    0xe0  I32DivModFast.o [12]
  .text              ro code   0x800'52f4          4   0x1f0  stm32_st87m01.o [2]
  .text              ro code   0x800'54e4          2     0x2  stm32g0xx_hal_tim.o [8]
  .text              ro code   0x800'54e6          2     0x2  stm32g0xx_hal_tim.o [8]
  .text              ro code   0x800'54e8          2     0x2  stm32g0xx_hal_tim.o [8]
  .text              ro code   0x800'54ea          2     0x2  stm32g0xx_hal_tim_ex.o [8]
  .text              ro code   0x800'54ec          2     0x2  stm32g0xx_hal_tim_ex.o [8]
  .text              ro code   0x800'54ee          2     0x2  stm32g0xx_hal_tim.o [8]
  .text              ro code   0x800'54f0          2     0x2  stm32g0xx_hal_tim_ex.o [8]
  .text              ro code   0x800'54f2          2     0x2  startup_stm32g071xx.o [5]
  .text              ro code   0x800'54f4          4    0x44  stm32g0xx_hal.o [8]
  .text              ro code   0x800'5538          4    0x2c  stm32g0xx_hal.o [8]
  .text              ro code   0x800'5564          4    0x58  stm32g0xx_hal_pwr_ex.o [8]
  .text              ro code   0x800'55bc          4   0x7c0  stm32g0xx_hal_rcc.o [8]
  .text              ro code   0x800'5d7c          4   0x840  stm32g0xx_hal_i2c.o [8]
  .text              ro code   0x800'65bc          4    0xd0  stm32g0xx_hal_i2c_ex.o [8]
  .text              ro code   0x800'668c          4    0x8c  stm32g0xx_hal_tim_ex.o [8]
  .text              ro code   0x800'6718          4   0x178  stm32g0xx_hal_uart_ex.o [8]
  .text              ro code   0x800'6890          4   0x104  stm32g0xx_hal_cortex.o [8]
  .text              ro code   0x800'6994          4   0x186  stm32g0xx_ll_exti.o [8]
  .text              ro code   0x800'6b1a          2     0x2  startup_stm32g071xx.o [5]
  .text              ro code   0x800'6b1c          4   0x134  stm32g0xx_ll_gpio.o [8]
  .text              ro code   0x800'6c50          4    0x68  m2m_modem.o [1]
  .text              ro code   0x800'6cb8          4   0x424  cloud_module.o [1]
  .text              ro code   0x800'70dc          4   0x2c0  metrology_module.o [1]
  .text              ro code   0x800'739c          4   0x3d4  Sensor_module.o [1]
  .text              ro code   0x800'7770          4    0x18  stm32g0xx_hal.o [8]
  .text              ro code   0x800'7788          4   0x2c0  stm32g0xx_hal_msp.o [4]
  .text              ro code   0x800'7a48          2     0x2  stm32g0xx_hal_uart.o [8]
  .text              ro code   0x800'7a4a          2     0x2  stm32g0xx_hal_uart.o [8]
  .text              ro code   0x800'7a4c          2     0x2  stm32g0xx_hal_uart_ex.o [8]
  .text              ro code   0x800'7a4e          2     0x2  stm32g0xx_hal_uart_ex.o [8]
  .text              ro code   0x800'7a50          2     0x2  stm32g0xx_hal_uart_ex.o [8]
  .text              ro code   0x800'7a52          2     0x2  startup_stm32g071xx.o [5]
  .text              ro code   0x800'7a54          4    0x32  I64Mul.o [12]
  .text              ro code   0x800'7a86          2    0x7c  I64DivMod.o [12]
  .text              ro code   0x800'7b02          2     0x2  startup_stm32g071xx.o [5]
  .text              ro code   0x800'7b04          4     0xc  stm32g0xx_hal.o [8]
  .text              ro code   0x800'7b10          2     0x2  stm32g0xx_hal_uart.o [8]
  .text              ro code   0x800'7b12          2     0x2  startup_stm32g071xx.o [5]
  .text              ro code   0x800'7b14          4   0xf86  xprintffull_nomb.o [10]
  .text              ro code   0x800'8a9a          2     0x2  startup_stm32g071xx.o [5]
  .text              ro code   0x800'8a9c          4   0x8e0  tasks.o [6]
  .text              ro code   0x800'937c          4   0x108  port.o [6]
  .text              ro code   0x800'9484          4   0x730  queue.o [6]
  .text              ro code   0x800'9bb4          4     0x2  IntDivZer.o [12]
  .text              ro code   0x800'9bb6          2     0x2  startup_stm32g071xx.o [5]
  .text              ro code   0x800'9bb8          4   0x274  stm32g0xx_hal_rcc_ex.o [8]
  .text              ro code   0x800'9e2c          4    0xc4  stm32g0xx_hal_timebase_tim.o [4]
  .text              ro code   0x800'9ef0          4   0x4a8  metro_hif.o [1]
  .text              ro code   0x800'a398          4   0xc8e  lis2dux12_reg.o [2]
  .text              ro code   0x800'b026          2   0x120  FltAddSub.o [11]
  .text              ro code   0x800'b146          2     0x2  startup_stm32g071xx.o [5]
  .text              ro code   0x800'b148          4    0x36  IxxToFlt.o [11]
  .text              ro code   0x800'b17e          2    0xa4  FltDiv.o [11]
  .text              ro code   0x800'b222          2     0x2  startup_stm32g071xx.o [5]
  .text              ro code   0x800'b224          4     0x2  I64DivZer.o [12]
  .text              ro code   0x800'b226          2     0x2  startup_stm32g071xx.o [5]
  .text              ro code   0x800'b228          4    0x48  xfail_s.o [10]
  .text              ro code   0x800'b270          4    0x16  memchr.o [12]
  .text              ro code   0x800'b286          2    0x2a  frexp.o [11]
  .text              ro code   0x800'b2b0          2    0x32  DblCmpLe.o [11]
  .text              ro code   0x800'b2e2          2    0x32  DblCmpGe.o [11]
  .text              ro code   0x800'b314          2    0x70  ldexp.o [11]
  .text              ro code   0x800'b384          4    0x52  DblToI32.o [11]
  .text              ro code   0x800'b3d6          2     0x2  startup_stm32g071xx.o [5]
  .text              ro code   0x800'b3d8          4    0x34  IxxToDbl.o [11]
  .text              ro code   0x800'b40c          2   0x1a8  DblAddSub.o [11]
  .text              ro code   0x800'b5b4          2    0xc2  DblDiv.o [11]
  .text              ro code   0x800'b676          2   0x184  DblMul.o [11]
  .text              ro code   0x800'b7fa          2     0x2  startup_stm32g071xx.o [5]
  .text              ro code   0x800'b7fc          4     0xc  xlocale_c.o [10]
  .text              ro code   0x800'b808          4   0x234  heap_4.o [6]
  .text              ro code   0x800'ba3c          2    0x9c  list.o [6]
  .text              ro code   0x800'bad8          4    0x18  cmsis_os2.o [6]
  .text              ro code   0x800'baf0          4   0x448  timers.o [6]
  CODE               ro code   0x800'bf38          4    0x7c  portasm.o [6]
  .text              ro code   0x800'bfb4          4    0x14  uwrite4.o [12]
  .text              ro code   0x800'bfc8          4    0x38  crc.o [1]
  .text              ro code   0x800'c000          4    0x24  ABIassert.o [13]
  .text              ro code   0x800'c024          2    0xb0  FltMul.o [11]
  .text              ro code   0x800'c0d4          2    0x24  lis2dux12_reg.o [2]
  .text              ro code   0x800'c0f8          2    0x24  lis2dux12_reg.o [2]
  .text              ro code   0x800'c11c          2     0xa  abort.o [10]
  .text              ro code   0x800'c126          2     0x2  startup_stm32g071xx.o [5]
  .text              ro code   0x800'c128          4    0x18  cmsis_os2.o [6]
  .text              ro code   0x800'c140          4    0x14  exit.o [13]
  .text              ro code   0x800'c154          4    0x2c  iarttio.o [13]
  .text              ro code   0x800'c180          4     0x8  XShttio.o [10]
  .rodata            const     0x800'c188          4   0x200  crc.o [1]
  .text              ro code   0x800'c388          4    0xf4  stm32g0xx_it.o [4]
  .rodata            const     0x800'c47c          4    0x94  metro_hif.o [1]
  .rodata            const     0x800'c510          4    0x70  metro_hif.o [1]
  .rodata            const     0x800'c580          4    0x6a  xprintffull_nomb.o [10]
  .text              ro code   0x800'c5ea          2     0x2  startup_stm32g071xx.o [5]
  .rodata            const     0x800'c5ec          4    0x60  modem_main.o [9]
  .rodata            const     0x800'c64c          4    0x40  metro_hif.o [1]
  .rodata            const     0x800'c68c          4    0x40  system_stm32g0xx.o [3]
  .text              ro code   0x800'c6cc          2    0x3c  zero_init3.o [12]
  .rodata            const     0x800'c708          4    0x2c  modem_module.o [9]
  .rodata            const     0x800'c734          4    0x28  modem_module.o [9]
  .text              ro code   0x800'c75c          4    0x28  data_init.o [12]
  .rodata            const     0x800'c784          4    0x24  main.o [4]
  .rodata            const     0x800'c7a8          4    0x24  main.o [4]
  .rodata            const     0x800'c7cc          4    0x24  main.o [4]
  .rodata            const     0x800'c7f0          4    0x24  main.o [4]
  .rodata            const     0x800'c814          4    0x24  modem_module.o [9]
  .rodata            const     0x800'c838          4    0x24  modem_module.o [9]
  .text              ro code   0x800'c85c          4    0x22  cmain.o [12]
  .text              ro code   0x800'c87e          2     0x4  low_level_init.o [10]
  .text              ro code   0x800'c882          2     0x8  exit.o [10]
  .text              ro code   0x800'c88a          2     0x2  startup_stm32g071xx.o [5]
  .text              ro code   0x800'c88c          4     0x4  cexit.o [12]
  .text              ro code   0x800'c890          4     0xa  cexit_2.o [12]
  .iar.init_table    const     0x800'c89c          4    0x20  - Linker created -
  .text              ro code   0x800'c8bc          2     0x2  startup_stm32g071xx.o [5]
  .rodata            const     0x800'c8c0          4    0x20  modem_module.o [9]
  .rodata            const     0x800'c8e0          4    0x20  system_stm32g0xx.o [3]
  .rodata            const     0x800'c900          4    0x1c  modem_interface.o [9]
  .rodata            const     0x800'c91c          4    0x1c  modem_interface.o [9]
  .rodata            const     0x800'c938          4    0x1c  modem_interface.o [9]
  .rodata            const     0x800'c954          4    0x1c  modem_module.o [9]
  .text              ro code   0x800'c970          4    0x1c  cstartup_M.o [12]
  .rodata            const     0x800'c98c          4    0x18  main.o [4]
  .rodata            const     0x800'c9a4          4    0x18  main.o [4]
  .rodata            const     0x800'c9bc          4    0x18  main.o [4]
  .rodata            const     0x800'c9d4          4    0x18  main.o [4]
  .rodata            const     0x800'c9ec          4    0x18  main.o [4]
  .rodata            const     0x800'ca04          4    0x18  main.o [4]
  .rodata            const     0x800'ca1c          4    0x18  modem_module.o [9]
  .rodata            const     0x800'ca34          4    0x18  modem_module.o [9]
  .rodata            const     0x800'ca4c          4    0x18  modem_module.o [9]
  .rodata            const     0x800'ca64          4    0x18  stm32g0xx_hal_uart.o [8]
  .rodata            const     0x800'ca7c          4    0x14  main.o [4]
  .rodata            const     0x800'ca90          4    0x14  metro_hif.o [1]
  .rodata            const     0x800'caa4          4    0x14  modem_interface.o [9]
  .rodata            const     0x800'cab8          4    0x14  modem_module.o [9]
  .rodata            const     0x800'cacc          4    0x10  main.o [4]
  .rodata            const     0x800'cadc          4    0x10  main.o [4]
  .rodata            const     0x800'caec          4    0x10  main.o [4]
  .rodata            const     0x800'cafc          4    0x10  metro_hif.o [1]
  .rodata            const     0x800'cb0c          4    0x10  metro_hif.o [1]
  .rodata            const     0x800'cb1c          4    0x10  modem_interface.o [9]
  .rodata            const     0x800'cb2c          4    0x10  modem_interface.o [9]
  .rodata            const     0x800'cb3c          4    0x10  modem_main.o [9]
  .rodata            const     0x800'cb4c          4    0x10  modem_module.o [9]
  .rodata            const     0x800'cb5c          4    0x10  modem_module.o [9]
  .rodata            const     0x800'cb6c          4    0x10  modem_module.o [9]
  .rodata            const     0x800'cb7c          4    0x10  modem_module.o [9]
  .rodata            const     0x800'cb8c          4    0x10  modem_module.o [9]
  .text              ro code   0x800'cb9c          4    0x10  startup_stm32g071xx.o [5]
  .rodata            const     0x800'cbac          4     0xc  main.o [4]
  .rodata            const     0x800'cbb8          4     0xc  main.o [4]
  .rodata            const     0x800'cbc4          4     0xc  main.o [4]
  .rodata            const     0x800'cbd0          4     0xc  main.o [4]
  .rodata            const     0x800'cbdc          4     0xc  main.o [4]
  .rodata            const     0x800'cbe8          4     0xc  main.o [4]
  .rodata            const     0x800'cbf4          4     0xc  modem_interface.o [9]
  .rodata            const     0x800'cc00          4     0xc  modem_interface.o [9]
  .rodata            const     0x800'cc0c          4     0xc  modem_interface.o [9]
  .rodata            const     0x800'cc18          4     0xc  modem_interface.o [9]
  .rodata            const     0x800'cc24          4     0xc  modem_interface.o [9]
  .rodata            const     0x800'cc30          4     0xc  modem_interface.o [9]
  .rodata            const     0x800'cc3c          4     0xc  modem_interface.o [9]
  .rodata            const     0x800'cc48          4     0xc  modem_interface.o [9]
  .rodata            const     0x800'cc54          4     0xc  modem_interface.o [9]
  .rodata            const     0x800'cc60          4     0xc  modem_module.o [9]
  .rodata            const     0x800'cc6c          4     0xc  modem_module.o [9]
  .rodata            const     0x800'cc78          4     0xc  modem_module.o [9]
  .rodata            const     0x800'cc84          4     0xc  modem_module.o [9]
  .rodata            const     0x800'cc90          4     0xc  modem_module.o [9]
  .rodata            const     0x800'cc9c          4     0xc  modem_module.o [9]
  .rodata            const     0x800'cca8          4     0x8  modem_interface.o [9]
  .rodata            const     0x800'ccb0          4     0x8  modem_interface.o [9]
  .rodata            const     0x800'ccb8          4     0x8  modem_module.o [9]
  .rodata            const     0x800'ccc0          4     0x8  modem_module.o [9]
  .rodata            const     0x800'ccc8          4     0x8  modem_module.o [9]
  .rodata            const     0x800'ccd0          4     0x8  modem_module.o [9]
  .rodata            const     0x800'ccd8          4     0x8  modem_module.o [9]
  .rodata            const     0x800'cce0          4     0x8  modem_module.o [9]
  .rodata            const     0x800'cce8          4     0x8  modem_module.o [9]
  .rodata            const     0x800'ccf0          4     0x8  modem_module.o [9]
  .rodata            const     0x800'ccf8          4     0x8  modem_module.o [9]
  .rodata            const     0x800'cd00          4     0x8  modem_module.o [9]
  .rodata            const     0x800'cd08          4     0x8  modem_module.o [9]
  .rodata            const     0x800'cd10          4     0x8  modem_module.o [9]
  .rodata            const     0x800'cd18          4     0x8  modem_module.o [9]
  .rodata            const     0x800'cd20          4     0x8  stm32g0xx_hal_uart_ex.o [8]
  .rodata            const     0x800'cd28          4     0x8  stm32g0xx_hal_uart_ex.o [8]
  .rodata            const     0x800'cd30          4     0x8  tasks.o [6]
  .rodata            const     0x800'cd38          4     0x8  timers.o [6]
  .rodata            const     0x800'cd40          4     0x8  timers.o [6]
  .rodata            const     0x800'cd48          4     0x4  heap_4.o [6]
  .text              ro code   0x800'cd4c          2     0x2  startup_stm32g071xx.o [5]
  .text              ro code   0x800'cd4e          2     0x2  startup_stm32g071xx.o [5]
  .text              ro code   0x800'cd50          4     0x2  system_stm32g0xx.o [3]
  .rodata            const     0x800'cd52                0x1  xlocale_c.o [10]
  .rodata            const     0x800'cd53                0x0  zero_init3.o [12]
  .rodata            const     0x800'cd53                0x0  packbits_init_single.o [12]
  Initializer bytes  const     0x800'cd53               0x65  <for P2-1>
                             - 0x800'cdb8             0xccfc

"P2", part 1 of 3:                                      0x76
  P2-1                        0x2000'0000               0x76  <Init block>
    .data            inited   0x2000'0000          4    0x10  cloud_module.o [1]
    .data            inited   0x2000'0010          4    0x14  cloud_module.o [1]
    .data            inited   0x2000'0024          4     0x4  modem_main.o [9]
    .data            inited   0x2000'0028          4     0x4  port.o [6]
    .data            inited   0x2000'002c          4     0x4  stm32g0xx_hal.o [8]
    .data            inited   0x2000'0030          4     0x4  system_stm32g0xx.o [3]
    .data            inited   0x2000'0034          4    0x38  xlocale_c.o [10]
    .data            inited   0x2000'006c          4     0x8  XShttio.o [10]
    .data            inited   0x2000'0074                0x1  cloud_module.o [1]
    .data            inited   0x2000'0075                0x1  stm32g0xx_hal.o [8]
                            - 0x2000'0076               0x76

"P2", part 2 of 3:                                    0x6b0c
  .bss               zero     0x2000'0078          4  0x2ee0  heap_4.o [6]
  .bss               zero     0x2000'2f58          4   0xbb8  modem_globals.o [9]
  .bss               zero     0x2000'3b10          4   0x6d8  modem_globals.o [9]
  .bss               zero     0x2000'41e8          4   0x4b0  modem_globals.o [9]
  .bss               zero     0x2000'4698          4   0x4b0  modem_module.o [9]
  .bss               zero     0x2000'4b48          4   0x4b0  modem_ring_buffer.o [9]
  .bss               zero     0x2000'4ff8          4   0x460  tasks.o [6]
  .bss               zero     0x2000'5458          4   0x400  cmsis_os2.o [6]
  .bss               zero     0x2000'5858          4   0x3e8  modem_event_buffer.o [9]
  .bss               zero     0x2000'5c40          4   0x200  cmsis_os2.o [6]
  .bss               zero     0x2000'5e40          4   0x200  metro_hif.o [1]
  .bss               zero     0x2000'6040          4    0xa0  timers.o [6]
  .bss               zero     0x2000'60e0          4    0x94  main.o [4]
  .bss               zero     0x2000'6174          4    0x94  main.o [4]
  .bss               zero     0x2000'6208          4    0x94  main.o [4]
  .bss               zero     0x2000'629c          4    0x94  modem_globals.o [9]
  .bss               zero     0x2000'6330          4    0x78  modem_globals.o [9]
  .bss               zero     0x2000'63a8          4    0x5c  cmsis_os2.o [6]
  .bss               zero     0x2000'6404          4    0x5c  cmsis_os2.o [6]
  .bss               zero     0x2000'6460          4    0x5c  main.o [4]
  .bss               zero     0x2000'64bc          4    0x5c  stm32_st87m01.o [2]
  .bss               zero     0x2000'6518          4    0x54  main.o [4]
  .bss               zero     0x2000'656c          4    0x50  timers.o [6]
  .bss               zero     0x2000'65bc          4    0x4c  main.o [4]
  .bss               zero     0x2000'6608          4    0x4c  modem_globals.o [9]
  .bss               zero     0x2000'6654          4    0x4c  modem_globals.o [9]
  .bss               zero     0x2000'66a0          4    0x4c  stm32g0xx_hal_timebase_tim.o [4]
  .bss               zero     0x2000'66ec          4    0x44  metro_hif.o [1]
  .bss               zero     0x2000'6730          4    0x44  modem_module.o [9]
  .bss               zero     0x2000'6774          4    0x40  metro_hif.o [1]
  .bss               zero     0x2000'67b4          4    0x40  modem_globals.o [9]
  .bss               zero     0x2000'67f4          4    0x40  queue.o [6]
  .bss               zero     0x2000'6834          4    0x2c  modem_main.o [9]
  .bss               zero     0x2000'6860          4    0x28  cloud_module.o [1]
  .bss               zero     0x2000'6888          4    0x28  Sensor_module.o [1]
  .bss               zero     0x2000'68b0          4    0x24  modem_globals.o [9]
  .bss               zero     0x2000'68d4          4    0x18  metro_hif.o [1]
  .bss               zero     0x2000'68ec               0x17  modem_globals.o [9]
  .bss               zero     0x2000'6903                0x1  cloud_module.o [1]
  .bss               zero     0x2000'6904          4    0x14  cloud_module.o [1]
  .bss               zero     0x2000'6918          4    0x14  metrology_module.o [1]
  .bss               zero     0x2000'692c          4    0x14  metrology_module.o [1]
  .bss               zero     0x2000'6940          4    0x14  modem_globals.o [9]
  .bss               zero     0x2000'6954          4    0x14  Sensor_module.o [1]
  .bss               zero     0x2000'6968          4    0x14  tasks.o [6]
  .bss               zero     0x2000'697c          4    0x14  tasks.o [6]
  .bss               zero     0x2000'6990          4    0x14  tasks.o [6]
  .bss               zero     0x2000'69a4          4    0x14  tasks.o [6]
  .bss               zero     0x2000'69b8          4    0x14  tasks.o [6]
  .bss               zero     0x2000'69cc          4    0x14  timers.o [6]
  .bss               zero     0x2000'69e0          4    0x14  timers.o [6]
  .bss               zero     0x2000'69f4          4    0x10  cloud_module.o [1]
  .bss               zero     0x2000'6a04          4    0x10  Sensor_module.o [1]
  .bss               zero     0x2000'6a14          4    0x10  Sensor_module.o [1]
  .bss               zero     0x2000'6a24          4     0xc  Sensor_module.o [1]
  .bss               zero     0x2000'6a30          4     0x8  heap_4.o [6]
  .bss               zero     0x2000'6a38          4     0x8  metro_hif.o [1]
  .bss               zero     0x2000'6a40          4     0x8  modem_module.o [9]
  .bss               zero     0x2000'6a48          4     0x8  Sensor_module.o [1]
  .bss               zero     0x2000'6a50          4     0x4  cloud_module.o [1]
  .bss               zero     0x2000'6a54          4     0x4  cloud_module.o [1]
  .bss               zero     0x2000'6a58          4     0x4  cloud_module.o [1]
  .bss               zero     0x2000'6a5c          4     0x4  cloud_module.o [1]
  .bss               zero     0x2000'6a60          4     0x4  cloud_module.o [1]
  .bss               zero     0x2000'6a64          4     0x4  cloud_module.o [1]
  .bss               zero     0x2000'6a68          4     0x4  cmsis_os2.o [6]
  .bss               zero     0x2000'6a6c          4     0x4  heap_4.o [6]
  .bss               zero     0x2000'6a70          4     0x4  heap_4.o [6]
  .bss               zero     0x2000'6a74          4     0x4  heap_4.o [6]
  .bss               zero     0x2000'6a78          4     0x4  heap_4.o [6]
  .bss               zero     0x2000'6a7c          4     0x4  heap_4.o [6]
  .bss               zero     0x2000'6a80          4     0x4  heap_4.o [6]
  .bss               zero     0x2000'6a84          4     0x4  main.o [4]
  .bss               zero     0x2000'6a88          4     0x4  main.o [4]
  .bss               zero     0x2000'6a8c          4     0x4  main.o [4]
  .bss               zero     0x2000'6a90          4     0x4  main.o [4]
  .bss               zero     0x2000'6a94          4     0x4  main.o [4]
  .bss               zero     0x2000'6a98          4     0x4  main.o [4]
  .bss               zero     0x2000'6a9c          4     0x4  main.o [4]
  .bss               zero     0x2000'6aa0          4     0x4  main.o [4]
  .bss               zero     0x2000'6aa4          4     0x4  main.o [4]
  .bss               zero     0x2000'6aa8          4     0x4  main.o [4]
  .bss               zero     0x2000'6aac          4     0x4  metro_hif.o [1]
  .bss               zero     0x2000'6ab0          4     0x4  metro_hif.o [1]
  .bss               zero     0x2000'6ab4          4     0x4  metrology_module.o [1]
  .bss               zero     0x2000'6ab8          4     0x4  metrology_module.o [1]
  .bss               zero     0x2000'6abc          4     0x4  metrology_module.o [1]
  .bss               zero     0x2000'6ac0          4     0x4  metrology_module.o [1]
  .bss               zero     0x2000'6ac4          4     0x4  metrology_module.o [1]
  .bss               zero     0x2000'6ac8          4     0x4  metrology_module.o [1]
  .bss               zero     0x2000'6acc          4     0x4  metrology_module.o [1]
  .bss               zero     0x2000'6ad0          4     0x4  modem_globals.o [9]
  .bss               zero     0x2000'6ad4          4     0x4  modem_globals.o [9]
  .bss               zero     0x2000'6ad8          4     0x4  modem_globals.o [9]
  .bss               zero     0x2000'6adc          4     0x4  modem_interface.o [9]
  .bss               zero     0x2000'6ae0          4     0x4  modem_main.o [9]
  .bss               zero     0x2000'6ae4          4     0x4  modem_main.o [9]
  .bss               zero     0x2000'6ae8          4     0x4  modem_main.o [9]
  .bss               zero     0x2000'6aec          4     0x4  modem_main.o [9]
  .bss               zero     0x2000'6af0          4     0x4  modem_module.o [9]
  .bss               zero     0x2000'6af4          4     0x4  modem_module.o [9]
  .bss               zero     0x2000'6af8          4     0x4  modem_module.o [9]
  .bss               zero     0x2000'6afc          4     0x4  modem_module.o [9]
  .bss               zero     0x2000'6b00          4     0x4  Sensor_module.o [1]
  .bss               zero     0x2000'6b04          4     0x4  Sensor_module.o [1]
  .bss               zero     0x2000'6b08          4     0x4  Sensor_module.o [1]
  .bss               zero     0x2000'6b0c          4     0x4  stm32g0xx_hal.o [8]
  .bss               zero     0x2000'6b10          4     0x4  tasks.o [6]
  .bss               zero     0x2000'6b14          4     0x4  tasks.o [6]
  .bss               zero     0x2000'6b18          4     0x4  tasks.o [6]
  .bss               zero     0x2000'6b1c          4     0x4  tasks.o [6]
  .bss               zero     0x2000'6b20          4     0x4  tasks.o [6]
  .bss               zero     0x2000'6b24          4     0x4  tasks.o [6]
  .bss               zero     0x2000'6b28          4     0x4  tasks.o [6]
  .bss               zero     0x2000'6b2c          4     0x4  tasks.o [6]
  .bss               zero     0x2000'6b30          4     0x4  tasks.o [6]
  .bss               zero     0x2000'6b34          4     0x4  tasks.o [6]
  .bss               zero     0x2000'6b38          4     0x4  tasks.o [6]
  .bss               zero     0x2000'6b3c          4     0x4  tasks.o [6]
  .bss               zero     0x2000'6b40          4     0x4  tasks.o [6]
  .bss               zero     0x2000'6b44          4     0x4  tasks.o [6]
  .bss               zero     0x2000'6b48          4     0x4  tasks.o [6]
  .bss               zero     0x2000'6b4c          4     0x4  timers.o [6]
  .bss               zero     0x2000'6b50          4     0x4  timers.o [6]
  .bss               zero     0x2000'6b54          4     0x4  timers.o [6]
  .bss               zero     0x2000'6b58          4     0x4  timers.o [6]
  .bss               zero     0x2000'6b5c          4     0x4  timers.o [6]
  .bss               zero     0x2000'6b60          4     0x4  xfail_s.o [10]
  .bss               zero     0x2000'6b64          2     0x2  modem_module.o [9]
  .bss               zero     0x2000'6b66          2     0x2  modem_module.o [9]
  .bss               zero     0x2000'6b68          2     0x2  Sensor_module.o [1]
  .bss               zero     0x2000'6b6a          2     0x2  Sensor_module.o [1]
  .bss               zero     0x2000'6b6c                0x1  cloud_module.o [1]
  .bss               zero     0x2000'6b6d                0x1  cloud_module.o [1]
  .bss               zero     0x2000'6b6e                0x1  cloud_module.o [1]
  .bss               zero     0x2000'6b6f                0x1  cloud_module.o [1]
  .bss               zero     0x2000'6b70                0x1  cloud_module.o [1]
  .bss               zero     0x2000'6b71                0x1  main.o [4]
  .bss               zero     0x2000'6b72                0x1  main.o [4]
  .bss               zero     0x2000'6b73                0x1  metro_hif.o [1]
  .bss               zero     0x2000'6b74                0x1  metrology_module.o [1]
  .bss               zero     0x2000'6b75                0x1  metrology_module.o [1]
  .bss               zero     0x2000'6b76                0x1  metrology_module.o [1]
  .bss               zero     0x2000'6b77                0x1  modem_globals.o [9]
  .bss               zero     0x2000'6b78                0x1  modem_globals.o [9]
  .bss               zero     0x2000'6b79                0x1  modem_main.o [9]
  .bss               zero     0x2000'6b7a                0x1  modem_main.o [9]
  .bss               zero     0x2000'6b7b                0x1  modem_module.o [9]
  .bss               zero     0x2000'6b7c                0x1  Sensor_module.o [1]
  .bss               zero     0x2000'6b7d                0x1  Sensor_module.o [1]
  .bss               zero     0x2000'6b7e                0x1  Sensor_module.o [1]
  .bss               zero     0x2000'6b7f                0x1  Sensor_module.o [1]
  .bss               zero     0x2000'6b80                0x1  Sensor_module.o [1]
  .bss               zero     0x2000'6b81                0x1  Sensor_module.o [1]
                            - 0x2000'6b82             0x6b0a

"P2", part 3 of 3:                                     0x800
  CSTACK                      0x2000'6b88          8   0x800  <Block>
    CSTACK           uninit   0x2000'6b88              0x800  <Block tail>
                            - 0x2000'7388              0x800

Unused ranges:

         From           To      Size
         ----           --      ----
   0x800'cdb8   0x801'ffff  0x1'3248
  0x2000'0076  0x2000'0077       0x2
  0x2000'6b84  0x2000'6b87       0x4
  0x2000'7388  0x2000'8fff    0x1c78


*******************************************************************************
*** INIT TABLE
***

          Address      Size
          -------      ----
Zero (__iar_zero_init3)
    1 destination range, total size 0x6b0a:
          0x2000'0078  0x6b0a

Copy/packbits (__iar_packbits_init_single3)
    1 source range, total size 0x65 (85% of destination):
           0x800'cd53    0x65
    1 destination range, total size 0x76:
          0x2000'0000    0x76



*******************************************************************************
*** MODULE SUMMARY
***

    Module                        ro code  ro data  rw data
    ------                        -------  -------  -------
command line/config:
    -------------------------------------------------------
    Total:

C:\Users\bernard6\OneDrive - STMicroelectronics\Documents\street_lighting_fw_europe_distributech\ST87_G071_SL_V008b\EWARM\ST87_G071xB_SL\Obj\Apps_139222153124407364.dir: [1]
    Sensor_module.o                   980               134
    cloud_module.o                  1'060       31      143
    crc.o                              56      512
    m2m_modem.o                       104
    metro_hif.o                     1'192      376      685
    metrology_module.o                704                71
    -------------------------------------------------------
    Total:                          4'096      919    1'033

C:\Users\bernard6\OneDrive - STMicroelectronics\Documents\street_lighting_fw_europe_distributech\ST87_G071_SL_V008b\EWARM\ST87_G071xB_SL\Obj\BSP_16987466797925798938.dir: [2]
    lis2dux12_reg.o                 3'286
    stm32_st87m01.o                   496                92
    -------------------------------------------------------
    Total:                          3'782                92

C:\Users\bernard6\OneDrive - STMicroelectronics\Documents\street_lighting_fw_europe_distributech\ST87_G071_SL_V008b\EWARM\ST87_G071xB_SL\Obj\CMSIS_6603591812247902717.dir: [3]
    system_stm32g0xx.o                  2       99        4
    -------------------------------------------------------
    Total:                              2       99        4

C:\Users\bernard6\OneDrive - STMicroelectronics\Documents\street_lighting_fw_europe_distributech\ST87_G071_SL_V008b\EWARM\ST87_G071xB_SL\Obj\Core_13247989168731456611.dir: [4]
    main.o                          1'578      428      738
    stm32g0xx_hal_msp.o               704
    stm32g0xx_hal_timebase_tim.o      196                76
    stm32g0xx_it.o                    244
    -------------------------------------------------------
    Total:                          2'722      428      814

C:\Users\bernard6\OneDrive - STMicroelectronics\Documents\street_lighting_fw_europe_distributech\ST87_G071_SL_V008b\EWARM\ST87_G071xB_SL\Obj\EWARM_18443280873093131863.dir: [5]
    startup_stm32g071xx.o             246
    -------------------------------------------------------
    Total:                            246

C:\Users\bernard6\OneDrive - STMicroelectronics\Documents\street_lighting_fw_europe_distributech\ST87_G071_SL_V008b\EWARM\ST87_G071xB_SL\Obj\FreeRTOS_4809373609813369194.dir: [6]
    cmsis_os2.o                     1'104             1'724
    heap_4.o                          564        4   12'032
    list.o                            156
    port.o                            264        3        4
    portasm.o                         124
    queue.o                         1'840                64
    tasks.o                         2'272        8    1'280
    timers.o                        1'096       16      300
    -------------------------------------------------------
    Total:                          7'420       31   15'404

C:\Users\bernard6\OneDrive - STMicroelectronics\Documents\street_lighting_fw_europe_distributech\ST87_G071_SL_V008b\EWARM\ST87_G071xB_SL\Obj\Libs_3913195376021097889.dir: [7]
    -------------------------------------------------------
    Total:

C:\Users\bernard6\OneDrive - STMicroelectronics\Documents\street_lighting_fw_europe_distributech\ST87_G071_SL_V008b\EWARM\ST87_G071xB_SL\Obj\STM32G0xx_HAL_Driver_14800413719917403617.dir: [8]
    stm32g0xx_hal.o                   148        5        9
    stm32g0xx_hal_cortex.o            260
    stm32g0xx_hal_dma.o             1'228
    stm32g0xx_hal_gpio.o              892
    stm32g0xx_hal_i2c.o             2'112
    stm32g0xx_hal_i2c_ex.o            208
    stm32g0xx_hal_pwr_ex.o             88
    stm32g0xx_hal_rcc.o             1'984
    stm32g0xx_hal_rcc_ex.o            628
    stm32g0xx_hal_tim.o             1'220
    stm32g0xx_hal_tim_ex.o            146
    stm32g0xx_hal_uart.o            5'266       24
    stm32g0xx_hal_uart_ex.o           382       16
    stm32g0xx_ll_exti.o               390
    stm32g0xx_ll_gpio.o               308
    -------------------------------------------------------
    Total:                         15'260       45        9

C:\Users\bernard6\OneDrive - STMicroelectronics\Documents\street_lighting_fw_europe_distributech\ST87_G071_SL_V008b\EWARM\ST87_G071xB_SL\Obj\m2m_modem_2353766246464904183.dir: [9]
    modem_event_buffer.o              364             1'000
    modem_globals.o                                   6'529
    modem_interface.o               1'748      260        4
    modem_main.o                      732      116       66
    modem_module.o                  6'088      564    1'297
    modem_ring_buffer.o               288             1'200
    -------------------------------------------------------
    Total:                          9'220      940   10'096

dl6M_tlf.a: [10]
    XShttio.o                           8        7        8
    abort.o                            10
    exit.o                              8
    low_level_init.o                    4
    sprintf.o                          64
    strstr.o                           46
    xfail_s.o                          72                 4
    xlocale_c.o                        12       51       56
    xprintffull_nomb.o              3'974      106
    xsprout.o                          10
    -------------------------------------------------------
    Total:                          4'208      164       68

m6M_tl.a: [11]
    DblAddSub.o                       424
    DblCmpGe.o                         50
    DblCmpLe.o                         50
    DblDiv.o                          194
    DblMul.o                          388
    DblToI32.o                         82
    FltAddSub.o                       288
    FltDiv.o                          164
    FltMul.o                          176
    IxxToDbl.o                         52
    IxxToFlt.o                         54
    frexp.o                            42
    ldexp.o                           112
    -------------------------------------------------------
    Total:                          2'076

rt6M_tl.a: [12]
    ABImemcpy.o                        78
    ABImemset.o                        78
    I32DivModFast.o                   224
    I64DivMod.o                       124
    I64DivZer.o                         2
    I64Mul.o                           50
    IntDivZer.o                         2
    cexit.o                             4
    cexit_2.o                          10
    cmain.o                            34
    cstartup_M.o                       28
    data_init.o                        40
    memchr.o                           22
    packbits_init_single.o             62
    strchr.o                           18
    strlen.o                           14
    uwrite4.o                          20
    zero_init3.o                       60
    -------------------------------------------------------
    Total:                            870

shb_l.a: [13]
    ABIassert.o                        36
    exit.o                             20
    iarttio.o                          44
    -------------------------------------------------------
    Total:                            100

    Gaps                                         4
    Linker created                              32    2'048
-----------------------------------------------------------
    Grand Total:                   50'002    2'662   29'568


*******************************************************************************
*** ENTRY LIST
***

Entry                       Address    Size  Type      Object
-----                       -------    ----  ----      ------
.iar.init_table$$Base    0x800'c89c           --   Gb  - Linker created -
.iar.init_table$$Limit   0x800'c8bc           --   Gb  - Linker created -
?main                    0x800'c85d          Code  Gb  cmain.o [12]
ADC1_COMP_IRQHandler     0x800'9bb7          Code  Wk  startup_stm32g071xx.o [5]
AHBPrescTable            0x800'c68c    0x40  Data  Gb  system_stm32g0xx.o [3]
APBPrescTable            0x800'c8e0    0x20  Data  Gb  system_stm32g0xx.o [3]
Buffer_to_float          0x800'70dd    0x1a  Code  Gb  metrology_module.o [1]
CEC_IRQHandler           0x800'cd4f          Code  Wk  startup_stm32g071xx.o [5]
CSTACK$$Base            0x2000'6b88           --   Gb  - Linker created -
CSTACK$$Limit           0x2000'7388           --   Gb  - Linker created -
Check_Socket_Status      0x800'4559    0x14  Code  Gb  modem_main.o [9]
Close_UDP_Server_Socket
                         0x800'459d    0x10  Code  Gb  modem_main.o [9]
CloudTaskHandle         0x2000'6a88     0x4  Data  Gb  main.o [4]
CloudTask_attributes     0x800'c7a8    0x24  Data  Gb  main.o [4]
Create_Server_Socket     0x800'4525    0x1e  Code  Gb  modem_main.o [9]
Create_Tcp_Connection    0x800'4543    0x16  Code  Gb  modem_main.o [9]
DMA1_Ch4_7_DMAMUX1_OVR_IRQHandler
                         0x800'c3ab     0xa  Code  Gb  stm32g0xx_it.o [4]
DMA1_Channel1_IRQHandler
                         0x800'09c1     0xc  Code  Gb  modem_module.o [9]
DMA1_Channel2_3_IRQHandler
                         0x800'8a9b          Code  Wk  startup_stm32g071xx.o [5]
DMA_CalcDMAMUXChannelBaseAndMask
                         0x800'51b1    0x30  Code  Lc  stm32g0xx_hal_dma.o [8]
DMA_CalcDMAMUXRequestGenBaseAndMask
                         0x800'51e1    0x24  Code  Lc  stm32g0xx_hal_dma.o [8]
DMA_SetConfig            0x800'5161    0x4a  Code  Lc  stm32g0xx_hal_dma.o [8]
EXTI0_1_IRQHandler       0x800'7a53          Code  Wk  startup_stm32g071xx.o [5]
EXTI2_3_IRQHandler       0x800'7b03          Code  Wk  startup_stm32g071xx.o [5]
EXTI4_15_IRQHandler      0x800'c439    0x1a  Code  Gb  stm32g0xx_it.o [4]
Error_Handler            0x800'267d     0x6  Code  Gb  main.o [4]
FLASH_IRQHandler         0x800'54f3          Code  Wk  startup_stm32g071xx.o [5]
HAL_DMA_Abort            0x800'4f3d    0x86  Code  Gb  stm32g0xx_hal_dma.o [8]
HAL_DMA_Abort_IT         0x800'4fc9    0x8e  Code  Gb  stm32g0xx_hal_dma.o [8]
HAL_DMA_DeInit           0x800'4df9    0x8c  Code  Gb  stm32g0xx_hal_dma.o [8]
HAL_DMA_IRQHandler       0x800'5065    0xf6  Code  Gb  stm32g0xx_hal_dma.o [8]
HAL_DMA_Init             0x800'4d49    0xb0  Code  Gb  stm32g0xx_hal_dma.o [8]
HAL_DMA_Start_IT         0x800'4e85    0xb8  Code  Gb  stm32g0xx_hal_dma.o [8]
HAL_Delay                0x800'5539    0x2c  Code  Wk  stm32g0xx_hal.o [8]
HAL_GPIO_DeInit          0x800'4bb7   0x13c  Code  Gb  stm32g0xx_hal_gpio.o [8]
HAL_GPIO_Init            0x800'49cd   0x1ea  Code  Gb  stm32g0xx_hal_gpio.o [8]
HAL_GPIO_TogglePin       0x800'4d0d    0x1a  Code  Gb  stm32g0xx_hal_gpio.o [8]
HAL_GPIO_WritePin        0x800'4cf3    0x1a  Code  Gb  stm32g0xx_hal_gpio.o [8]
HAL_GetTick              0x800'7b05     0xc  Code  Wk  stm32g0xx_hal.o [8]
HAL_I2CEx_ConfigAnalogFilter
                         0x800'65bd    0x66  Code  Gb  stm32g0xx_hal_i2c_ex.o [8]
HAL_I2CEx_ConfigDigitalFilter
                         0x800'6623    0x60  Code  Gb  stm32g0xx_hal_i2c_ex.o [8]
HAL_I2C_Init             0x800'5d7d    0xda  Code  Gb  stm32g0xx_hal_i2c.o [8]
HAL_I2C_Mem_Read         0x800'600d   0x1a8  Code  Gb  stm32g0xx_hal_i2c.o [8]
HAL_I2C_Mem_Write        0x800'5e69   0x1a4  Code  Gb  stm32g0xx_hal_i2c.o [8]
HAL_I2C_MspInit          0x800'77c7    0x60  Code  Gb  stm32g0xx_hal_msp.o [4]
HAL_IncTick              0x800'7771    0x18  Code  Wk  stm32g0xx_hal.o [8]
HAL_Init                 0x800'54f5    0x2a  Code  Gb  stm32g0xx_hal.o [8]
HAL_InitTick             0x800'9e2d    0xaa  Code  Gb  stm32g0xx_hal_timebase_tim.o [4]
HAL_MspInit              0x800'7789    0x3e  Code  Gb  stm32g0xx_hal_msp.o [4]
HAL_NVIC_DisableIRQ      0x800'6977     0xe  Code  Gb  stm32g0xx_hal_cortex.o [8]
HAL_NVIC_EnableIRQ       0x800'6969     0xe  Code  Gb  stm32g0xx_hal_cortex.o [8]
HAL_NVIC_SetPriority     0x800'6955    0x14  Code  Gb  stm32g0xx_hal_cortex.o [8]
HAL_PWREx_ControlVoltageScaling
                         0x800'5565    0x42  Code  Gb  stm32g0xx_hal_pwr_ex.o [8]
HAL_RCCEx_PeriphCLKConfig
                         0x800'9bb9   0x232  Code  Gb  stm32g0xx_hal_rcc_ex.o [8]
HAL_RCC_ClockConfig      0x800'5aa1   0x17c  Code  Gb  stm32g0xx_hal_rcc.o [8]
HAL_RCC_GetClockConfig   0x800'5d25    0x2e  Code  Gb  stm32g0xx_hal_rcc.o [8]
HAL_RCC_GetHCLKFreq      0x800'5ce1     0x6  Code  Gb  stm32g0xx_hal_rcc.o [8]
HAL_RCC_GetPCLK1Freq     0x800'5ced    0x20  Code  Gb  stm32g0xx_hal_rcc.o [8]
HAL_RCC_GetSysClockFreq
                         0x800'5c2d    0xb4  Code  Gb  stm32g0xx_hal_rcc.o [8]
HAL_RCC_OscConfig        0x800'55cd   0x4b2  Code  Gb  stm32g0xx_hal_rcc.o [8]
HAL_SYSCFG_StrobeDBattpinsConfig
                         0x800'551f     0xe  Code  Gb  stm32g0xx_hal.o [8]
HAL_TIMEx_Break2Callback
                         0x800'54ed     0x2  Code  Wk  stm32g0xx_hal_tim_ex.o [8]
HAL_TIMEx_BreakCallback
                         0x800'54eb     0x2  Code  Wk  stm32g0xx_hal_tim_ex.o [8]
HAL_TIMEx_CommutCallback
                         0x800'54f1     0x2  Code  Wk  stm32g0xx_hal_tim_ex.o [8]
HAL_TIMEx_MasterConfigSynchronization
                         0x800'668d    0x7c  Code  Gb  stm32g0xx_hal_tim_ex.o [8]
HAL_TIM_Base_Init        0x800'1b9d    0x64  Code  Gb  stm32g0xx_hal_tim.o [8]
HAL_TIM_Base_MspInit     0x800'53dd    0xae  Code  Gb  stm32_st87m01.o [2]
HAL_TIM_Base_Start_IT    0x800'1c01    0x74  Code  Gb  stm32g0xx_hal_tim.o [8]
HAL_TIM_ConfigClockSource
                         0x800'1e19   0x100  Code  Gb  stm32g0xx_hal_tim.o [8]
HAL_TIM_IC_CaptureCallback
                         0x800'54e5     0x2  Code  Wk  stm32g0xx_hal_tim.o [8]
HAL_TIM_IRQHandler       0x800'1c85   0x18c  Code  Gb  stm32g0xx_hal_tim.o [8]
HAL_TIM_OC_DelayElapsedCallback
                         0x800'54e7     0x2  Code  Wk  stm32g0xx_hal_tim.o [8]
HAL_TIM_PWM_PulseFinishedCallback
                         0x800'54e9     0x2  Code  Wk  stm32g0xx_hal_tim.o [8]
HAL_TIM_PeriodElapsedCallback
                         0x800'260f    0x36  Code  Gb  main.o [4]
HAL_TIM_TriggerCallback
                         0x800'54ef     0x2  Code  Wk  stm32g0xx_hal_tim.o [8]
HAL_UARTEx_DisableFifoMode
                         0x800'6719    0x46  Code  Gb  stm32g0xx_hal_uart_ex.o [8]
HAL_UARTEx_RxEventCallback
                         0x800'7a4b     0x2  Code  Wk  stm32g0xx_hal_uart.o [8]
HAL_UARTEx_RxFifoFullCallback
                         0x800'7a51     0x2  Code  Wk  stm32g0xx_hal_uart_ex.o [8]
HAL_UARTEx_SetRxFifoThreshold
                         0x800'67b5    0x56  Code  Gb  stm32g0xx_hal_uart_ex.o [8]
HAL_UARTEx_SetTxFifoThreshold
                         0x800'675f    0x56  Code  Gb  stm32g0xx_hal_uart_ex.o [8]
HAL_UARTEx_TxFifoEmptyCallback
                         0x800'7a4f     0x2  Code  Wk  stm32g0xx_hal_uart_ex.o [8]
HAL_UARTEx_WakeupCallback
                         0x800'7a4d     0x2  Code  Wk  stm32g0xx_hal_uart_ex.o [8]
HAL_UART_DeInit          0x800'2711    0x4a  Code  Gb  stm32g0xx_hal_uart.o [8]
HAL_UART_ErrorCallback   0x800'7a49     0x2  Code  Wk  stm32g0xx_hal_uart.o [8]
HAL_UART_IRQHandler      0x800'28a1   0x37c  Code  Gb  stm32g0xx_hal_uart.o [8]
HAL_UART_Init            0x800'268d    0x7e  Code  Gb  stm32g0xx_hal_uart.o [8]
HAL_UART_MspDeInit       0x800'79a5    0x6e  Code  Gb  stm32g0xx_hal_msp.o [4]
HAL_UART_MspInit         0x800'7827   0x178  Code  Gb  stm32g0xx_hal_msp.o [4]
HAL_UART_Receive_IT      0x800'275b    0x7c  Code  Gb  stm32g0xx_hal_uart.o [8]
HAL_UART_RxCpltCallback
                         0x800'549f    0x14  Code  Gb  stm32_st87m01.o [2]
HAL_UART_Transmit_DMA    0x800'27d7    0xba  Code  Gb  stm32g0xx_hal_uart.o [8]
HAL_UART_TxCpltCallback
                         0x800'548b    0x14  Code  Gb  stm32_st87m01.o [2]
HAL_UART_TxHalfCpltCallback
                         0x800'7b11     0x2  Code  Wk  stm32g0xx_hal_uart.o [8]
HardFault_Handler        0x800'c3a7     0x4  Code  Gb  stm32g0xx_it.o [4]
I2C1_IRQHandler          0x800'c5eb          Code  Wk  startup_stm32g071xx.o [5]
I2C2_IRQHandler          0x800'c88b          Code  Wk  startup_stm32g071xx.o [5]
I2C_Flush_TXDR           0x800'62d1    0x28  Code  Lc  stm32g0xx_hal_i2c.o [8]
I2C_IsErrorOccurred      0x800'643d   0x142  Code  Lc  stm32g0xx_hal_i2c.o [8]
I2C_RequestMemoryRead    0x800'6247    0x84  Code  Lc  stm32g0xx_hal_i2c.o [8]
I2C_RequestMemoryWrite   0x800'61c1    0x86  Code  Lc  stm32g0xx_hal_i2c.o [8]
I2C_TransferConfig       0x800'657f    0x36  Code  Lc  stm32g0xx_hal_i2c.o [8]
I2C_WaitOnFlagUntilTimeout
                         0x800'62f9    0x82  Code  Lc  stm32g0xx_hal_i2c.o [8]
I2C_WaitOnSTOPFlagUntilTimeout
                         0x800'63e1    0x5c  Code  Lc  stm32g0xx_hal_i2c.o [8]
I2C_WaitOnTXISFlagUntilTimeout
                         0x800'637b    0x66  Code  Lc  stm32g0xx_hal_i2c.o [8]
IO_modem_status_flag    0x2000'68b0    0x24  Data  Gb  modem_globals.o [9]
IsST87_Comm_ongoing     0x2000'6b6e     0x1  Data  Gb  cloud_module.o [1]
IsSTPM32_Comm_ongoing   0x2000'6b75     0x1  Data  Gb  metrology_module.o [1]
KernelState             0x2000'6a68     0x4  Data  Lc  cmsis_os2.o [6]
LL_EXTI_ClearRisingFlag_0_31
                         0x800'c39d     0x6  Code  Lc  stm32g0xx_it.o [4]
LL_EXTI_DisableEvent_0_31
                         0x800'69d1     0xa  Code  Lc  stm32g0xx_ll_exti.o [8]
LL_EXTI_DisableEvent_32_63
                         0x800'69db     0xa  Code  Lc  stm32g0xx_ll_exti.o [8]
LL_EXTI_DisableFallingTrig_0_31
                         0x800'6a03     0xa  Code  Lc  stm32g0xx_ll_exti.o [8]
LL_EXTI_DisableIT_0_31   0x800'69a9     0xa  Code  Lc  stm32g0xx_ll_exti.o [8]
LL_EXTI_DisableIT_32_63
                         0x800'69b3     0xa  Code  Lc  stm32g0xx_ll_exti.o [8]
LL_EXTI_DisableRisingTrig_0_31
                         0x800'69ef     0xa  Code  Lc  stm32g0xx_ll_exti.o [8]
LL_EXTI_EnableEvent_0_31
                         0x800'69bd     0xa  Code  Lc  stm32g0xx_ll_exti.o [8]
LL_EXTI_EnableEvent_32_63
                         0x800'69c7     0xa  Code  Lc  stm32g0xx_ll_exti.o [8]
LL_EXTI_EnableFallingTrig_0_31
                         0x800'69f9     0xa  Code  Lc  stm32g0xx_ll_exti.o [8]
LL_EXTI_EnableIT_0_31    0x800'6995     0xa  Code  Lc  stm32g0xx_ll_exti.o [8]
LL_EXTI_EnableIT_32_63   0x800'699f     0xa  Code  Lc  stm32g0xx_ll_exti.o [8]
LL_EXTI_EnableRisingTrig_0_31
                         0x800'69e5     0xa  Code  Lc  stm32g0xx_ll_exti.o [8]
LL_EXTI_Init             0x800'6a25    0xf6  Code  Gb  stm32g0xx_ll_exti.o [8]
LL_EXTI_IsActiveRisingFlag_0_31
                         0x800'c389    0x14  Code  Lc  stm32g0xx_it.o [4]
LL_EXTI_SetEXTISource    0x800'2095    0x30  Code  Lc  main.o [4]
LL_GPIO_Init             0x800'6bd7    0x7a  Code  Gb  stm32g0xx_ll_gpio.o [8]
LL_GPIO_ResetOutputPin   0x800'2091     0x4  Code  Lc  main.o [4]
LL_GPIO_SetAFPin_0_7     0x800'6b83    0x24  Code  Lc  stm32g0xx_ll_gpio.o [8]
LL_GPIO_SetAFPin_8_15    0x800'6ba7    0x30  Code  Lc  stm32g0xx_ll_gpio.o [8]
LL_GPIO_SetPinMode       0x800'2059    0x1c  Code  Lc  main.o [4]
LL_GPIO_SetPinMode       0x800'6b1d    0x1c  Code  Lc  stm32g0xx_ll_gpio.o [8]
LL_GPIO_SetPinOutputType
                         0x800'6b39    0x12  Code  Lc  stm32g0xx_ll_gpio.o [8]
LL_GPIO_SetPinPull       0x800'2075    0x1c  Code  Lc  main.o [4]
LL_GPIO_SetPinPull       0x800'6b67    0x1c  Code  Lc  stm32g0xx_ll_gpio.o [8]
LL_GPIO_SetPinSpeed      0x800'6b4b    0x1c  Code  Lc  stm32g0xx_ll_gpio.o [8]
LL_IOP_GRP1_EnableClock
                         0x800'20c5    0x16  Code  Lc  main.o [4]
LL_RCC_GetAPB1Prescaler
                         0x800'55bd     0xc  Code  Lc  stm32g0xx_hal_rcc.o [8]
LedStatusQueueCloudHandle
                        0x2000'6aa8     0x4  Data  Gb  main.o [4]
LedStatusQueueCloud_attributes
                         0x800'ca04    0x18  Data  Gb  main.o [4]
LedStatusQueueHandle    0x2000'6a9c     0x4  Data  Gb  main.o [4]
LedStatusQueue_attributes
                         0x800'c9bc    0x18  Data  Gb  main.o [4]
Load_Data               0x2000'6918    0x14  Data  Gb  metrology_module.o [1]
Load_Sensor_data        0x2000'69f4    0x10  Data  Gb  cloud_module.o [1]
Load_metrology_data     0x2000'6904    0x14  Data  Gb  cloud_module.o [1]
MX_DMA_Init              0x800'24a5    0x26  Code  Lc  main.o [4]
MX_GPIO_Init             0x800'24f1    0xe0  Code  Lc  main.o [4]
MX_I2C2_Init             0x800'227d    0x4e  Code  Lc  main.o [4]
MX_TIM1_Init             0x800'22cb    0x70  Code  Gb  main.o [4]
MX_USART1_UART_Init      0x800'2341    0x6a  Code  Lc  main.o [4]
MX_USART2_UART_Init      0x800'23d9    0x6a  Code  Lc  main.o [4]
MX_USART4_UART_Init      0x800'2461    0x32  Code  Lc  main.o [4]
MetroCommStatusHandle   0x2000'6aa0     0x4  Data  Gb  main.o [4]
MetroCommStatus_attributes
                         0x800'c9d4    0x18  Data  Gb  main.o [4]
MetroQueueHandle        0x2000'6a94     0x4  Data  Gb  main.o [4]
MetroQueue_attributes    0x800'c98c    0x18  Data  Gb  main.o [4]
MetroTaskHandle         0x2000'6a8c     0x4  Data  Gb  main.o [4]
MetroTask_attributes     0x800'c7cc    0x24  Data  Gb  main.o [4]
Metro_State             0x2000'6b74     0x1  Data  Gb  metrology_module.o [1]
Metrology_controler      0x800'7101   0x244  Code  Gb  metrology_module.o [1]
Metrology_controller_init
                         0x800'70f7     0xa  Code  Gb  metrology_module.o [1]
Modem_AT_Cmd_Buff       0x2000'3b10   0x6d8  Data  Gb  modem_globals.o [9]
Modem_Clear_Sckt_Closed_Status
                         0x800'173f     0x8  Code  Gb  modem_module.o [9]
Modem_Client_Check_Socket_Status
                         0x800'16f5    0x3a  Code  Gb  modem_module.o [9]
Modem_Control_Variables
                        0x2000'68ec    0x17  Data  Gb  modem_globals.o [9]
Modem_Counter_Variables
                        0x2000'6330    0x78  Data  Gb  modem_globals.o [9]
Modem_Get_Sckt_Closed_Status
                         0x800'1739     0x6  Code  Gb  modem_module.o [9]
Modem_HAL_UART_RxCpltCallback
                         0x800'0969    0x54  Code  Gb  modem_module.o [9]
Modem_HAL_UART_TxCpltCallback
                         0x800'0955     0x8  Code  Gb  modem_module.o [9]
Modem_Module_Init        0x800'0141    0x72  Code  Gb  modem_module.o [9]
Modem_Module_and_Timer_Init
                         0x800'00bd    0x84  Code  Gb  modem_module.o [9]
Modem_Queue_Client_Close_Event
                         0x800'174d    0x3c  Code  Gb  modem_module.o [9]
Modem_Queue_Client_Open_Event
                         0x800'168d    0x4c  Code  Gb  modem_module.o [9]
Modem_Queue_Client_Write_Event
                         0x800'1649    0x3e  Code  Gb  modem_module.o [9]
Modem_Receive_AT_Resp    0x800'09d1    0x32  Code  Gb  modem_module.o [9]
Modem_Receive_Data       0x800'0287    0x22  Code  Gb  modem_module.o [9]
Modem_Reset_AT_CMD_Buffer
                         0x800'17ad    0x14  Code  Gb  modem_module.o [9]
Modem_Resume_Dequeue     0x800'08dd     0x8  Code  Gb  modem_module.o [9]
Modem_Socket_Pending_Data
                         0x800'426d    0x36  Code  Gb  modem_interface.o [9]
Modem_Socket_Read        0x800'41a5    0x46  Code  Gb  modem_interface.o [9]
Modem_Start_Timer        0x800'08bd     0xc  Code  Gb  modem_module.o [9]
Modem_Stop_Timer         0x800'08c9    0x10  Code  Gb  modem_module.o [9]
Modem_SysTick_Isr        0x800'08f5    0x5c  Code  Gb  modem_module.o [9]
Modem_TIM_Handler        0x800'02d9   0x5de  Code  Gb  modem_module.o [9]
Modem_Tcp_Connection_Event
                         0x800'17c9    0x48  Code  Gb  modem_module.o [9]
Modem_Timer_Config       0x800'52f5    0x30  Code  Gb  stm32_st87m01.o [2]
Modem_Transmit_AT_Cmd    0x800'1811    0x52  Code  Gb  modem_module.o [9]
Modem_UART_Configuration
                         0x800'5325    0x9a  Code  Gb  stm32_st87m01.o [2]
Modem_UART_Configuration::hdma_tx
                        0x2000'64bc    0x5c  Data  Lc  stm32_st87m01.o [2]
Modem_Wait_For_Sock_Read_To_Complete
                         0x800'178d    0x1c  Code  Gb  modem_module.o [9]
NMI_Handler              0x800'c3a3     0x4  Code  Gb  stm32g0xx_it.o [4]
PVD_IRQHandler           0x800'3bab          Code  Wk  startup_stm32g071xx.o [5]
PendSV_Handler           0x800'bf3f          Code  Gb  portasm.o [6]
Process_Modem            0x800'0a09    0x1e  Code  Gb  modem_module.o [9]
Process_Modem_Buffer     0x800'0a65   0xbda  Code  Gb  modem_module.o [9]
Process_Modem_Buffer::Fillptr
                        0x2000'6af4     0x4  Data  Lc  modem_module.o [9]
Process_Modem_Buffer::databytes_No
                        0x2000'6a40     0x8  Data  Lc  modem_module.o [9]
Process_Modem_Buffer::pStr
                        0x2000'6afc     0x4  Data  Lc  modem_module.o [9]
Process_Modem_Buffer::process_buffer
                        0x2000'4698   0x4b0  Data  Lc  modem_module.o [9]
Process_Modem_Buffer::ptr_offset
                        0x2000'6af8     0x4  Data  Lc  modem_module.o [9]
Protocol                0x2000'6a60     0x4  Data  Gb  cloud_module.o [1]
RCC_IRQHandler           0x800'6b1b          Code  Wk  startup_stm32g071xx.o [5]
RTC_TAMP_IRQHandler      0x800'3bfb          Code  Wk  startup_stm32g071xx.o [5]
Region$$Table$$Base      0x800'c89c           --   Gb  - Linker created -
Region$$Table$$Limit     0x800'c8bc           --   Gb  - Linker created -
Reset_Handler            0x800'cb9d          Code  Wk  startup_stm32g071xx.o [5]
SPI1_IRQHandler          0x800'c8bd          Code  Wk  startup_stm32g071xx.o [5]
SPI2_IRQHandler          0x800'cd4d          Code  Wk  startup_stm32g071xx.o [5]
ST87CommStatusHandle    0x2000'6aa4     0x4  Data  Gb  main.o [4]
ST87CommStatus_attributes
                         0x800'c9ec    0x18  Data  Gb  main.o [4]
ST87_Comm_ongoing       0x2000'6b76     0x1  Data  Gb  metrology_module.o [1]
STPM32_Comm_ongoing     0x2000'6b6f     0x1  Data  Gb  cloud_module.o [1]
SVC_Handler              0x800'bf7d          Code  Gb  portasm.o [6]
SVC_Setup                0x800'464d     0xe  Code  Lc  cmsis_os2.o [6]
SensorQueueHandle       0x2000'6a98     0x4  Data  Gb  main.o [4]
SensorQueue_attributes   0x800'c9a4    0x18  Data  Gb  main.o [4]
SensorTaskHandle        0x2000'6a90     0x4  Data  Gb  main.o [4]
SensorTask_attributes    0x800'c7f0    0x24  Data  Gb  main.o [4]
Sensor_Controller        0x800'76ed    0x22  Code  Gb  Sensor_module.o [1]
Sensor_Init              0x800'747d   0x1a4  Code  Gb  Sensor_module.o [1]
Sensor_Interrupt         0x800'7629    0xbe  Code  Gb  Sensor_module.o [1]
Sensor_data             0x2000'6a14    0x10  Data  Gb  Sensor_module.o [1]
Set_Modem_Control_Variables
                         0x800'01b3    0xb8  Code  Gb  modem_module.o [9]
Set_Modem_Counter_Variables
                         0x800'026b    0x1c  Code  Gb  modem_module.o [9]
SocketID                0x2000'6b6c     0x1  Data  Lc  cloud_module.o [1]
StartCloudTask           0x800'25e5     0xe  Code  Gb  main.o [4]
StartDefaultTask         0x800'25d9     0xc  Code  Gb  main.o [4]
StartMetroTask           0x800'25f3     0xe  Code  Gb  main.o [4]
StartSensorTask          0x800'2601     0xe  Code  Gb  main.o [4]
SysTick_Handler          0x800'4639    0x14  Code  Gb  cmsis_os2.o [6]
SystemClock_Config       0x800'21ff    0x7e  Code  Gb  main.o [4]
SystemCoreClock         0x2000'0030     0x4  Data  Gb  system_stm32g0xx.o [3]
SystemInit               0x800'cd51     0x2  Code  Gb  system_stm32g0xx.o [3]
TCP_Server_send          0x800'4585    0x18  Code  Gb  modem_main.o [9]
TIM14_IRQHandler         0x800'b7fb          Code  Wk  startup_stm32g071xx.o [5]
TIM15_IRQHandler         0x800'53c9     0xa  Code  Gb  stm32_st87m01.o [2]
TIM16_IRQHandler         0x800'53d3     0xa  Code  Gb  stm32_st87m01.o [2]
TIM17_IRQHandler         0x800'c127          Code  Wk  startup_stm32g071xx.o [5]
TIM1_BRK_UP_TRG_COM_IRQHandler
                         0x800'c3b5    0x1c  Code  Gb  stm32g0xx_it.o [4]
TIM1_CC_IRQHandler       0x800'b147          Code  Wk  startup_stm32g071xx.o [5]
TIM2_IRQHandler          0x800'b223          Code  Wk  startup_stm32g071xx.o [5]
TIM3_IRQHandler          0x800'b227          Code  Wk  startup_stm32g071xx.o [5]
TIM6_DAC_LPTIM1_IRQHandler
                         0x800'c3d1     0xa  Code  Gb  stm32g0xx_it.o [4]
TIM7_LPTIM2_IRQHandler   0x800'b3d7          Code  Wk  startup_stm32g071xx.o [5]
TIM_Base_SetConfig       0x800'1f21    0x96  Code  Gb  stm32g0xx_hal_tim.o [8]
TIM_ETR_SetConfig        0x800'2033    0x16  Code  Gb  stm32g0xx_hal_tim.o [8]
TIM_ITRx_SetConfig       0x800'2021    0x10  Code  Lc  stm32g0xx_hal_tim.o [8]
TIM_TI1_ConfigInputStage
                         0x800'1fd5    0x24  Code  Lc  stm32g0xx_hal_tim.o [8]
TIM_TI2_ConfigInputStage
                         0x800'1ff9    0x26  Code  Lc  stm32g0xx_hal_tim.o [8]
Temperature_avg          0x800'743f    0x3e  Code  Gb  Sensor_module.o [1]
TimeSocketClosed        0x2000'6b79     0x1  Data  Lc  modem_main.o [9]
UARTEx_SetNbDataToProcess
                         0x800'6815    0x72  Code  Lc  stm32g0xx_hal_uart_ex.o [8]
UARTEx_SetNbDataToProcess::denominator
                         0x800'cd28     0x8  Data  Lc  stm32g0xx_hal_uart_ex.o [8]
UARTEx_SetNbDataToProcess::numerator
                         0x800'cd20     0x8  Data  Lc  stm32g0xx_hal_uart_ex.o [8]
UARTPrescTable           0x800'ca64    0x18  Data  Gb  stm32g0xx_hal_uart.o [8]
UART_AdvFeatureConfig    0x800'2f85    0xde  Code  Gb  stm32g0xx_hal_uart.o [8]
UART_CheckIdleState      0x800'306d    0xcc  Code  Gb  stm32g0xx_hal_uart.o [8]
UART_DMAAbortOnError     0x800'34d3    0x18  Code  Lc  stm32g0xx_hal_uart.o [8]
UART_DMAError            0x800'3481    0x52  Code  Lc  stm32g0xx_hal_uart.o [8]
UART_DMATransmitCplt     0x800'3405    0x52  Code  Lc  stm32g0xx_hal_uart.o [8]
UART_DMATxHalfCplt       0x800'3457     0xe  Code  Lc  stm32g0xx_hal_uart.o [8]
UART_EndRxTransfer       0x800'339d    0x64  Code  Lc  stm32g0xx_hal_uart.o [8]
UART_EndTransmit_IT      0x800'34eb    0x30  Code  Lc  stm32g0xx_hal_uart.o [8]
UART_EndTxTransfer       0x800'3361    0x3c  Code  Lc  stm32g0xx_hal_uart.o [8]
UART_RxISR_16BIT         0x800'3611    0xf6  Code  Lc  stm32g0xx_hal_uart.o [8]
UART_RxISR_16BIT_FIFOEN
                         0x800'3905   0x1f8  Code  Lc  stm32g0xx_hal_uart.o [8]
UART_RxISR_8BIT          0x800'351b    0xf6  Code  Lc  stm32g0xx_hal_uart.o [8]
UART_RxISR_8BIT_FIFOEN   0x800'3711   0x1f0  Code  Lc  stm32g0xx_hal_uart.o [8]
UART_SetConfig           0x800'2c2d   0x348  Code  Gb  stm32g0xx_hal_uart.o [8]
UART_Start_Receive_IT    0x800'31f9   0x15c  Code  Gb  stm32g0xx_hal_uart.o [8]
UART_WaitOnFlagUntilTimeout
                         0x800'315d    0x9c  Code  Gb  stm32g0xx_hal_uart.o [8]
UCPD1_2_IRQHandler       0x800'7b13          Code  Wk  startup_stm32g071xx.o [5]
UDP_Server_send          0x800'456d    0x18  Code  Gb  modem_main.o [9]
USART1_IRQHandler        0x800'53bf     0xa  Code  Gb  stm32_st87m01.o [2]
USART2_IRQHandler        0x800'c3db    0x54  Code  Gb  stm32g0xx_it.o [4]
USART3_4_LPUART1_IRQHandler
[...]
lis2dux12_int_config_set
                         0x800'ad21    0xb0  Code  Gb  lis2dux12_reg.o [2]
lis2dux12_mode_set       0x800'a64f   0x174  Code  Gb  lis2dux12_reg.o [2]
lis2dux12_outt_data_get
                         0x800'aaed    0x38  Code  Gb  lis2dux12_reg.o [2]
lis2dux12_pin_int1_route_set
                         0x800'ab25   0x1fc  Code  Gb  lis2dux12_reg.o [2]
lis2dux12_read_reg       0x800'c0d5    0x24  Code  Wk  lis2dux12_reg.o [2]
lis2dux12_status_get     0x800'a5d9    0x76  Code  Gb  lis2dux12_reg.o [2]
lis2dux12_tap_config_set
                         0x800'add1   0x256  Code  Gb  lis2dux12_reg.o [2]
lis2dux12_tap_handler    0x800'740d    0x32  Code  Gb  Sensor_module.o [1]
lis2dux12_write_reg      0x800'c0f9    0x24  Code  Wk  lis2dux12_reg.o [2]
lis2dux12_xl_data_get    0x800'a9eb   0x102  Code  Gb  lis2dux12_reg.o [2]
local_rx_buf            0x2000'6774    0x40  Data  Lc  metro_hif.o [1]
local_rx_ptr            0x2000'6b73     0x1  Data  Lc  metro_hif.o [1]
localeconv               0x800'b7fd     0x4  Code  Gb  xlocale_c.o [10]
m2m_modem_init           0x800'6c51    0x16  Code  Gb  m2m_modem.o [1]
m2m_modem_startup        0x800'6c67    0x52  Code  Gb  m2m_modem.o [1]
m_element               0x2000'6940    0x14  Data  Gb  modem_globals.o [9]
main                     0x800'20db   0x124  Code  Gb  main.o [4]
md                      0x2000'6b04     0x4  Data  Lc  Sensor_module.o [1]
memchr                   0x800'b271          Code  Gb  memchr.o [12]
metro_timer             0x2000'6ab8     0x4  Data  Gb  metrology_module.o [1]
millis                   0x800'6cb9     0x8  Code  Gb  cloud_module.o [1]
modemPushTimHandle      0x2000'6654    0x4c  Data  Gb  modem_globals.o [9]
modemTick               0x2000'6ad4     0x4  Data  Gb  modem_globals.o [9]
modemTimHandle          0x2000'6608    0x4c  Data  Gb  modem_globals.o [9]
modemTimeout            0x2000'6ad8     0x4  Data  Gb  modem_globals.o [9]
modem_UserDataBuff      0x2000'2f58   0xbb8  Data  Gb  modem_globals.o [9]
modem_buffer_empty       0x800'195f    0x12  Code  Gb  modem_ring_buffer.o [9]
modem_buffer_full        0x800'194b    0x14  Code  Gb  modem_ring_buffer.o [9]
modem_buffer_init        0x800'1911    0x10  Code  Gb  modem_ring_buffer.o [9]
modem_buffer_is_half_empty
                         0x800'1939    0x12  Code  Gb  modem_ring_buffer.o [9]
modem_buffer_is_half_full
                         0x800'1921    0x18  Code  Gb  modem_ring_buffer.o [9]
modem_connected         0x2000'6b77     0x1  Data  Gb  modem_globals.o [9]
modem_event_empty        0x800'1a63    0x12  Code  Gb  modem_event_buffer.o [9]
modem_event_full         0x800'1a47    0x1c  Code  Gb  modem_event_buffer.o [9]
modem_event_init         0x800'1a31    0x16  Code  Gb  modem_event_buffer.o [9]
modem_init               0x800'3bfd   0x462  Code  Gb  modem_interface.o [9]
modem_instances         0x2000'6730    0x44  Data  Gb  modem_module.o [9]
modem_main               0x800'42eb    0x34  Code  Gb  modem_main.o [9]
modem_network_time_buff
                        0x2000'67b4    0x40  Data  Gb  modem_globals.o [9]
modem_open_sockets      0x2000'6ad0     0x4  Data  Gb  modem_globals.o [9]
modem_peripherals_init   0x800'42d1    0x1a  Code  Gb  modem_main.o [9]
modem_pop_buffer        0x2000'41e8   0x4b0  Data  Gb  modem_globals.o [9]
modem_pop_buffer_queue   0x800'19af    0x6e  Code  Gb  modem_ring_buffer.o [9]
modem_pop_eventbuffer_queue
                         0x800'1aff    0x7e  Code  Gb  modem_event_buffer.o [9]
modem_push_buffer_queue
                         0x800'1971    0x3e  Code  Gb  modem_ring_buffer.o [9]
modem_push_eventbuffer_queue
                         0x800'1a75    0x8a  Code  Gb  modem_event_buffer.o [9]
modem_reset_event        0x800'1b85    0x18  Code  Gb  modem_event_buffer.o [9]
modem_ring_buffer       0x2000'4b48   0x4b0  Data  Lc  modem_ring_buffer.o [9]
modem_socket_client_close
                         0x800'41eb    0x2c  Code  Gb  modem_interface.o [9]
modem_socket_client_open
                         0x800'4071    0x82  Code  Gb  modem_interface.o [9]
modem_socket_client_write
                         0x800'4131    0x6e  Code  Gb  modem_interface.o [9]
modem_state             0x2000'6b7a     0x1  Data  Gb  modem_main.o [9]
modem_tcp_connection     0x800'4219    0x54  Code  Gb  modem_interface.o [9]
msg_Rx                  0x2000'66ec    0x44  Data  Gb  metro_hif.o [1]
myTest                  0x2000'6acc     0x4  Data  Gb  metrology_module.o [1]
net_set_current_time     0x800'431f   0x162  Code  Gb  modem_main.o [9]
net_set_current_time::_ytab
                         0x800'c5ec    0x60  Data  Lc  modem_main.o [9]
osDelay                  0x800'47a9    0x22  Code  Gb  cmsis_os2.o [6]
osKernelInitialize       0x800'465b    0x26  Code  Gb  cmsis_os2.o [6]
osKernelStart            0x800'4681    0x2e  Code  Gb  cmsis_os2.o [6]
osMessageQueueGet        0x800'490d    0x8e  Code  Gb  cmsis_os2.o [6]
osMessageQueueNew        0x800'47cb    0xb4  Code  Gb  cmsis_os2.o [6]
osMessageQueuePut        0x800'487f    0x8e  Code  Gb  cmsis_os2.o [6]
osMessageQueueReset      0x800'49a1    0x2c  Code  Gb  cmsis_os2.o [6]
osThreadNew              0x800'46c1    0xe8  Code  Gb  cmsis_os2.o [6]
p_ind_modem_socket_client_remote_server_closed
                        0x2000'6ae4     0x4  Data  Gb  modem_main.o [9]
p_ind_modem_socket_data_received
                        0x2000'6ae0     0x4  Data  Gb  modem_main.o [9]
platform_read            0x800'73e1    0x2c  Code  Lc  Sensor_module.o [1]
platform_write           0x800'73b5    0x2c  Code  Lc  Sensor_module.o [1]
port_number             0x2000'6b72     0x1  Data  Gb  main.o [4]
prvAddCurrentTaskToDelayedList
                         0x800'92fd    0x66  Code  Lc  tasks.o [6]
prvAddNewTaskToReadyList
                         0x800'8c2d    0x80  Code  Lc  tasks.o [6]
prvCheckForValidListAndQueue
                         0x800'bec7    0x4c  Code  Lc  timers.o [6]
prvCheckForValidListAndQueue{1}{2}{3}{4}::ucStaticTimerQueueStorage
                        0x2000'6040    0xa0  Data  Lc  timers.o [6]
prvCheckForValidListAndQueue{1}{2}{3}{4}::xStaticTimerQueue
                        0x2000'656c    0x50  Data  Lc  timers.o [6]
prvCheckTasksWaitingTermination
                         0x800'917d    0x38  Code  Lc  tasks.o [6]
prvCopyDataFromQueue     0x800'9a5d    0x34  Code  Lc  queue.o [6]
prvCopyDataToQueue       0x800'99c5    0x98  Code  Lc  queue.o [6]
prvDeleteTCB             0x800'91cd    0x38  Code  Lc  tasks.o [6]
prvGetNextExpireTime     0x800'bc91    0x28  Code  Lc  timers.o [6]
prvHeapInit              0x800'b95d    0x5c  Code  Lc  heap_4.o [6]
prvIdleTask              0x800'9123    0x16  Code  Lc  tasks.o [6]
prvInitialiseNewQueue    0x800'95c5    0x28  Code  Lc  queue.o [6]
prvInitialiseNewTask     0x800'8b79    0xb4  Code  Lc  tasks.o [6]
prvInitialiseTaskLists   0x800'9139    0x44  Code  Lc  tasks.o [6]
prvInsertBlockIntoFreeList
                         0x800'b9b9    0x5c  Code  Lc  heap_4.o [6]
prvInsertTimerInActiveList
                         0x800'bce7    0x4e  Code  Lc  timers.o [6]
prvIsQueueEmpty          0x800'9aff    0x1c  Code  Lc  queue.o [6]
prvIsQueueFull           0x800'9b1b    0x1e  Code  Lc  queue.o [6]
prvProcessExpiredTimer   0x800'bbad    0x5e  Code  Lc  timers.o [6]
prvProcessReceivedCommands
                         0x800'bd35   0x11c  Code  Lc  timers.o [6]
prvProcessTimerOrBlockTask
                         0x800'bc25    0x62  Code  Lc  timers.o [6]
prvResetNextTaskUnblockTime
                         0x800'9205    0x26  Code  Lc  tasks.o [6]
prvSampleTimeNow         0x800'bcc1    0x26  Code  Lc  timers.o [6]
prvSampleTimeNow::xLastTime
                        0x2000'6b5c     0x4  Data  Lc  timers.o [6]
prvSwitchTimerLists      0x800'be55    0x72  Code  Lc  timers.o [6]
prvTaskExitError         0x800'9399    0x16  Code  Lc  port.o [6]
prvTimerTask             0x800'bc0b    0x1a  Code  Lc  timers.o [6]
prvUnlockQueue           0x800'9a91    0x6e  Code  Lc  queue.o [6]
pvPortMalloc             0x800'b809    0xea  Code  Gb  heap_4.o [6]
pxCurrentTCB            0x2000'6b10     0x4  Data  Gb  tasks.o [6]
pxCurrentTimerList      0x2000'6b4c     0x4  Data  Lc  timers.o [6]
pxDelayedTaskList       0x2000'6b14     0x4  Data  Lc  tasks.o [6]
pxEnd                   0x2000'6a6c     0x4  Data  Lc  heap_4.o [6]
pxOverflowDelayedTaskList
                        0x2000'6b18     0x4  Data  Lc  tasks.o [6]
pxOverflowTimerList     0x2000'6b50     0x4  Data  Lc  timers.o [6]
pxPortInitialiseStack    0x800'937d    0x1a  Code  Gb  port.o [6]
pxReadyTasksLists       0x2000'4ff8   0x460  Data  Lc  tasks.o [6]
readmetreq_error        0x2000'6ac8     0x4  Data  Gb  metrology_module.o [1]
scalbln                  0x800'b315          Code  Gb  ldexp.o [11]
scalblnl                 0x800'b315          Code  Gb  ldexp.o [11]
scalbn                   0x800'b315          Code  Gb  ldexp.o [11]
scalbnl                  0x800'b315          Code  Gb  ldexp.o [11]
scale                    0x800'8a19    0x44  Code  Lc  xprintffull_nomb.o [10]
sckt_type               0x2000'6b71     0x1  Data  Gb  main.o [4]
sec_hand                0x2000'6b60     0x4  Data  Lc  xfail_s.o [10]
server_ip               0x2000'0000    0x10  Data  Gb  cloud_module.o [1]
server_port             0x2000'6a58     0x4  Data  Gb  cloud_module.o [1]
setreq_error            0x2000'6ac4     0x4  Data  Gb  metrology_module.o [1]
sizeTest                0x2000'6b6d     0x1  Data  Gb  cloud_module.o [1]
sprintf                  0x800'3b59    0x40  Code  Gb  sprintf.o [10]
st87_rst_counter        0x2000'6a64     0x4  Data  Gb  cloud_module.o [1]
status                  0x2000'6b7e     0x1  Data  Gb  Sensor_module.o [1]
strchr                   0x800'3b99          Code  Gb  strchr.o [12]
strlen                   0x800'3b49          Code  Gb  strlen.o [12]
strstr                   0x800'3b19    0x2e  Code  Gb  strstr.o [10]
temp_avg                0x2000'6888    0x28  Data  Gb  Sensor_module.o [1]
tempo                   0x2000'6adc     0x4  Data  Gb  modem_interface.o [9]
time_ind_modem_socket_client_remote_server_closed
                         0x800'44d3    0x12  Code  Gb  modem_main.o [9]
time_ind_modem_socket_data_received
                         0x800'44a7    0x2c  Code  Gb  modem_main.o [9]
timeout_error_counter   0x2000'6abc     0x4  Data  Gb  metrology_module.o [1]
try_again               0x2000'0074     0x1  Data  Gb  cloud_module.o [1]
txBuff                  0x2000'6ac0     0x4  Data  Gb  metrology_module.o [1]
uart_rx_parser_data     0x2000'68d4    0x18  Data  Lc  metro_hif.o [1]
uart_rx_parser_data_buffer
                        0x2000'6ab0     0x4  Data  Lc  metro_hif.o [1]
uart_rx_parser_get_cmdid
                         0x800'a093    0x18  Code  Lc  metro_hif.o [1]
uart_rx_parser_get_counter
                         0x800'a129    0x44  Code  Lc  metro_hif.o [1]
uart_rx_parser_get_crc   0x800'a219    0x92  Code  Lc  metro_hif.o [1]
uart_rx_parser_get_msglen
                         0x800'a0ab    0x66  Code  Lc  metro_hif.o [1]
uart_rx_parser_get_payload
                         0x800'a181    0x84  Code  Lc  metro_hif.o [1]
uart_rx_parser_get_secmode
                         0x800'a111    0x18  Code  Lc  metro_hif.o [1]
uart_rx_parser_get_tag   0x800'a205     0x6  Code  Lc  metro_hif.o [1]
uart_rx_parser_search_preamble
                         0x800'a03d    0x56  Code  Lc  metro_hif.o [1]
uart_tx_handler_data    0x2000'6a38     0x8  Data  Lc  metro_hif.o [1]
uart_tx_handler_data_buffer
                        0x2000'5e40   0x200  Data  Lc  metro_hif.o [1]
ucHeap                  0x2000'0078  0x2ee0  Data  Lc  heap_4.o [6]
udp_timer               0x2000'6a50     0x4  Data  Gb  cloud_module.o [1]
ulSetInterruptMaskFromISR
                         0x800'bfa1          Code  Gb  portasm.o [6]
uwTick                  0x2000'6b0c     0x4  Data  Gb  stm32g0xx_hal.o [8]
uwTickFreq              0x2000'0075     0x1  Data  Gb  stm32g0xx_hal.o [8]
uwTickPrio              0x2000'002c     0x4  Data  Gb  stm32g0xx_hal.o [8]
uxCriticalNesting       0x2000'0028     0x4  Data  Lc  port.o [6]
uxCurrentNumberOfTasks  0x2000'6b20     0x4  Data  Lc  tasks.o [6]
uxDeletedTasksWaitingCleanUp
                        0x2000'6b1c     0x4  Data  Lc  tasks.o [6]
uxListRemove             0x800'baaf    0x2a  Code  Gb  list.o [6]
uxSchedulerSuspended    0x2000'6b48     0x4  Data  Lc  tasks.o [6]
uxTaskNumber            0x2000'6b3c     0x4  Data  Lc  tasks.o [6]
uxTopReadyPriority      0x2000'6b28     0x4  Data  Lc  tasks.o [6]
vApplicationGetIdleTaskMemory
                         0x800'bad9    0x18  Code  Wk  cmsis_os2.o [6]
vApplicationGetIdleTaskMemory::Idle_Stack
                        0x2000'5c40   0x200  Data  Lc  cmsis_os2.o [6]
vApplicationGetIdleTaskMemory::Idle_TCB
                        0x2000'63a8    0x5c  Data  Lc  cmsis_os2.o [6]
vApplicationGetTimerTaskMemory
                         0x800'c129    0x18  Code  Wk  cmsis_os2.o [6]
vApplicationGetTimerTaskMemory::Timer_Stack
                        0x2000'5458   0x400  Data  Lc  cmsis_os2.o [6]
vApplicationGetTimerTaskMemory::Timer_TCB
                        0x2000'6404    0x5c  Data  Lc  cmsis_os2.o [6]
vClearInterruptMaskFromISR
                         0x800'bfa9          Code  Gb  portasm.o [6]
vListInitialise          0x800'ba3d    0x1e  Code  Gb  list.o [6]
vListInitialiseItem      0x800'ba5b     0x6  Code  Gb  list.o [6]
vListInsert              0x800'ba79    0x36  Code  Gb  list.o [6]
vListInsertEnd           0x800'ba61    0x18  Code  Gb  list.o [6]
vPortEnterCritical       0x800'93ed    0x14  Code  Gb  port.o [6]
vPortExitCritical        0x800'9401    0x1e  Code  Gb  port.o [6]
vPortFree                0x800'b8f5    0x68  Code  Gb  heap_4.o [6]
vPortSetupTimerInterrupt
                         0x800'943f    0x24  Code  Wk  port.o [6]
vPortStartFirstTask      0x800'bf7f          Code  Gb  portasm.o [6]
vPortYield               0x800'93d9    0x12  Code  Gb  port.o [6]
vQueueAddToRegistry      0x800'9b3b    0x2a  Code  Gb  queue.o [6]
vQueueWaitForMessageRestricted
                         0x800'9b69    0x4c  Code  Gb  queue.o [6]
vSetMSP                  0x800'bf39          Code  Gb  portasm.o [6]
vTaskDelay               0x800'8cad    0x32  Code  Gb  tasks.o [6]
vTaskInternalSetTimeOutState
                         0x800'9099     0xe  Code  Gb  tasks.o [6]
vTaskMissedYield         0x800'911b     0x8  Code  Gb  tasks.o [6]
vTaskPlaceOnEventList    0x800'8fad    0x26  Code  Gb  tasks.o [6]
vTaskPlaceOnEventListRestricted
                         0x800'8fdd    0x32  Code  Gb  tasks.o [6]
vTaskStartScheduler      0x800'8cfd    0x74  Code  Gb  tasks.o [6]
vTaskSuspendAll          0x800'8d71     0xa  Code  Gb  tasks.o [6]
vTaskSwitchContext       0x800'8f49    0x5c  Code  Gb  tasks.o [6]
val                     0x2000'6a24     0xc  Data  Gb  Sensor_module.o [1]
xActiveTimerList1       0x2000'69cc    0x14  Data  Lc  timers.o [6]
xActiveTimerList2       0x2000'69e0    0x14  Data  Lc  timers.o [6]
xBlockAllocatedBit      0x2000'6a80     0x4  Data  Lc  heap_4.o [6]
xDelayedTaskList1       0x2000'6968    0x14  Data  Lc  tasks.o [6]
xDelayedTaskList2       0x2000'697c    0x14  Data  Lc  tasks.o [6]
xFreeBytesRemaining     0x2000'6a70     0x4  Data  Lc  heap_4.o [6]
xHeapStructSize          0x800'cd48     0x4  Data  Lc  heap_4.o [6]
xIdleTaskHandle         0x2000'6b44     0x4  Data  Lc  tasks.o [6]
xMinimumEverFreeBytesRemaining
                        0x2000'6a74     0x4  Data  Lc  heap_4.o [6]
xNextTaskUnblockTime    0x2000'6b40     0x4  Data  Lc  tasks.o [6]
xNumOfOverflows         0x2000'6b38     0x4  Data  Lc  tasks.o [6]
xNumberOfSuccessfulAllocations
                        0x2000'6a78     0x4  Data  Lc  heap_4.o [6]
xNumberOfSuccessfulFrees
                        0x2000'6a7c     0x4  Data  Lc  heap_4.o [6]
xPendedTicks            0x2000'6b30     0x4  Data  Lc  tasks.o [6]
xPendingReadyList       0x2000'6990    0x14  Data  Lc  tasks.o [6]
xPortStartScheduler      0x800'93af    0x2a  Code  Gb  port.o [6]
xPortSysTickHandler      0x800'941f    0x20  Code  Gb  port.o [6]
xQueueGenericCreate      0x800'9581    0x44  Code  Gb  queue.o [6]
xQueueGenericCreateStatic
                         0x800'94fd    0x82  Code  Gb  queue.o [6]
xQueueGenericReset       0x800'9485    0x76  Code  Gb  queue.o [6]
xQueueGenericSend        0x800'95ed   0x14e  Code  Gb  queue.o [6]
xQueueGenericSendFromISR
                         0x800'973d    0xba  Code  Gb  queue.o [6]
xQueueReceive            0x800'97f9   0x130  Code  Gb  queue.o [6]
xQueueReceiveFromISR     0x800'9929    0x9c  Code  Gb  queue.o [6]
xQueueRegistry          0x2000'67f4    0x40  Data  Gb  queue.o [6]
xSchedulerRunning       0x2000'6b2c     0x4  Data  Lc  tasks.o [6]
xStart                  0x2000'6a30     0x8  Data  Lc  heap_4.o [6]
xSuspendedTaskList      0x2000'69b8    0x14  Data  Lc  tasks.o [6]
xTaskCheckForTimeOut     0x800'90ad    0x6e  Code  Gb  tasks.o [6]
xTaskCreate              0x800'8b0d    0x6c  Code  Gb  tasks.o [6]
xTaskCreateStatic        0x800'8a9d    0x70  Code  Gb  tasks.o [6]
xTaskGetSchedulerState   0x800'9231    0x1e  Code  Gb  tasks.o [6]
xTaskGetTickCount        0x800'8e39     0x6  Code  Gb  tasks.o [6]
xTaskIncrementTick       0x800'8e65    0xe2  Code  Gb  tasks.o [6]
xTaskPriorityDisinherit
                         0x800'9271    0x6e  Code  Gb  tasks.o [6]
xTaskRemoveFromEventList
                         0x800'9019    0x6a  Code  Gb  tasks.o [6]
xTaskResumeAll           0x800'8d81    0xb8  Code  Gb  tasks.o [6]
xTasksWaitingTermination
                        0x2000'69a4    0x14  Data  Lc  tasks.o [6]
xTickCount              0x2000'6b24     0x4  Data  Lc  tasks.o [6]
xTimerCreateTimerTask    0x800'baf1    0x56  Code  Gb  timers.o [6]
xTimerGenericCommand     0x800'bb49    0x62  Code  Gb  timers.o [6]
xTimerQueue             0x2000'6b54     0x4  Data  Lc  timers.o [6]
xTimerTaskHandle        0x2000'6b58     0x4  Data  Lc  timers.o [6]
xYieldPending           0x2000'6b34     0x4  Data  Lc  tasks.o [6]


[1] = C:\Users\bernard6\OneDrive - STMicroelectronics\Documents\street_lighting_fw_europe_distributech\ST87_G071_SL_V008b\EWARM\ST87_G071xB_SL\Obj\Apps_139222153124407364.dir
[2] = C:\Users\bernard6\OneDrive - STMicroelectronics\Documents\street_lighting_fw_europe_distributech\ST87_G071_SL_V008b\EWARM\ST87_G071xB_SL\Obj\BSP_16987466797925798938.dir
[3] = C:\Users\bernard6\OneDrive - STMicroelectronics\Documents\street_lighting_fw_europe_distributech\ST87_G071_SL_V008b\EWARM\ST87_G071xB_SL\Obj\CMSIS_6603591812247902717.dir
[4] = C:\Users\bernard6\OneDrive - STMicroelectronics\Documents\street_lighting_fw_europe_distributech\ST87_G071_SL_V008b\EWARM\ST87_G071xB_SL\Obj\Core_13247989168731456611.dir
[5] = C:\Users\bernard6\OneDrive - STMicroelectronics\Documents\street_lighting_fw_europe_distributech\ST87_G071_SL_V008b\EWARM\ST87_G071xB_SL\Obj\EWARM_18443280873093131863.dir
[6] = C:\Users\bernard6\OneDrive - STMicroelectronics\Documents\street_lighting_fw_europe_distributech\ST87_G071_SL_V008b\EWARM\ST87_G071xB_SL\Obj\FreeRTOS_4809373609813369194.dir
[7] = C:\Users\bernard6\OneDrive - STMicroelectronics\Documents\street_lighting_fw_europe_distributech\ST87_G071_SL_V008b\EWARM\ST87_G071xB_SL\Obj\Libs_3913195376021097889.dir
[8] = C:\Users\bernard6\OneDrive - STMicroelectronics\Documents\street_lighting_fw_europe_distributech\ST87_G071_SL_V008b\EWARM\ST87_G071xB_SL\Obj\STM32G0xx_HAL_Driver_14800413719917403617.dir
[9] = C:\Users\bernard6\OneDrive - STMicroelectronics\Documents\street_lighting_fw_europe_distributech\ST87_G071_SL_V008b\EWARM\ST87_G071xB_SL\Obj\m2m_modem_2353766246464904183.dir
[10] = dl6M_tlf.a
[11] = m6M_tl.a
[12] = rt6M_tl.a
[13] = shb_l.a

  50'002 bytes of readonly  code memory
   2'662 bytes of readonly  data memory
  29'568 bytes of readwrite data memory

Errors: none
Warnings: none
